
Allocating common symbols
Common symbol       size              file

x                   0x3               main.o

Memory Configuration

Name             Origin             Length             Attributes
flash            0x08000000         0x00020000         xr
sram             0x20000000         0x00005000         xrw
*default*        0x00000000         0xffffffff

Linker script and memory map


.text           0x08000000      0x190
 *(.vectors*)
 .vectors       0x08000000       0x1c startup.o
                0x08000000                vectors
 *(.text*)
 .text          0x0800001c       0xb4 main.o
                0x0800001c                main
 .text          0x080000d0       0xbc startup.o
                0x080000d0                H_Fault_Handler
                0x080000d0                BUS_Fault
                0x080000d0                MM_Fault_Handler
                0x080000d0                Usage_Fault_Handler
                0x080000d0                Default_Handler
                0x080000d0                NMI_Handler
                0x080000dc                Reset_Handler
 *(.rodata)
 .rodata        0x0800018c        0x4 main.o
                0x0800018c                const_variables
                0x08000190                _E_text = .

.glue_7         0x08000190        0x0
 .glue_7        0x00000000        0x0 linker stubs

.glue_7t        0x08000190        0x0
 .glue_7t       0x00000000        0x0 linker stubs

.vfp11_veneer   0x08000190        0x0
 .vfp11_veneer  0x00000000        0x0 linker stubs

.v4_bx          0x08000190        0x0
 .v4_bx         0x00000000        0x0 linker stubs

.iplt           0x08000190        0x0
 .iplt          0x00000000        0x0 main.o

.rel.dyn        0x08000190        0x0
 .rel.iplt      0x00000000        0x0 main.o

.data           0x20000000        0x4 load address 0x08000190
                0x20000000                _S_data = .
 *(.data)
 .data          0x20000000        0x4 main.o
                0x20000000                g_variables
 .data          0x20000004        0x0 startup.o
                0x20000004                . = ALIGN (0x4)
                0x20000004                _E_data = .

.igot.plt       0x20000004        0x0 load address 0x08000194
 .igot.plt      0x00000000        0x0 main.o

.bss            0x20000004     0x1003 load address 0x08000194
                0x20000004                _S_bss = .
 *(.bss)
 .bss           0x20000004        0x0 main.o
 .bss           0x20000004        0x0 startup.o
                0x20000004                _E_bss = .
                0x20000004                . = ALIGN (0x4)
                0x20001004                . = (. + 0x1000)
 *fill*         0x20000004     0x1000 
                0x20001004                _stack_top = .
 COMMON         0x20001004        0x3 main.o
                0x20001004                x
LOAD main.o
LOAD startup.o
OUTPUT(ahmed_cortexM3.elf elf32-littlearm)

.debug_info     0x00000000      0x268
 .debug_info    0x00000000       0xf2 main.o
 .debug_info    0x000000f2      0x176 startup.o

.debug_abbrev   0x00000000      0x173
 .debug_abbrev  0x00000000       0x9d main.o
 .debug_abbrev  0x0000009d       0xd6 startup.o

.debug_loc      0x00000000       0x9c
 .debug_loc     0x00000000       0x38 main.o
 .debug_loc     0x00000038       0x64 startup.o

.debug_aranges  0x00000000       0x40
 .debug_aranges
                0x00000000       0x20 main.o
 .debug_aranges
                0x00000020       0x20 startup.o

.debug_line     0x00000000      0x149
 .debug_line    0x00000000       0x9b main.o
 .debug_line    0x0000009b       0xae startup.o

.debug_str      0x00000000      0x1ac
 .debug_str     0x00000000      0x12c main.o
                                0x160 (size before relaxing)
 .debug_str     0x0000012c       0x80 startup.o
                                0x1bd (size before relaxing)

.comment        0x00000000       0x11
 .comment       0x00000000       0x11 main.o
                                 0x12 (size before relaxing)
 .comment       0x00000000       0x12 startup.o

.ARM.attributes
                0x00000000       0x33
 .ARM.attributes
                0x00000000       0x33 main.o
 .ARM.attributes
                0x00000033       0x33 startup.o

.debug_frame    0x00000000       0x78
 .debug_frame   0x00000000       0x2c main.o
 .debug_frame   0x0000002c       0x4c startup.o
