Archive member included to satisfy reference by file (symbol)

c:/st/stm32cubeide_1.4.0/stm32cubeide/plugins/com.st.stm32cube.ide.mcu.externaltools.gnu-tools-for-stm32.7-2018-q2-update.win32_1.4.0.202007081208/tools/bin/../lib/gcc/arm-none-eabi/7.3.1/../../../../arm-none-eabi/lib/thumb/v7-m\libc_nano.a(lib_a-errno.o)
                              Src/syscalls.o (__errno)
c:/st/stm32cubeide_1.4.0/stm32cubeide/plugins/com.st.stm32cube.ide.mcu.externaltools.gnu-tools-for-stm32.7-2018-q2-update.win32_1.4.0.202007081208/tools/bin/../lib/gcc/arm-none-eabi/7.3.1/../../../../arm-none-eabi/lib/thumb/v7-m\libc_nano.a(lib_a-exit.o)
                              c:/st/stm32cubeide_1.4.0/stm32cubeide/plugins/com.st.stm32cube.ide.mcu.externaltools.gnu-tools-for-stm32.7-2018-q2-update.win32_1.4.0.202007081208/tools/bin/../lib/gcc/arm-none-eabi/7.3.1/../../../../arm-none-eabi/lib/thumb/v7-m/crt0.o (exit)
c:/st/stm32cubeide_1.4.0/stm32cubeide/plugins/com.st.stm32cube.ide.mcu.externaltools.gnu-tools-for-stm32.7-2018-q2-update.win32_1.4.0.202007081208/tools/bin/../lib/gcc/arm-none-eabi/7.3.1/../../../../arm-none-eabi/lib/thumb/v7-m\libc_nano.a(lib_a-impure.o)
                              c:/st/stm32cubeide_1.4.0/stm32cubeide/plugins/com.st.stm32cube.ide.mcu.externaltools.gnu-tools-for-stm32.7-2018-q2-update.win32_1.4.0.202007081208/tools/bin/../lib/gcc/arm-none-eabi/7.3.1/../../../../arm-none-eabi/lib/thumb/v7-m\libc_nano.a(lib_a-exit.o) (_global_impure_ptr)
c:/st/stm32cubeide_1.4.0/stm32cubeide/plugins/com.st.stm32cube.ide.mcu.externaltools.gnu-tools-for-stm32.7-2018-q2-update.win32_1.4.0.202007081208/tools/bin/../lib/gcc/arm-none-eabi/7.3.1/../../../../arm-none-eabi/lib/thumb/v7-m\libc_nano.a(lib_a-init.o)
                              c:/st/stm32cubeide_1.4.0/stm32cubeide/plugins/com.st.stm32cube.ide.mcu.externaltools.gnu-tools-for-stm32.7-2018-q2-update.win32_1.4.0.202007081208/tools/bin/../lib/gcc/arm-none-eabi/7.3.1/../../../../arm-none-eabi/lib/thumb/v7-m/crt0.o (__libc_init_array)
c:/st/stm32cubeide_1.4.0/stm32cubeide/plugins/com.st.stm32cube.ide.mcu.externaltools.gnu-tools-for-stm32.7-2018-q2-update.win32_1.4.0.202007081208/tools/bin/../lib/gcc/arm-none-eabi/7.3.1/../../../../arm-none-eabi/lib/thumb/v7-m\libc_nano.a(lib_a-memset.o)
                              c:/st/stm32cubeide_1.4.0/stm32cubeide/plugins/com.st.stm32cube.ide.mcu.externaltools.gnu-tools-for-stm32.7-2018-q2-update.win32_1.4.0.202007081208/tools/bin/../lib/gcc/arm-none-eabi/7.3.1/../../../../arm-none-eabi/lib/thumb/v7-m/crt0.o (memset)

Allocating common symbols
Common symbol       size              file

_E_MSP              0x4               Src/main.o
Global_SPI_Config2  0x18              Stm32_F103C6_Drivers/MCAL/SPI/Stm32_F103C6_SPI_Driver.o
_S_PSP_TA           0x4               Src/main.o
_S_PSP_TB           0x4               Src/main.o
Global_SPI_Config1  0x18              Stm32_F103C6_Drivers/MCAL/SPI/Stm32_F103C6_SPI_Driver.o
_E_PSP_TB           0x4               Src/main.o
_E_PSP_TA           0x4               Src/main.o

Discarded input sections

 .text          0x0000000000000000        0x0 c:/st/stm32cubeide_1.4.0/stm32cubeide/plugins/com.st.stm32cube.ide.mcu.externaltools.gnu-tools-for-stm32.7-2018-q2-update.win32_1.4.0.202007081208/tools/bin/../lib/gcc/arm-none-eabi/7.3.1/thumb/v7-m/crti.o
 .data          0x0000000000000000        0x0 c:/st/stm32cubeide_1.4.0/stm32cubeide/plugins/com.st.stm32cube.ide.mcu.externaltools.gnu-tools-for-stm32.7-2018-q2-update.win32_1.4.0.202007081208/tools/bin/../lib/gcc/arm-none-eabi/7.3.1/thumb/v7-m/crti.o
 .bss           0x0000000000000000        0x0 c:/st/stm32cubeide_1.4.0/stm32cubeide/plugins/com.st.stm32cube.ide.mcu.externaltools.gnu-tools-for-stm32.7-2018-q2-update.win32_1.4.0.202007081208/tools/bin/../lib/gcc/arm-none-eabi/7.3.1/thumb/v7-m/crti.o
 .data          0x0000000000000000        0x4 c:/st/stm32cubeide_1.4.0/stm32cubeide/plugins/com.st.stm32cube.ide.mcu.externaltools.gnu-tools-for-stm32.7-2018-q2-update.win32_1.4.0.202007081208/tools/bin/../lib/gcc/arm-none-eabi/7.3.1/thumb/v7-m/crtbegin.o
 .text          0x0000000000000000       0x74 c:/st/stm32cubeide_1.4.0/stm32cubeide/plugins/com.st.stm32cube.ide.mcu.externaltools.gnu-tools-for-stm32.7-2018-q2-update.win32_1.4.0.202007081208/tools/bin/../lib/gcc/arm-none-eabi/7.3.1/../../../../arm-none-eabi/lib/thumb/v7-m/crt0.o
 .data          0x0000000000000000        0x0 c:/st/stm32cubeide_1.4.0/stm32cubeide/plugins/com.st.stm32cube.ide.mcu.externaltools.gnu-tools-for-stm32.7-2018-q2-update.win32_1.4.0.202007081208/tools/bin/../lib/gcc/arm-none-eabi/7.3.1/../../../../arm-none-eabi/lib/thumb/v7-m/crt0.o
 .bss           0x0000000000000000        0x0 c:/st/stm32cubeide_1.4.0/stm32cubeide/plugins/com.st.stm32cube.ide.mcu.externaltools.gnu-tools-for-stm32.7-2018-q2-update.win32_1.4.0.202007081208/tools/bin/../lib/gcc/arm-none-eabi/7.3.1/../../../../arm-none-eabi/lib/thumb/v7-m/crt0.o
[...]
Memory Configuration

Name             Origin             Length             Attributes
RAM              0x0000000020000000 0x0000000000002800 xrw
ROM              0x0000000008000000 0x0000000000008000 xr
*default*        0x0000000000000000 0xffffffffffffffff

Linker script and memory map

LOAD c:/st/stm32cubeide_1.4.0/stm32cubeide/plugins/com.st.stm32cube.ide.mcu.externaltools.gnu-tools-for-stm32.7-2018-q2-update.win32_1.4.0.202007081208/tools/bin/../lib/gcc/arm-none-eabi/7.3.1/thumb/v7-m/crti.o
LOAD c:/st/stm32cubeide_1.4.0/stm32cubeide/plugins/com.st.stm32cube.ide.mcu.externaltools.gnu-tools-for-stm32.7-2018-q2-update.win32_1.4.0.202007081208/tools/bin/../lib/gcc/arm-none-eabi/7.3.1/thumb/v7-m/crtbegin.o
LOAD c:/st/stm32cubeide_1.4.0/stm32cubeide/plugins/com.st.stm32cube.ide.mcu.externaltools.gnu-tools-for-stm32.7-2018-q2-update.win32_1.4.0.202007081208/tools/bin/../lib/gcc/arm-none-eabi/7.3.1/../../../../arm-none-eabi/lib/thumb/v7-m/crt0.o
LOAD Src/main.o
LOAD Src/syscalls.o
LOAD Src/sysmem.o
LOAD Startup/startup_stm32f103c6tx.o
LOAD Stm32_F103C6_Drivers/HAL/EEPROM/I2C_Slave_EEPROM.o
LOAD Stm32_F103C6_Drivers/HAL/KPD_Driver/KPD_program.o
LOAD Stm32_F103C6_Drivers/HAL/LCD_Driver/LCD_program.o
LOAD Stm32_F103C6_Drivers/MCAL/EXTI/Stm32_F103C6_EXTI_Driver.o
LOAD Stm32_F103C6_Drivers/MCAL/GPIO/Stm32_F103C6_GPIO_Driver.o
LOAD Stm32_F103C6_Drivers/MCAL/I2C/Stm32_F103C6_I2C_Driver.o
LOAD Stm32_F103C6_Drivers/MCAL/RCC/Stm32_F103C6_RCC_Driver.o
LOAD Stm32_F103C6_Drivers/MCAL/SPI/Stm32_F103C6_SPI_Driver.o
LOAD Stm32_F103C6_Drivers/MCAL/USART/Stm32_F103C6_USART_Driver.o
START GROUP
LOAD c:/st/stm32cubeide_1.4.0/stm32cubeide/plugins/com.st.stm32cube.ide.mcu.externaltools.gnu-tools-for-stm32.7-2018-q2-update.win32_1.4.0.202007081208/tools/bin/../lib/gcc/arm-none-eabi/7.3.1/../../../../arm-none-eabi/lib/thumb/v7-m\libc_nano.a
LOAD c:/st/stm32cubeide_1.4.0/stm32cubeide/plugins/com.st.stm32cube.ide.mcu.externaltools.gnu-tools-for-stm32.7-2018-q2-update.win32_1.4.0.202007081208/tools/bin/../lib/gcc/arm-none-eabi/7.3.1/../../../../arm-none-eabi/lib/thumb/v7-m\libm.a
END GROUP
START GROUP
LOAD c:/st/stm32cubeide_1.4.0/stm32cubeide/plugins/com.st.stm32cube.ide.mcu.externaltools.gnu-tools-for-stm32.7-2018-q2-update.win32_1.4.0.202007081208/tools/bin/../lib/gcc/arm-none-eabi/7.3.1/thumb/v7-m\libgcc.a
LOAD c:/st/stm32cubeide_1.4.0/stm32cubeide/plugins/com.st.stm32cube.ide.mcu.externaltools.gnu-tools-for-stm32.7-2018-q2-update.win32_1.4.0.202007081208/tools/bin/../lib/gcc/arm-none-eabi/7.3.1/../../../../arm-none-eabi/lib/thumb/v7-m\libg_nano.a
LOAD c:/st/stm32cubeide_1.4.0/stm32cubeide/plugins/com.st.stm32cube.ide.mcu.externaltools.gnu-tools-for-stm32.7-2018-q2-update.win32_1.4.0.202007081208/tools/bin/../lib/gcc/arm-none-eabi/7.3.1/../../../../arm-none-eabi/lib/thumb/v7-m\libc_nano.a
END GROUP
START GROUP
LOAD c:/st/stm32cubeide_1.4.0/stm32cubeide/plugins/com.st.stm32cube.ide.mcu.externaltools.gnu-tools-for-stm32.7-2018-q2-update.win32_1.4.0.202007081208/tools/bin/../lib/gcc/arm-none-eabi/7.3.1/thumb/v7-m\libgcc.a
LOAD c:/st/stm32cubeide_1.4.0/stm32cubeide/plugins/com.st.stm32cube.ide.mcu.externaltools.gnu-tools-for-stm32.7-2018-q2-update.win32_1.4.0.202007081208/tools/bin/../lib/gcc/arm-none-eabi/7.3.1/../../../../arm-none-eabi/lib/thumb/v7-m\libc_nano.a
LOAD c:/st/stm32cubeide_1.4.0/stm32cubeide/plugins/com.st.stm32cube.ide.mcu.externaltools.gnu-tools-for-stm32.7-2018-q2-update.win32_1.4.0.202007081208/tools/bin/../lib/gcc/arm-none-eabi/7.3.1/../../../../arm-none-eabi/lib/thumb/v7-m\libnosys.a
END GROUP
START GROUP
LOAD c:/st/stm32cubeide_1.4.0/stm32cubeide/plugins/com.st.stm32cube.ide.mcu.externaltools.gnu-tools-for-stm32.7-2018-q2-update.win32_1.4.0.202007081208/tools/bin/../lib/gcc/arm-none-eabi/7.3.1/thumb/v7-m\libgcc.a
LOAD c:/st/stm32cubeide_1.4.0/stm32cubeide/plugins/com.st.stm32cube.ide.mcu.externaltools.gnu-tools-for-stm32.7-2018-q2-update.win32_1.4.0.202007081208/tools/bin/../lib/gcc/arm-none-eabi/7.3.1/../../../../arm-none-eabi/lib/thumb/v7-m\libc_nano.a
LOAD c:/st/stm32cubeide_1.4.0/stm32cubeide/plugins/com.st.stm32cube.ide.mcu.externaltools.gnu-tools-for-stm32.7-2018-q2-update.win32_1.4.0.202007081208/tools/bin/../lib/gcc/arm-none-eabi/7.3.1/../../../../arm-none-eabi/lib/thumb/v7-m\libnosys.a
END GROUP
LOAD c:/st/stm32cubeide_1.4.0/stm32cubeide/plugins/com.st.stm32cube.ide.mcu.externaltools.gnu-tools-for-stm32.7-2018-q2-update.win32_1.4.0.202007081208/tools/bin/../lib/gcc/arm-none-eabi/7.3.1/thumb/v7-m/crtend.o
LOAD c:/st/stm32cubeide_1.4.0/stm32cubeide/plugins/com.st.stm32cube.ide.mcu.externaltools.gnu-tools-for-stm32.7-2018-q2-update.win32_1.4.0.202007081208/tools/bin/../lib/gcc/arm-none-eabi/7.3.1/thumb/v7-m/crtn.o
                0x0000000020002800                _estack = (ORIGIN (RAM) + LENGTH (RAM))
                0x0000000000000200                _Min_Heap_Size = 0x200
                0x0000000000000400                _Min_Stack_Size = 0x400

.isr_vector     0x0000000008000000      0x130
                0x0000000008000000                . = ALIGN (0x4)
 *(.isr_vector)
 .isr_vector    0x0000000008000000      0x130 Startup/startup_stm32f103c6tx.o
                0x0000000008000000                g_pfnVectors
                0x0000000008000130                . = ALIGN (0x4)

.text           0x0000000008000130      0x73c
                0x0000000008000130                . = ALIGN (0x4)
 *(.text)
 .text          0x0000000008000130       0x40 c:/st/stm32cubeide_1.4.0/stm32cubeide/plugins/com.st.stm32cube.ide.mcu.externaltools.gnu-tools-for-stm32.7-2018-q2-update.win32_1.4.0.202007081208/tools/bin/../lib/gcc/arm-none-eabi/7.3.1/thumb/v7-m/crtbegin.o
 *(.text*)
 .text.PendSV_Handler
                0x0000000008000170        0xc Src/main.o
                0x0000000008000170                PendSV_Handler
 .text.OS_SVC_Services
                0x000000000800017c       0x88 Src/main.o
                0x000000000800017c                OS_SVC_Services
 .text.SVC_Handler
                0x0000000008000204       0x14 Src/main.o
                0x0000000008000204                SVC_Handler
 .text.OS_SVC_Set
                0x0000000008000218       0x4c Src/main.o
                0x0000000008000218                OS_SVC_Set
 .text.main     0x0000000008000264       0x58 Src/main.o
                0x0000000008000264                main
 .text.Reset_Handler
                0x00000000080002bc       0x50 Startup/startup_stm32f103c6tx.o
                0x00000000080002bc                Reset_Handler
 .text.Default_Handler
                0x000000000800030c        0x2 Startup/startup_stm32f103c6tx.o
                0x000000000800030c                TIM8_TRG_COM_IRQHandler
                0x000000000800030c                TIM8_CC_IRQHandler
                0x000000000800030c                DebugMon_Handler
                0x000000000800030c                TIM1_CC_IRQHandler
                0x000000000800030c                HardFault_Handler
                0x000000000800030c                TIM6_IRQHandler
                0x000000000800030c                SysTick_Handler
                0x000000000800030c                PVD_IRQHandler
                0x000000000800030c                SDIO_IRQHandler
                0x000000000800030c                NMI_Handler
                0x000000000800030c                USB_HP_CAN_TX_IRQHandler
                0x000000000800030c                UsageFault_Handler
                0x000000000800030c                ADC1_2_IRQHandler
                0x000000000800030c                CAN_SCE_IRQHandler
                0x000000000800030c                TAMPER_IRQHandler
                0x000000000800030c                TIM8_UP_IRQHandler
                0x000000000800030c                DMA2_Channel2_IRQHandler
                0x000000000800030c                DMA1_Channel4_IRQHandler
                0x000000000800030c                RTC_IRQHandler
                0x000000000800030c                DMA1_Channel7_IRQHandler
                0x000000000800030c                UART5_IRQHandler
                0x000000000800030c                ADC3_IRQHandler
                0x000000000800030c                TIM4_IRQHandler
                0x000000000800030c                CAN_RX1_IRQHandler
                0x000000000800030c                DMA2_Channel1_IRQHandler
                0x000000000800030c                DMA1_Channel6_IRQHandler
                0x000000000800030c                UART4_IRQHandler
                0x000000000800030c                TIM3_IRQHandler
                0x000000000800030c                RCC_IRQHandler
                0x000000000800030c                TIM1_TRG_COM_IRQHandler
                0x000000000800030c                DMA1_Channel1_IRQHandler
                0x000000000800030c                Default_Handler
                0x000000000800030c                TIM7_IRQHandler
                0x000000000800030c                TIM5_IRQHandler
                0x000000000800030c                USB_LP_CAN_RX0_IRQHandler
                0x000000000800030c                MemManage_Handler
                0x000000000800030c                DMA1_Channel5_IRQHandler
                0x000000000800030c                DMA1_Channel3_IRQHandler
                0x000000000800030c                FSMC_IRQHandler
                0x000000000800030c                TIM1_UP_IRQHandler
                0x000000000800030c                WWDG_IRQHandler
                0x000000000800030c                TIM2_IRQHandler
                0x000000000800030c                TIM1_BRK_IRQHandler
                0x000000000800030c                RTCAlarm_IRQHandler
                0x000000000800030c                DMA2_Channel4_5_IRQHandler
                0x000000000800030c                DMA1_Channel2_IRQHandler
                0x000000000800030c                TIM8_BRK_IRQHandler
                0x000000000800030c                FLASH_IRQHandler
                0x000000000800030c                BusFault_Handler
                0x000000000800030c                SPI3_IRQHandler
                0x000000000800030c                DMA2_Channel3_IRQHandler
 *fill*         0x000000000800030e        0x2 
 .text.EXTI0_IRQHandler
                0x0000000008000310       0x24 Stm32_F103C6_Drivers/MCAL/EXTI/Stm32_F103C6_EXTI_Driver.o
                0x0000000008000310                EXTI0_IRQHandler
 .text.EXTI1_IRQHandler
                0x0000000008000334       0x24 Stm32_F103C6_Drivers/MCAL/EXTI/Stm32_F103C6_EXTI_Driver.o
                0x0000000008000334                EXTI1_IRQHandler
 .text.EXTI2_IRQHandler
                0x0000000008000358       0x24 Stm32_F103C6_Drivers/MCAL/EXTI/Stm32_F103C6_EXTI_Driver.o
                0x0000000008000358                EXTI2_IRQHandler
 .text.EXTI3_IRQHandler
                0x000000000800037c       0x24 Stm32_F103C6_Drivers/MCAL/EXTI/Stm32_F103C6_EXTI_Driver.o
                0x000000000800037c                EXTI3_IRQHandler
 .text.EXTI4_IRQHandler
                0x00000000080003a0       0x24 Stm32_F103C6_Drivers/MCAL/EXTI/Stm32_F103C6_EXTI_Driver.o
                0x00000000080003a0                EXTI4_IRQHandler
 .text.EXTI9_5_IRQHandler
                0x00000000080003c4       0xa8 Stm32_F103C6_Drivers/MCAL/EXTI/Stm32_F103C6_EXTI_Driver.o
                0x00000000080003c4                EXTI9_5_IRQHandler
 .text.EXTI15_10_IRQHandler
                0x000000000800046c       0xc4 Stm32_F103C6_Drivers/MCAL/EXTI/Stm32_F103C6_EXTI_Driver.o
                0x000000000800046c                EXTI15_10_IRQHandler
 .text.Slave_States
                0x0000000008000530       0xe0 Stm32_F103C6_Drivers/MCAL/I2C/Stm32_F103C6_I2C_Driver.o
                0x0000000008000530                Slave_States
 .text.I2C1_EV_IRQHandler
                0x0000000008000610       0xe4 Stm32_F103C6_Drivers/MCAL/I2C/Stm32_F103C6_I2C_Driver.o
                0x0000000008000610                I2C1_EV_IRQHandler
 .text.I2C1_ER_IRQHandler
                0x00000000080006f4        0xc Stm32_F103C6_Drivers/MCAL/I2C/Stm32_F103C6_I2C_Driver.o
                0x00000000080006f4                I2C1_ER_IRQHandler
 .text.I2C2_EV_IRQHandler
                0x0000000008000700        0xc Stm32_F103C6_Drivers/MCAL/I2C/Stm32_F103C6_I2C_Driver.o
                0x0000000008000700                I2C2_EV_IRQHandler
 .text.I2C2_ER_IRQHandler
                0x000000000800070c        0xc Stm32_F103C6_Drivers/MCAL/I2C/Stm32_F103C6_I2C_Driver.o
                0x000000000800070c                I2C2_ER_IRQHandler
 .text.SPI1_IRQHandler
                0x0000000008000718       0x5c Stm32_F103C6_Drivers/MCAL/SPI/Stm32_F103C6_SPI_Driver.o
                0x0000000008000718                SPI1_IRQHandler
 .text.SPI2_IRQHandler
                0x0000000008000774       0x5c Stm32_F103C6_Drivers/MCAL/SPI/Stm32_F103C6_SPI_Driver.o
                0x0000000008000774                SPI2_IRQHandler
 .text.USART1_IRQHandler
                0x00000000080007d0       0x14 Stm32_F103C6_Drivers/MCAL/USART/Stm32_F103C6_USART_Driver.o
                0x00000000080007d0                USART1_IRQHandler
 .text.USART2_IRQHandler
                0x00000000080007e4       0x14 Stm32_F103C6_Drivers/MCAL/USART/Stm32_F103C6_USART_Driver.o
                0x00000000080007e4                USART2_IRQHandler
 .text.USART3_IRQHandler
                0x00000000080007f8       0x14 Stm32_F103C6_Drivers/MCAL/USART/Stm32_F103C6_USART_Driver.o
                0x00000000080007f8                USART3_IRQHandler
 .text.__libc_init_array
                0x000000000800080c       0x48 c:/st/stm32cubeide_1.4.0/stm32cubeide/plugins/com.st.stm32cube.ide.mcu.externaltools.gnu-tools-for-stm32.7-2018-q2-update.win32_1.4.0.202007081208/tools/bin/../lib/gcc/arm-none-eabi/7.3.1/../../../../arm-none-eabi/lib/thumb/v7-m\libc_nano.a(lib_a-init.o)
                0x000000000800080c                __libc_init_array
 *(.glue_7)
 .glue_7        0x0000000008000854        0x0 linker stubs
 *(.glue_7t)
 .glue_7t       0x0000000008000854        0x0 linker stubs
 *(.eh_frame)
 .eh_frame      0x0000000008000854        0x0 c:/st/stm32cubeide_1.4.0/stm32cubeide/plugins/com.st.stm32cube.ide.mcu.externaltools.gnu-tools-for-stm32.7-2018-q2-update.win32_1.4.0.202007081208/tools/bin/../lib/gcc/arm-none-eabi/7.3.1/thumb/v7-m/crtbegin.o
 *(.init)
 .init          0x0000000008000854        0x4 c:/st/stm32cubeide_1.4.0/stm32cubeide/plugins/com.st.stm32cube.ide.mcu.externaltools.gnu-tools-for-stm32.7-2018-q2-update.win32_1.4.0.202007081208/tools/bin/../lib/gcc/arm-none-eabi/7.3.1/thumb/v7-m/crti.o
                0x0000000008000854                _init
 .init          0x0000000008000858        0x8 c:/st/stm32cubeide_1.4.0/stm32cubeide/plugins/com.st.stm32cube.ide.mcu.externaltools.gnu-tools-for-stm32.7-2018-q2-update.win32_1.4.0.202007081208/tools/bin/../lib/gcc/arm-none-eabi/7.3.1/thumb/v7-m/crtn.o
 *(.fini)
 .fini          0x0000000008000860        0x4 c:/st/stm32cubeide_1.4.0/stm32cubeide/plugins/com.st.stm32cube.ide.mcu.externaltools.gnu-tools-for-stm32.7-2018-q2-update.win32_1.4.0.202007081208/tools/bin/../lib/gcc/arm-none-eabi/7.3.1/thumb/v7-m/crti.o
                0x0000000008000860                _fini
 .fini          0x0000000008000864        0x8 c:/st/stm32cubeide_1.4.0/stm32cubeide/plugins/com.st.stm32cube.ide.mcu.externaltools.gnu-tools-for-stm32.7-2018-q2-update.win32_1.4.0.202007081208/tools/bin/../lib/gcc/arm-none-eabi/7.3.1/thumb/v7-m/crtn.o
                0x000000000800086c                . = ALIGN (0x4)
                0x000000000800086c                _etext = .

.vfp11_veneer   0x000000000800086c        0x0
 .vfp11_veneer  0x000000000800086c        0x0 linker stubs

.v4_bx          0x000000000800086c        0x0
 .v4_bx         0x000000000800086c        0x0 linker stubs

.iplt           0x000000000800086c        0x0
 .iplt          0x000000000800086c        0x0 c:/st/stm32cubeide_1.4.0/stm32cubeide/plugins/com.st.stm32cube.ide.mcu.externaltools.gnu-tools-for-stm32.7-2018-q2-update.win32_1.4.0.202007081208/tools/bin/../lib/gcc/arm-none-eabi/7.3.1/thumb/v7-m/crtbegin.o

.rel.dyn        0x000000000800086c        0x0
 .rel.iplt      0x000000000800086c        0x0 c:/st/stm32cubeide_1.4.0/stm32cubeide/plugins/com.st.stm32cube.ide.mcu.externaltools.gnu-tools-for-stm32.7-2018-q2-update.win32_1.4.0.202007081208/tools/bin/../lib/gcc/arm-none-eabi/7.3.1/thumb/v7-m/crtbegin.o

.rodata         0x000000000800086c        0x0
                0x000000000800086c                . = ALIGN (0x4)
 *(.rodata)
 *(.rodata*)
                0x000000000800086c                . = ALIGN (0x4)

.ARM.extab      0x000000000800086c        0x0
                0x000000000800086c                . = ALIGN (0x4)
 *(.ARM.extab* .gnu.linkonce.armextab.*)
                0x000000000800086c                . = ALIGN (0x4)

.ARM            0x000000000800086c        0x0
                0x000000000800086c                . = ALIGN (0x4)
                0x000000000800086c                __exidx_start = .
 *(.ARM.exidx*)
                0x000000000800086c                __exidx_end = .
                0x000000000800086c                . = ALIGN (0x4)

.preinit_array  0x000000000800086c        0x0
                0x000000000800086c                . = ALIGN (0x4)
                0x000000000800086c                PROVIDE (__preinit_array_start = .)
 *(.preinit_array*)
                0x000000000800086c                PROVIDE (__preinit_array_end = .)
                0x000000000800086c                . = ALIGN (0x4)

.init_array     0x000000000800086c        0x4
                0x000000000800086c                . = ALIGN (0x4)
                0x000000000800086c                PROVIDE (__init_array_start = .)
 *(SORT_BY_NAME(.init_array.*))
 *(.init_array*)
 .init_array    0x000000000800086c        0x4 c:/st/stm32cubeide_1.4.0/stm32cubeide/plugins/com.st.stm32cube.ide.mcu.externaltools.gnu-tools-for-stm32.7-2018-q2-update.win32_1.4.0.202007081208/tools/bin/../lib/gcc/arm-none-eabi/7.3.1/thumb/v7-m/crtbegin.o
                0x0000000008000870                PROVIDE (__init_array_end = .)
                0x0000000008000870                . = ALIGN (0x4)

.fini_array     0x0000000008000870        0x4
                0x0000000008000870                . = ALIGN (0x4)
                [!provide]                        PROVIDE (__fini_array_start = .)
 *(SORT_BY_NAME(.fini_array.*))
 *(.fini_array*)
 .fini_array    0x0000000008000870        0x4 c:/st/stm32cubeide_1.4.0/stm32cubeide/plugins/com.st.stm32cube.ide.mcu.externaltools.gnu-tools-for-stm32.7-2018-q2-update.win32_1.4.0.202007081208/tools/bin/../lib/gcc/arm-none-eabi/7.3.1/thumb/v7-m/crtbegin.o
                [!provide]                        PROVIDE (__fini_array_end = .)
                0x0000000008000874                . = ALIGN (0x4)
                0x0000000008000874                _sidata = LOADADDR (.data)

.data           0x0000000020000000        0x0 load address 0x0000000008000874
                0x0000000020000000                . = ALIGN (0x4)
                0x0000000020000000                _sdata = .
 *(.data)
 *(.data*)
                0x0000000020000000                . = ALIGN (0x4)
                0x0000000020000000                _edata = .

.igot.plt       0x0000000020000000        0x0 load address 0x0000000008000874
 .igot.plt      0x0000000020000000        0x0 c:/st/stm32cubeide_1.4.0/stm32cubeide/plugins/com.st.stm32cube.ide.mcu.externaltools.gnu-tools-for-stm32.7-2018-q2-update.win32_1.4.0.202007081208/tools/bin/../lib/gcc/arm-none-eabi/7.3.1/thumb/v7-m/crtbegin.o
                0x0000000020000000                . = ALIGN (0x4)

.bss            0x0000000020000000       0xb0 load address 0x0000000008000874
                0x0000000020000000                _sbss = .
                0x0000000020000000                __bss_start__ = _sbss
 *(.bss)
 .bss           0x0000000020000000       0x1c c:/st/stm32cubeide_1.4.0/stm32cubeide/plugins/com.st.stm32cube.ide.mcu.externaltools.gnu-tools-for-stm32.7-2018-q2-update.win32_1.4.0.202007081208/tools/bin/../lib/gcc/arm-none-eabi/7.3.1/thumb/v7-m/crtbegin.o
 *(.bss*)
 .bss.IRQ_Flag  0x000000002000001c        0x4 Src/main.o
                0x000000002000001c                IRQ_Flag
 .bss.GP_IRQ_CallBack
                0x0000000020000020       0x3c Stm32_F103C6_Drivers/MCAL/EXTI/Stm32_F103C6_EXTI_Driver.o
 .bss.Global_I2C_Config
                0x000000002000005c       0x48 Stm32_F103C6_Drivers/MCAL/I2C/Stm32_F103C6_I2C_Driver.o
                0x000000002000005c                Global_I2C_Config
 .bss.Global_SPI_Config
                0x00000000200000a4        0x8 Stm32_F103C6_Drivers/MCAL/SPI/Stm32_F103C6_SPI_Driver.o
                0x00000000200000a4                Global_SPI_Config
 .bss.Global_UART_Config
                0x00000000200000ac        0x4 Stm32_F103C6_Drivers/MCAL/USART/Stm32_F103C6_USART_Driver.o
                0x00000000200000ac                Global_UART_Config
 *(COMMON)
                0x00000000200000b0                . = ALIGN (0x4)
                0x00000000200000b0                _ebss = .
                0x00000000200000b0                __bss_end__ = _ebss

._user_heap_stack
                0x00000000200000b0      0x600 load address 0x0000000008000874
                0x00000000200000b0                . = ALIGN (0x8)
                [!provide]                        PROVIDE (end = .)
                0x00000000200000b0                PROVIDE (_end = .)
                0x00000000200002b0                . = (. + _Min_Heap_Size)
 *fill*         0x00000000200000b0      0x200 
                0x00000000200006b0                . = (. + _Min_Stack_Size)
 *fill*         0x00000000200002b0      0x400 
                0x00000000200006b0                . = ALIGN (0x8)

/DISCARD/
 libc.a(*)
 libm.a(*)
 libgcc.a(*)

.ARM.attributes
                0x0000000000000000       0x29
 *(.ARM.attributes)
 .ARM.attributes
                0x0000000000000000       0x1d c:/st/stm32cubeide_1.4.0/stm32cubeide/plugins/com.st.stm32cube.ide.mcu.externaltools.gnu-tools-for-stm32.7-2018-q2-update.win32_1.4.0.202007081208/tools/bin/../lib/gcc/arm-none-eabi/7.3.1/thumb/v7-m/crti.o
 .ARM.attributes
                0x000000000000001d       0x2d c:/st/stm32cubeide_1.4.0/stm32cubeide/plugins/com.st.stm32cube.ide.mcu.externaltools.gnu-tools-for-stm32.7-2018-q2-update.win32_1.4.0.202007081208/tools/bin/../lib/gcc/arm-none-eabi/7.3.1/thumb/v7-m/crtbegin.o
 .ARM.attributes
                0x000000000000004a       0x33 Src/main.o
 .ARM.attributes
                0x000000000000007d       0x21 Startup/startup_stm32f103c6tx.o
 .ARM.attributes
                0x000000000000009e       0x33 Stm32_F103C6_Drivers/MCAL/EXTI/Stm32_F103C6_EXTI_Driver.o
 .ARM.attributes
                0x00000000000000d1       0x33 Stm32_F103C6_Drivers/MCAL/I2C/Stm32_F103C6_I2C_Driver.o
 .ARM.attributes
                0x0000000000000104       0x33 Stm32_F103C6_Drivers/MCAL/SPI/Stm32_F103C6_SPI_Driver.o
 .ARM.attributes
                0x0000000000000137       0x33 Stm32_F103C6_Drivers/MCAL/USART/Stm32_F103C6_USART_Driver.o
 .ARM.attributes
                0x000000000000016a       0x2d c:/st/stm32cubeide_1.4.0/stm32cubeide/plugins/com.st.stm32cube.ide.mcu.externaltools.gnu-tools-for-stm32.7-2018-q2-update.win32_1.4.0.202007081208/tools/bin/../lib/gcc/arm-none-eabi/7.3.1/../../../../arm-none-eabi/lib/thumb/v7-m\libc_nano.a(lib_a-init.o)
 .ARM.attributes
                0x0000000000000197       0x1d c:/st/stm32cubeide_1.4.0/stm32cubeide/plugins/com.st.stm32cube.ide.mcu.externaltools.gnu-tools-for-stm32.7-2018-q2-update.win32_1.4.0.202007081208/tools/bin/../lib/gcc/arm-none-eabi/7.3.1/thumb/v7-m/crtn.o
OUTPUT(Drivers.axf elf32-littlearm)

.debug_info     0x0000000000000000     0x4cf4
 .debug_info    0x0000000000000000      0xf4b Src/main.o
 .debug_info    0x0000000000000f4b       0x22 Startup/startup_stm32f103c6tx.o
 .debug_info    0x0000000000000f6d      0xdbc Stm32_F103C6_Drivers/MCAL/EXTI/Stm32_F103C6_EXTI_Driver.o
 .debug_info    0x0000000000001d29     0x12a5 Stm32_F103C6_Drivers/MCAL/I2C/Stm32_F103C6_I2C_Driver.o
 .debug_info    0x0000000000002fce      0xf2d Stm32_F103C6_Drivers/MCAL/SPI/Stm32_F103C6_SPI_Driver.o
 .debug_info    0x0000000000003efb      0xdf9 Stm32_F103C6_Drivers/MCAL/USART/Stm32_F103C6_USART_Driver.o

.debug_abbrev   0x0000000000000000      0xb97
 .debug_abbrev  0x0000000000000000      0x28e Src/main.o
 .debug_abbrev  0x000000000000028e       0x12 Startup/startup_stm32f103c6tx.o
 .debug_abbrev  0x00000000000002a0      0x1fb Stm32_F103C6_Drivers/MCAL/EXTI/Stm32_F103C6_EXTI_Driver.o
 .debug_abbrev  0x000000000000049b      0x294 Stm32_F103C6_Drivers/MCAL/I2C/Stm32_F103C6_I2C_Driver.o
 .debug_abbrev  0x000000000000072f      0x254 Stm32_F103C6_Drivers/MCAL/SPI/Stm32_F103C6_SPI_Driver.o
 .debug_abbrev  0x0000000000000983      0x214 Stm32_F103C6_Drivers/MCAL/USART/Stm32_F103C6_USART_Driver.o

.debug_loc      0x0000000000000000     0x113c
 .debug_loc     0x0000000000000000      0x34c Src/main.o
 .debug_loc     0x000000000000034c      0x320 Stm32_F103C6_Drivers/MCAL/EXTI/Stm32_F103C6_EXTI_Driver.o
 .debug_loc     0x000000000000066c      0x580 Stm32_F103C6_Drivers/MCAL/I2C/Stm32_F103C6_I2C_Driver.o
 .debug_loc     0x0000000000000bec      0x2bc Stm32_F103C6_Drivers/MCAL/SPI/Stm32_F103C6_SPI_Driver.o
 .debug_loc     0x0000000000000ea8      0x294 Stm32_F103C6_Drivers/MCAL/USART/Stm32_F103C6_USART_Driver.o

.debug_aranges  0x0000000000000000      0x278
 .debug_aranges
                0x0000000000000000       0x78 Src/main.o
 .debug_aranges
                0x0000000000000078       0x28 Startup/startup_stm32f103c6tx.o
 .debug_aranges
                0x00000000000000a0       0x80 Stm32_F103C6_Drivers/MCAL/EXTI/Stm32_F103C6_EXTI_Driver.o
 .debug_aranges
                0x0000000000000120       0xa0 Stm32_F103C6_Drivers/MCAL/I2C/Stm32_F103C6_I2C_Driver.o
 .debug_aranges
                0x00000000000001c0       0x58 Stm32_F103C6_Drivers/MCAL/SPI/Stm32_F103C6_SPI_Driver.o
 .debug_aranges
                0x0000000000000218       0x60 Stm32_F103C6_Drivers/MCAL/USART/Stm32_F103C6_USART_Driver.o

.debug_ranges   0x0000000000000000      0x220
 .debug_ranges  0x0000000000000000       0x68 Src/main.o
 .debug_ranges  0x0000000000000068       0x20 Startup/startup_stm32f103c6tx.o
 .debug_ranges  0x0000000000000088       0x70 Stm32_F103C6_Drivers/MCAL/EXTI/Stm32_F103C6_EXTI_Driver.o
 .debug_ranges  0x00000000000000f8       0x90 Stm32_F103C6_Drivers/MCAL/I2C/Stm32_F103C6_I2C_Driver.o
 .debug_ranges  0x0000000000000188       0x48 Stm32_F103C6_Drivers/MCAL/SPI/Stm32_F103C6_SPI_Driver.o
 .debug_ranges  0x00000000000001d0       0x50 Stm32_F103C6_Drivers/MCAL/USART/Stm32_F103C6_USART_Driver.o

.debug_macro    0x0000000000000000     0x3b1c
 .debug_macro   0x0000000000000000      0x1c3 Src/main.o
 .debug_macro   0x00000000000001c3      0xa60 Src/main.o
 .debug_macro   0x0000000000000c23       0x18 Src/main.o
 .debug_macro   0x0000000000000c3b       0x22 Src/main.o
 .debug_macro   0x0000000000000c5d       0x40 Src/main.o
 .debug_macro   0x0000000000000c9d       0x94 Src/main.o
 .debug_macro   0x0000000000000d31       0x3c Src/main.o
 .debug_macro   0x0000000000000d6d       0x34 Src/main.o
 .debug_macro   0x0000000000000da1       0x16 Src/main.o
 .debug_macro   0x0000000000000db7      0x10e Src/main.o
 .debug_macro   0x0000000000000ec5       0x8d Src/main.o
 .debug_macro   0x0000000000000f52       0x57 Src/main.o
 .debug_macro   0x0000000000000fa9       0x52 Src/main.o
 .debug_macro   0x0000000000000ffb       0x1f Src/main.o
 .debug_macro   0x000000000000101a       0x43 Src/main.o
 .debug_macro   0x000000000000105d       0x20 Src/main.o
 .debug_macro   0x000000000000107d      0x1a3 Src/main.o
 .debug_macro   0x0000000000001220      0x330 Src/main.o
 .debug_macro   0x0000000000001550       0x16 Src/main.o
 .debug_macro   0x0000000000001566       0x29 Src/main.o
 .debug_macro   0x000000000000158f       0xef Src/main.o
 .debug_macro   0x000000000000167e       0x6a Src/main.o
 .debug_macro   0x00000000000016e8      0x1df Src/main.o
 .debug_macro   0x00000000000018c7      0x6b8 Src/main.o
 .debug_macro   0x0000000000001f7f       0xd0 Src/main.o
 .debug_macro   0x000000000000204f      0x229 Src/main.o
 .debug_macro   0x0000000000002278       0x28 Src/main.o
 .debug_macro   0x00000000000022a0       0x1c Src/main.o
 .debug_macro   0x00000000000022bc       0x22 Src/main.o
 .debug_macro   0x00000000000022de       0xdf Src/main.o
 .debug_macro   0x00000000000023bd      0xe3c Src/main.o
 .debug_macro   0x00000000000031f9      0x14e Stm32_F103C6_Drivers/MCAL/EXTI/Stm32_F103C6_EXTI_Driver.o
 .debug_macro   0x0000000000003347      0x223 Stm32_F103C6_Drivers/MCAL/EXTI/Stm32_F103C6_EXTI_Driver.o
 .debug_macro   0x000000000000356a      0x15d Stm32_F103C6_Drivers/MCAL/I2C/Stm32_F103C6_I2C_Driver.o
 .debug_macro   0x00000000000036c7      0x160 Stm32_F103C6_Drivers/MCAL/SPI/Stm32_F103C6_SPI_Driver.o
 .debug_macro   0x0000000000003827       0xc2 Stm32_F103C6_Drivers/MCAL/SPI/Stm32_F103C6_SPI_Driver.o
 .debug_macro   0x00000000000038e9      0x151 Stm32_F103C6_Drivers/MCAL/USART/Stm32_F103C6_USART_Driver.o
 .debug_macro   0x0000000000003a3a       0xe2 Stm32_F103C6_Drivers/MCAL/USART/Stm32_F103C6_USART_Driver.o

.debug_line     0x0000000000000000     0x2875
 .debug_line    0x0000000000000000      0x7d5 Src/main.o
 .debug_line    0x00000000000007d5       0x84 Startup/startup_stm32f103c6tx.o
 .debug_line    0x0000000000000859      0x7a1 Stm32_F103C6_Drivers/MCAL/EXTI/Stm32_F103C6_EXTI_Driver.o
 .debug_line    0x0000000000000ffa      0x93d Stm32_F103C6_Drivers/MCAL/I2C/Stm32_F103C6_I2C_Driver.o
 .debug_line    0x0000000000001937      0x786 Stm32_F103C6_Drivers/MCAL/SPI/Stm32_F103C6_SPI_Driver.o
 .debug_line    0x00000000000020bd      0x7b8 Stm32_F103C6_Drivers/MCAL/USART/Stm32_F103C6_USART_Driver.o

.debug_str      0x0000000000000000    0x11c2f
 .debug_str     0x0000000000000000    0x1023f Src/main.o
                                      0x104c0 (size before relaxing)
 .debug_str     0x000000000001023f       0x31 Startup/startup_stm32f103c6tx.o
                                         0x6b (size before relaxing)
 .debug_str     0x0000000000010270      0x2e5 Stm32_F103C6_Drivers/MCAL/EXTI/Stm32_F103C6_EXTI_Driver.o
                                       0xab45 (size before relaxing)
 .debug_str     0x0000000000010555      0x6b3 Stm32_F103C6_Drivers/MCAL/I2C/Stm32_F103C6_I2C_Driver.o
                                       0x9d5b (size before relaxing)
 .debug_str     0x0000000000010c08      0x878 Stm32_F103C6_Drivers/MCAL/SPI/Stm32_F103C6_SPI_Driver.o
                                       0x9ee9 (size before relaxing)
 .debug_str     0x0000000000011480      0x7af Stm32_F103C6_Drivers/MCAL/USART/Stm32_F103C6_USART_Driver.o
                                       0x9e97 (size before relaxing)

.comment        0x0000000000000000       0x7b
 .comment       0x0000000000000000       0x7b Src/main.o
                                         0x7c (size before relaxing)
 .comment       0x000000000000007b       0x7c Stm32_F103C6_Drivers/MCAL/EXTI/Stm32_F103C6_EXTI_Driver.o
 .comment       0x000000000000007b       0x7c Stm32_F103C6_Drivers/MCAL/I2C/Stm32_F103C6_I2C_Driver.o
 .comment       0x000000000000007b       0x7c Stm32_F103C6_Drivers/MCAL/SPI/Stm32_F103C6_SPI_Driver.o
 .comment       0x000000000000007b       0x7c Stm32_F103C6_Drivers/MCAL/USART/Stm32_F103C6_USART_Driver.o

.debug_frame    0x0000000000000000      0x8a0
 .debug_frame   0x0000000000000000      0x1a8 Src/main.o
 .debug_frame   0x00000000000001a8      0x1b0 Stm32_F103C6_Drivers/MCAL/EXTI/Stm32_F103C6_EXTI_Driver.o
 .debug_frame   0x0000000000000358      0x288 Stm32_F103C6_Drivers/MCAL/I2C/Stm32_F103C6_I2C_Driver.o
 .debug_frame   0x00000000000005e0      0x148 Stm32_F103C6_Drivers/MCAL/SPI/Stm32_F103C6_SPI_Driver.o
 .debug_frame   0x0000000000000728      0x14c Stm32_F103C6_Drivers/MCAL/USART/Stm32_F103C6_USART_Driver.o
 .debug_frame   0x0000000000000874       0x2c c:/st/stm32cubeide_1.4.0/stm32cubeide/plugins/com.st.stm32cube.ide.mcu.externaltools.gnu-tools-for-stm32.7-2018-q2-update.win32_1.4.0.202007081208/tools/bin/../lib/gcc/arm-none-eabi/7.3.1/../../../../arm-none-eabi/lib/thumb/v7-m\libc_nano.a(lib_a-init.o)
