Scheduler.c:39:28:PendSV_Handler	0	static,ignoring_inline_asm
Scheduler.c:102:6:MYRTOS_IdleTask	4	static,ignoring_inline_asm
Scheduler.c:118:6:MYRTOS_Create_MainStack	4	static
Scheduler.c:132:16:MYRTOS_Init	16	static
Scheduler.c:165:6:MYRTOS_Create_Task_Stack	24	static
Scheduler.c:202:16:MYRTOS_CreateTask	24	static
Scheduler.c:242:6:bubbleSort	24	static
Scheduler.c:261:6:MYRTOS_Update_Schadule_Tables	24	static
Scheduler.c:317:6:Decide_WhatNext	8	static
Scheduler.c:342:6:OS_SVC	24	static
Scheduler.c:381:6:MYRTOS_OS_SVC_Set	16	static,ignoring_inline_asm
Scheduler.c:401:6:MYRTOS_ActivateTask	16	static
Scheduler.c:406:6:MYRTOS_TerminateTask	16	static
Scheduler.c:414:6:MYRTOS_TaskWait	16	static
Scheduler.c:426:6:MYRTOS_StartOS	8	static,ignoring_inline_asm
Scheduler.c:448:6:MYRTOS_Update_TaskWaiting_Time	16	static
Scheduler.c:467:16:MYRTOS_AquireMutex	16	static
Scheduler.c:490:6:MYRTOS_ReleaseMutex	16	static
