Archive member included to satisfy reference by file (symbol)

c:/st/stm32cubeide_1.4.0/stm32cubeide/plugins/com.st.stm32cube.ide.mcu.externaltools.gnu-tools-for-stm32.7-2018-q2-update.win32_1.4.0.202007081208/tools/bin/../lib/gcc/arm-none-eabi/7.3.1/../../../../arm-none-eabi/lib/thumb/v7-m\libc_nano.a(lib_a-errno.o)
                              Src/syscalls.o (__errno)
c:/st/stm32cubeide_1.4.0/stm32cubeide/plugins/com.st.stm32cube.ide.mcu.externaltools.gnu-tools-for-stm32.7-2018-q2-update.win32_1.4.0.202007081208/tools/bin/../lib/gcc/arm-none-eabi/7.3.1/../../../../arm-none-eabi/lib/thumb/v7-m\libc_nano.a(lib_a-exit.o)
                              c:/st/stm32cubeide_1.4.0/stm32cubeide/plugins/com.st.stm32cube.ide.mcu.externaltools.gnu-tools-for-stm32.7-2018-q2-update.win32_1.4.0.202007081208/tools/bin/../lib/gcc/arm-none-eabi/7.3.1/../../../../arm-none-eabi/lib/thumb/v7-m/crt0.o (exit)
c:/st/stm32cubeide_1.4.0/stm32cubeide/plugins/com.st.stm32cube.ide.mcu.externaltools.gnu-tools-for-stm32.7-2018-q2-update.win32_1.4.0.202007081208/tools/bin/../lib/gcc/arm-none-eabi/7.3.1/../../../../arm-none-eabi/lib/thumb/v7-m\libc_nano.a(lib_a-impure.o)
                              c:/st/stm32cubeide_1.4.0/stm32cubeide/plugins/com.st.stm32cube.ide.mcu.externaltools.gnu-tools-for-stm32.7-2018-q2-update.win32_1.4.0.202007081208/tools/bin/../lib/gcc/arm-none-eabi/7.3.1/../../../../arm-none-eabi/lib/thumb/v7-m\libc_nano.a(lib_a-exit.o) (_global_impure_ptr)
c:/st/stm32cubeide_1.4.0/stm32cubeide/plugins/com.st.stm32cube.ide.mcu.externaltools.gnu-tools-for-stm32.7-2018-q2-update.win32_1.4.0.202007081208/tools/bin/../lib/gcc/arm-none-eabi/7.3.1/../../../../arm-none-eabi/lib/thumb/v7-m\libc_nano.a(lib_a-init.o)
                              c:/st/stm32cubeide_1.4.0/stm32cubeide/plugins/com.st.stm32cube.ide.mcu.externaltools.gnu-tools-for-stm32.7-2018-q2-update.win32_1.4.0.202007081208/tools/bin/../lib/gcc/arm-none-eabi/7.3.1/../../../../arm-none-eabi/lib/thumb/v7-m/crt0.o (__libc_init_array)
c:/st/stm32cubeide_1.4.0/stm32cubeide/plugins/com.st.stm32cube.ide.mcu.externaltools.gnu-tools-for-stm32.7-2018-q2-update.win32_1.4.0.202007081208/tools/bin/../lib/gcc/arm-none-eabi/7.3.1/../../../../arm-none-eabi/lib/thumb/v7-m\libc_nano.a(lib_a-memset.o)
                              c:/st/stm32cubeide_1.4.0/stm32cubeide/plugins/com.st.stm32cube.ide.mcu.externaltools.gnu-tools-for-stm32.7-2018-q2-update.win32_1.4.0.202007081208/tools/bin/../lib/gcc/arm-none-eabi/7.3.1/../../../../arm-none-eabi/lib/thumb/v7-m/crt0.o (memset)

Allocating common symbols
Common symbol       size              file

_E_MSP              0x4               Src/main.o
Global_SPI_Config2  0x18              Stm32_F103C6_Drivers/MCAL/SPI/Stm32_F103C6_SPI_Driver.o
_S_PSP_TA           0x4               Src/main.o
_S_PSP_TB           0x4               Src/main.o
Global_SPI_Config1  0x18              Stm32_F103C6_Drivers/MCAL/SPI/Stm32_F103C6_SPI_Driver.o
_E_PSP_TB           0x4               Src/main.o
_E_PSP_TA           0x4               Src/main.o

Discarded input sections

 .text          0x0000000000000000        0x0 c:/st/stm32cubeide_1.4.0/stm32cubeide/plugins/com.st.stm32cube.ide.mcu.externaltools.gnu-tools-for-stm32.7-2018-q2-update.win32_1.4.0.202007081208/tools/bin/../lib/gcc/arm-none-eabi/7.3.1/thumb/v7-m/crti.o
 .data          0x0000000000000000        0x0 c:/st/stm32cubeide_1.4.0/stm32cubeide/plugins/com.st.stm32cube.ide.mcu.externaltools.gnu-tools-for-stm32.7-2018-q2-update.win32_1.4.0.202007081208/tools/bin/../lib/gcc/arm-none-eabi/7.3.1/thumb/v7-m/crti.o
 .bss           0x0000000000000000        0x0 c:/st/stm32cubeide_1.4.0/stm32cubeide/plugins/com.st.stm32cube.ide.mcu.externaltools.gnu-tools-for-stm32.7-2018-q2-update.win32_1.4.0.202007081208/tools/bin/../lib/gcc/arm-none-eabi/7.3.1/thumb/v7-m/crti.o
 .data          0x0000000000000000        0x4 c:/st/stm32cubeide_1.4.0/stm32cubeide/plugins/com.st.stm32cube.ide.mcu.externaltools.gnu-tools-for-stm32.7-2018-q2-update.win32_1.4.0.202007081208/tools/bin/../lib/gcc/arm-none-eabi/7.3.1/thumb/v7-m/crtbegin.o
 .text          0x0000000000000000       0x74 c:/st/stm32cubeide_1.4.0/stm32cubeide/plugins/com.st.stm32cube.ide.mcu.externaltools.gnu-tools-for-stm32.7-2018-q2-update.win32_1.4.0.202007081208/tools/bin/../lib/gcc/arm-none-eabi/7.3.1/../../../../arm-none-eabi/lib/thumb/v7-m/crt0.o
 .data          0x0000000000000000        0x0 c:/st/stm32cubeide_1.4.0/stm32cubeide/plugins/com.st.stm32cube.ide.mcu.externaltools.gnu-tools-for-stm32.7-2018-q2-update.win32_1.4.0.202007081208/tools/bin/../lib/gcc/arm-none-eabi/7.3.1/../../../../arm-none-eabi/lib/thumb/v7-m/crt0.o
 .bss           0x0000000000000000        0x0 c:/st/stm32cubeide_1.4.0/stm32cubeide/plugins/com.st.stm32cube.ide.mcu.externaltools.gnu-tools-for-stm32.7-2018-q2-update.win32_1.4.0.202007081208/tools/bin/../lib/gcc/arm-none-eabi/7.3.1/../../../../arm-none-eabi/lib/thumb/v7-m/crt0.o
[...]
Memory Configuration

Name             Origin             Length             Attributes
RAM              0x0000000020000000 0x0000000000002800 xrw
ROM              0x0000000008000000 0x0000000000008000 xr
*default*        0x0000000000000000 0xffffffffffffffff

Linker script and memory map

LOAD c:/st/stm32cubeide_1.4.0/stm32cubeide/plugins/com.st.stm32cube.ide.mcu.externaltools.gnu-tools-for-stm32.7-2018-q2-update.win32_1.4.0.202007081208/tools/bin/../lib/gcc/arm-none-eabi/7.3.1/thumb/v7-m/crti.o
LOAD c:/st/stm32cubeide_1.4.0/stm32cubeide/plugins/com.st.stm32cube.ide.mcu.externaltools.gnu-tools-for-stm32.7-2018-q2-update.win32_1.4.0.202007081208/tools/bin/../lib/gcc/arm-none-eabi/7.3.1/thumb/v7-m/crtbegin.o
LOAD c:/st/stm32cubeide_1.4.0/stm32cubeide/plugins/com.st.stm32cube.ide.mcu.externaltools.gnu-tools-for-stm32.7-2018-q2-update.win32_1.4.0.202007081208/tools/bin/../lib/gcc/arm-none-eabi/7.3.1/../../../../arm-none-eabi/lib/thumb/v7-m/crt0.o
LOAD Src/main.o
LOAD Src/syscalls.o
LOAD Src/sysmem.o
LOAD Startup/startup_stm32f103c6tx.o
LOAD Stm32_F103C6_Drivers/HAL/EEPROM/I2C_Slave_EEPROM.o
LOAD Stm32_F103C6_Drivers/HAL/KPD_Driver/KPD_program.o
LOAD Stm32_F103C6_Drivers/HAL/LCD_Driver/LCD_program.o
LOAD Stm32_F103C6_Drivers/MCAL/EXTI/Stm32_F103C6_EXTI_Driver.o
LOAD Stm32_F103C6_Drivers/MCAL/GPIO/Stm32_F103C6_GPIO_Driver.o
LOAD Stm32_F103C6_Drivers/MCAL/I2C/Stm32_F103C6_I2C_Driver.o
LOAD Stm32_F103C6_Drivers/MCAL/RCC/Stm32_F103C6_RCC_Driver.o
LOAD Stm32_F103C6_Drivers/MCAL/SPI/Stm32_F103C6_SPI_Driver.o
LOAD Stm32_F103C6_Drivers/MCAL/USART/Stm32_F103C6_USART_Driver.o
START GROUP
LOAD c:/st/stm32cubeide_1.4.0/stm32cubeide/plugins/com.st.stm32cube.ide.mcu.externaltools.gnu-tools-for-stm32.7-2018-q2-update.win32_1.4.0.202007081208/tools/bin/../lib/gcc/arm-none-eabi/7.3.1/../../../../arm-none-eabi/lib/thumb/v7-m\libc_nano.a
LOAD c:/st/stm32cubeide_1.4.0/stm32cubeide/plugins/com.st.stm32cube.ide.mcu.externaltools.gnu-tools-for-stm32.7-2018-q2-update.win32_1.4.0.202007081208/tools/bin/../lib/gcc/arm-none-eabi/7.3.1/../../../../arm-none-eabi/lib/thumb/v7-m\libm.a
END GROUP
START GROUP
LOAD c:/st/stm32cubeide_1.4.0/stm32cubeide/plugins/com.st.stm32cube.ide.mcu.externaltools.gnu-tools-for-stm32.7-2018-q2-update.win32_1.4.0.202007081208/tools/bin/../lib/gcc/arm-none-eabi/7.3.1/thumb/v7-m\libgcc.a
LOAD c:/st/stm32cubeide_1.4.0/stm32cubeide/plugins/com.st.stm32cube.ide.mcu.externaltools.gnu-tools-for-stm32.7-2018-q2-update.win32_1.4.0.202007081208/tools/bin/../lib/gcc/arm-none-eabi/7.3.1/../../../../arm-none-eabi/lib/thumb/v7-m\libc_nano.a
END GROUP
START GROUP
LOAD c:/st/stm32cubeide_1.4.0/stm32cubeide/plugins/com.st.stm32cube.ide.mcu.externaltools.gnu-tools-for-stm32.7-2018-q2-update.win32_1.4.0.202007081208/tools/bin/../lib/gcc/arm-none-eabi/7.3.1/thumb/v7-m\libgcc.a
LOAD c:/st/stm32cubeide_1.4.0/stm32cubeide/plugins/com.st.stm32cube.ide.mcu.externaltools.gnu-tools-for-stm32.7-2018-q2-update.win32_1.4.0.202007081208/tools/bin/../lib/gcc/arm-none-eabi/7.3.1/../../../../arm-none-eabi/lib/thumb/v7-m\libc_nano.a
LOAD c:/st/stm32cubeide_1.4.0/stm32cubeide/plugins/com.st.stm32cube.ide.mcu.externaltools.gnu-tools-for-stm32.7-2018-q2-update.win32_1.4.0.202007081208/tools/bin/../lib/gcc/arm-none-eabi/7.3.1/../../../../arm-none-eabi/lib/thumb/v7-m\libnosys.a
END GROUP
START GROUP
LOAD c:/st/stm32cubeide_1.4.0/stm32cubeide/plugins/com.st.stm32cube.ide.mcu.externaltools.gnu-tools-for-stm32.7-2018-q2-update.win32_1.4.0.202007081208/tools/bin/../lib/gcc/arm-none-eabi/7.3.1/thumb/v7-m\libgcc.a
LOAD c:/st/stm32cubeide_1.4.0/stm32cubeide/plugins/com.st.stm32cube.ide.mcu.externaltools.gnu-tools-for-stm32.7-2018-q2-update.win32_1.4.0.202007081208/tools/bin/../lib/gcc/arm-none-eabi/7.3.1/../../../../arm-none-eabi/lib/thumb/v7-m\libc_nano.a
LOAD c:/st/stm32cubeide_1.4.0/stm32cubeide/plugins/com.st.stm32cube.ide.mcu.externaltools.gnu-tools-for-stm32.7-2018-q2-update.win32_1.4.0.202007081208/tools/bin/../lib/gcc/arm-none-eabi/7.3.1/../../../../arm-none-eabi/lib/thumb/v7-m\libnosys.a
END GROUP
LOAD c:/st/stm32cubeide_1.4.0/stm32cubeide/plugins/com.st.stm32cube.ide.mcu.externaltools.gnu-tools-for-stm32.7-2018-q2-update.win32_1.4.0.202007081208/tools/bin/../lib/gcc/arm-none-eabi/7.3.1/thumb/v7-m/crtend.o
LOAD c:/st/stm32cubeide_1.4.0/stm32cubeide/plugins/com.st.stm32cube.ide.mcu.externaltools.gnu-tools-for-stm32.7-2018-q2-update.win32_1.4.0.202007081208/tools/bin/../lib/gcc/arm-none-eabi/7.3.1/thumb/v7-m/crtn.o
                0x0000000020002800                _estack = (ORIGIN (RAM) + LENGTH (RAM))
                0x0000000000000200                _Min_Heap_Size = 0x200
                0x0000000000000400                _Min_Stack_Size = 0x400

.isr_vector     0x0000000008000000      0x130
                0x0000000008000000                . = ALIGN (0x4)
 *(.isr_vector)
 .isr_vector    0x0000000008000000      0x130 Startup/startup_stm32f103c6tx.o
                0x0000000008000000                g_pfnVectors
                0x0000000008000130                . = ALIGN (0x4)

.text           0x0000000008000130      0xd6c
                0x0000000008000130                . = ALIGN (0x4)
 *(.text)
 .text          0x0000000008000130       0x40 c:/st/stm32cubeide_1.4.0/stm32cubeide/plugins/com.st.stm32cube.ide.mcu.externaltools.gnu-tools-for-stm32.7-2018-q2-update.win32_1.4.0.202007081208/tools/bin/../lib/gcc/arm-none-eabi/7.3.1/thumb/v7-m/crtbegin.o
 *(.text*)
 .text.SVC_Handler
                0x0000000008000170       0x1c Src/main.o
                0x0000000008000170                SVC_Handler
 .text.clock_init
                0x000000000800018c       0x28 Src/main.o
                0x000000000800018c                clock_init
 .text.EXTI9_CallBack
                0x00000000080001b4       0x44 Src/main.o
                0x00000000080001b4                EXTI9_CallBack
 .text.TaskA    0x00000000080001f8       0x20 Src/main.o
                0x00000000080001f8                TaskA
 .text.TaskB    0x0000000008000218       0x22 Src/main.o
                0x0000000008000218                TaskB
 *fill*         0x000000000800023a        0x2 
 .text.MainOs   0x000000000800023c      0x104 Src/main.o
                0x000000000800023c                MainOs
 .text.main     0x0000000008000340       0x48 Src/main.o
                0x0000000008000340                main
 .text.Reset_Handler
                0x0000000008000388       0x50 Startup/startup_stm32f103c6tx.o
                0x0000000008000388                Reset_Handler
 .text.Default_Handler
                0x00000000080003d8        0x2 Startup/startup_stm32f103c6tx.o
                0x00000000080003d8                TIM8_TRG_COM_IRQHandler
                0x00000000080003d8                TIM8_CC_IRQHandler
                0x00000000080003d8                DebugMon_Handler
                0x00000000080003d8                TIM1_CC_IRQHandler
                0x00000000080003d8                HardFault_Handler
                0x00000000080003d8                TIM6_IRQHandler
                0x00000000080003d8                SysTick_Handler
                0x00000000080003d8                PVD_IRQHandler
                0x00000000080003d8                SDIO_IRQHandler
                0x00000000080003d8                PendSV_Handler
                0x00000000080003d8                NMI_Handler
                0x00000000080003d8                USB_HP_CAN_TX_IRQHandler
                0x00000000080003d8                UsageFault_Handler
                0x00000000080003d8                ADC1_2_IRQHandler
                0x00000000080003d8                CAN_SCE_IRQHandler
                0x00000000080003d8                TAMPER_IRQHandler
                0x00000000080003d8                TIM8_UP_IRQHandler
                0x00000000080003d8                DMA2_Channel2_IRQHandler
                0x00000000080003d8                DMA1_Channel4_IRQHandler
                0x00000000080003d8                RTC_IRQHandler
                0x00000000080003d8                DMA1_Channel7_IRQHandler
                0x00000000080003d8                UART5_IRQHandler
                0x00000000080003d8                ADC3_IRQHandler
                0x00000000080003d8                TIM4_IRQHandler
                0x00000000080003d8                CAN_RX1_IRQHandler
                0x00000000080003d8                DMA2_Channel1_IRQHandler
                0x00000000080003d8                DMA1_Channel6_IRQHandler
                0x00000000080003d8                UART4_IRQHandler
                0x00000000080003d8                TIM3_IRQHandler
                0x00000000080003d8                RCC_IRQHandler
                0x00000000080003d8                TIM1_TRG_COM_IRQHandler
                0x00000000080003d8                DMA1_Channel1_IRQHandler
                0x00000000080003d8                Default_Handler
                0x00000000080003d8                TIM7_IRQHandler
                0x00000000080003d8                TIM5_IRQHandler
                0x00000000080003d8                USB_LP_CAN_RX0_IRQHandler
                0x00000000080003d8                MemManage_Handler
                0x00000000080003d8                DMA1_Channel5_IRQHandler
                0x00000000080003d8                DMA1_Channel3_IRQHandler
                0x00000000080003d8                FSMC_IRQHandler
                0x00000000080003d8                TIM1_UP_IRQHandler
                0x00000000080003d8                WWDG_IRQHandler
                0x00000000080003d8                TIM2_IRQHandler
                0x00000000080003d8                TIM1_BRK_IRQHandler
                0x00000000080003d8                RTCAlarm_IRQHandler
                0x00000000080003d8                DMA2_Channel4_5_IRQHandler
                0x00000000080003d8                DMA1_Channel2_IRQHandler
                0x00000000080003d8                TIM8_BRK_IRQHandler
                0x00000000080003d8                FLASH_IRQHandler
                0x00000000080003d8                BusFault_Handler
                0x00000000080003d8                SPI3_IRQHandler
                0x00000000080003d8                DMA2_Channel3_IRQHandler
 *fill*         0x00000000080003da        0x2 
 .text.Enable_NVIC
                0x00000000080003dc       0xcc Stm32_F103C6_Drivers/MCAL/EXTI/Stm32_F103C6_EXTI_Driver.o
 .text.Disable_NVIC
                0x00000000080004a8       0xcc Stm32_F103C6_Drivers/MCAL/EXTI/Stm32_F103C6_EXTI_Driver.o
 .text.Update_EXTI
                0x0000000008000574      0x1f0 Stm32_F103C6_Drivers/MCAL/EXTI/Stm32_F103C6_EXTI_Driver.o
                0x0000000008000574                Update_EXTI
 .text.MCAL_EXTI_GPIO_Init
                0x0000000008000764       0x16 Stm32_F103C6_Drivers/MCAL/EXTI/Stm32_F103C6_EXTI_Driver.o
                0x0000000008000764                MCAL_EXTI_GPIO_Init
 *fill*         0x000000000800077a        0x2 
 .text.EXTI0_IRQHandler
                0x000000000800077c       0x24 Stm32_F103C6_Drivers/MCAL/EXTI/Stm32_F103C6_EXTI_Driver.o
                0x000000000800077c                EXTI0_IRQHandler
 .text.EXTI1_IRQHandler
                0x00000000080007a0       0x24 Stm32_F103C6_Drivers/MCAL/EXTI/Stm32_F103C6_EXTI_Driver.o
                0x00000000080007a0                EXTI1_IRQHandler
 .text.EXTI2_IRQHandler
                0x00000000080007c4       0x24 Stm32_F103C6_Drivers/MCAL/EXTI/Stm32_F103C6_EXTI_Driver.o
                0x00000000080007c4                EXTI2_IRQHandler
 .text.EXTI3_IRQHandler
                0x00000000080007e8       0x24 Stm32_F103C6_Drivers/MCAL/EXTI/Stm32_F103C6_EXTI_Driver.o
                0x00000000080007e8                EXTI3_IRQHandler
 .text.EXTI4_IRQHandler
                0x000000000800080c       0x24 Stm32_F103C6_Drivers/MCAL/EXTI/Stm32_F103C6_EXTI_Driver.o
                0x000000000800080c                EXTI4_IRQHandler
 .text.EXTI9_5_IRQHandler
                0x0000000008000830       0xa8 Stm32_F103C6_Drivers/MCAL/EXTI/Stm32_F103C6_EXTI_Driver.o
                0x0000000008000830                EXTI9_5_IRQHandler
 .text.EXTI15_10_IRQHandler
                0x00000000080008d8       0xc4 Stm32_F103C6_Drivers/MCAL/EXTI/Stm32_F103C6_EXTI_Driver.o
                0x00000000080008d8                EXTI15_10_IRQHandler
 .text.Get_CRLH_Position
                0x000000000800099c       0xc6 Stm32_F103C6_Drivers/MCAL/GPIO/Stm32_F103C6_GPIO_Driver.o
                0x000000000800099c                Get_CRLH_Position
 .text.MCAL_GPIO_Init
                0x0000000008000a62       0xfe Stm32_F103C6_Drivers/MCAL/GPIO/Stm32_F103C6_GPIO_Driver.o
                0x0000000008000a62                MCAL_GPIO_Init
 .text.Slave_States
                0x0000000008000b60       0xe0 Stm32_F103C6_Drivers/MCAL/I2C/Stm32_F103C6_I2C_Driver.o
                0x0000000008000b60                Slave_States
 .text.I2C1_EV_IRQHandler
                0x0000000008000c40       0xe4 Stm32_F103C6_Drivers/MCAL/I2C/Stm32_F103C6_I2C_Driver.o
                0x0000000008000c40                I2C1_EV_IRQHandler
 .text.I2C1_ER_IRQHandler
                0x0000000008000d24        0xc Stm32_F103C6_Drivers/MCAL/I2C/Stm32_F103C6_I2C_Driver.o
                0x0000000008000d24                I2C1_ER_IRQHandler
 .text.I2C2_EV_IRQHandler
                0x0000000008000d30        0xc Stm32_F103C6_Drivers/MCAL/I2C/Stm32_F103C6_I2C_Driver.o
                0x0000000008000d30                I2C2_EV_IRQHandler
 .text.I2C2_ER_IRQHandler
                0x0000000008000d3c        0xc Stm32_F103C6_Drivers/MCAL/I2C/Stm32_F103C6_I2C_Driver.o
                0x0000000008000d3c                I2C2_ER_IRQHandler
 .text.SPI1_IRQHandler
                0x0000000008000d48       0x5c Stm32_F103C6_Drivers/MCAL/SPI/Stm32_F103C6_SPI_Driver.o
                0x0000000008000d48                SPI1_IRQHandler
 .text.SPI2_IRQHandler
                0x0000000008000da4       0x5c Stm32_F103C6_Drivers/MCAL/SPI/Stm32_F103C6_SPI_Driver.o
                0x0000000008000da4                SPI2_IRQHandler
 .text.USART1_IRQHandler
                0x0000000008000e00       0x14 Stm32_F103C6_Drivers/MCAL/USART/Stm32_F103C6_USART_Driver.o
                0x0000000008000e00                USART1_IRQHandler
 .text.USART2_IRQHandler
                0x0000000008000e14       0x14 Stm32_F103C6_Drivers/MCAL/USART/Stm32_F103C6_USART_Driver.o
                0x0000000008000e14                USART2_IRQHandler
 .text.USART3_IRQHandler
                0x0000000008000e28       0x14 Stm32_F103C6_Drivers/MCAL/USART/Stm32_F103C6_USART_Driver.o
                0x0000000008000e28                USART3_IRQHandler
 .text.__libc_init_array
                0x0000000008000e3c       0x48 c:/st/stm32cubeide_1.4.0/stm32cubeide/plugins/com.st.stm32cube.ide.mcu.externaltools.gnu-tools-for-stm32.7-2018-q2-update.win32_1.4.0.202007081208/tools/bin/../lib/gcc/arm-none-eabi/7.3.1/../../../../arm-none-eabi/lib/thumb/v7-m\libc_nano.a(lib_a-init.o)
                0x0000000008000e3c                __libc_init_array
 *(.glue_7)
 .glue_7        0x0000000008000e84        0x0 linker stubs
 *(.glue_7t)
 .glue_7t       0x0000000008000e84        0x0 linker stubs
 *(.eh_frame)
 .eh_frame      0x0000000008000e84        0x0 c:/st/stm32cubeide_1.4.0/stm32cubeide/plugins/com.st.stm32cube.ide.mcu.externaltools.gnu-tools-for-stm32.7-2018-q2-update.win32_1.4.0.202007081208/tools/bin/../lib/gcc/arm-none-eabi/7.3.1/thumb/v7-m/crtbegin.o
 *(.init)
 .init          0x0000000008000e84        0x4 c:/st/stm32cubeide_1.4.0/stm32cubeide/plugins/com.st.stm32cube.ide.mcu.externaltools.gnu-tools-for-stm32.7-2018-q2-update.win32_1.4.0.202007081208/tools/bin/../lib/gcc/arm-none-eabi/7.3.1/thumb/v7-m/crti.o
                0x0000000008000e84                _init
 .init          0x0000000008000e88        0x8 c:/st/stm32cubeide_1.4.0/stm32cubeide/plugins/com.st.stm32cube.ide.mcu.externaltools.gnu-tools-for-stm32.7-2018-q2-update.win32_1.4.0.202007081208/tools/bin/../lib/gcc/arm-none-eabi/7.3.1/thumb/v7-m/crtn.o
 *(.fini)
 .fini          0x0000000008000e90        0x4 c:/st/stm32cubeide_1.4.0/stm32cubeide/plugins/com.st.stm32cube.ide.mcu.externaltools.gnu-tools-for-stm32.7-2018-q2-update.win32_1.4.0.202007081208/tools/bin/../lib/gcc/arm-none-eabi/7.3.1/thumb/v7-m/crti.o
                0x0000000008000e90                _fini
 .fini          0x0000000008000e94        0x8 c:/st/stm32cubeide_1.4.0/stm32cubeide/plugins/com.st.stm32cube.ide.mcu.externaltools.gnu-tools-for-stm32.7-2018-q2-update.win32_1.4.0.202007081208/tools/bin/../lib/gcc/arm-none-eabi/7.3.1/thumb/v7-m/crtn.o
                0x0000000008000e9c                . = ALIGN (0x4)
                0x0000000008000e9c                _etext = .

.vfp11_veneer   0x0000000008000e9c        0x0
 .vfp11_veneer  0x0000000008000e9c        0x0 linker stubs

.v4_bx          0x0000000008000e9c        0x0
 .v4_bx         0x0000000008000e9c        0x0 linker stubs

.iplt           0x0000000008000e9c        0x0
 .iplt          0x0000000008000e9c        0x0 c:/st/stm32cubeide_1.4.0/stm32cubeide/plugins/com.st.stm32cube.ide.mcu.externaltools.gnu-tools-for-stm32.7-2018-q2-update.win32_1.4.0.202007081208/tools/bin/../lib/gcc/arm-none-eabi/7.3.1/thumb/v7-m/crtbegin.o

.rodata         0x0000000008000e9c        0xc
                0x0000000008000e9c                . = ALIGN (0x4)
 *(.rodata)
 .rodata        0x0000000008000e9c        0xc Src/main.o
 *(.rodata*)
                0x0000000008000ea8                . = ALIGN (0x4)

.rel.dyn        0x0000000008000ea8        0x0
 .rel.iplt      0x0000000008000ea8        0x0 c:/st/stm32cubeide_1.4.0/stm32cubeide/plugins/com.st.stm32cube.ide.mcu.externaltools.gnu-tools-for-stm32.7-2018-q2-update.win32_1.4.0.202007081208/tools/bin/../lib/gcc/arm-none-eabi/7.3.1/thumb/v7-m/crtbegin.o

.ARM.extab      0x0000000008000ea8        0x0
                0x0000000008000ea8                . = ALIGN (0x4)
 *(.ARM.extab* .gnu.linkonce.armextab.*)
                0x0000000008000ea8                . = ALIGN (0x4)

.ARM            0x0000000008000ea8        0x0
                0x0000000008000ea8                . = ALIGN (0x4)
                0x0000000008000ea8                __exidx_start = .
 *(.ARM.exidx*)
                0x0000000008000ea8                __exidx_end = .
                0x0000000008000ea8                . = ALIGN (0x4)

.preinit_array  0x0000000008000ea8        0x0
                0x0000000008000ea8                . = ALIGN (0x4)
                0x0000000008000ea8                PROVIDE (__preinit_array_start = .)
 *(.preinit_array*)
                0x0000000008000ea8                PROVIDE (__preinit_array_end = .)
                0x0000000008000ea8                . = ALIGN (0x4)

.init_array     0x0000000008000ea8        0x4
                0x0000000008000ea8                . = ALIGN (0x4)
                0x0000000008000ea8                PROVIDE (__init_array_start = .)
 *(SORT_BY_NAME(.init_array.*))
 *(.init_array*)
 .init_array    0x0000000008000ea8        0x4 c:/st/stm32cubeide_1.4.0/stm32cubeide/plugins/com.st.stm32cube.ide.mcu.externaltools.gnu-tools-for-stm32.7-2018-q2-update.win32_1.4.0.202007081208/tools/bin/../lib/gcc/arm-none-eabi/7.3.1/thumb/v7-m/crtbegin.o
                0x0000000008000eac                PROVIDE (__init_array_end = .)
                0x0000000008000eac                . = ALIGN (0x4)

.fini_array     0x0000000008000eac        0x4
                0x0000000008000eac                . = ALIGN (0x4)
                [!provide]                        PROVIDE (__fini_array_start = .)
 *(SORT_BY_NAME(.fini_array.*))
 *(.fini_array*)
 .fini_array    0x0000000008000eac        0x4 c:/st/stm32cubeide_1.4.0/stm32cubeide/plugins/com.st.stm32cube.ide.mcu.externaltools.gnu-tools-for-stm32.7-2018-q2-update.win32_1.4.0.202007081208/tools/bin/../lib/gcc/arm-none-eabi/7.3.1/thumb/v7-m/crtbegin.o
                [!provide]                        PROVIDE (__fini_array_end = .)
                0x0000000008000eb0                . = ALIGN (0x4)
                0x0000000008000eb0                _sidata = LOADADDR (.data)

.data           0x0000000020000000        0x4 load address 0x0000000008000eb0
                0x0000000020000000                . = ALIGN (0x4)
                0x0000000020000000                _sdata = .
 *(.data)
 *(.data*)
 .data._S_MSP   0x0000000020000000        0x4 Src/main.o
                0x0000000020000000                _S_MSP
                0x0000000020000004                . = ALIGN (0x4)
                0x0000000020000004                _edata = .

.igot.plt       0x0000000020000004        0x0 load address 0x0000000008000eb4
 .igot.plt      0x0000000020000004        0x0 c:/st/stm32cubeide_1.4.0/stm32cubeide/plugins/com.st.stm32cube.ide.mcu.externaltools.gnu-tools-for-stm32.7-2018-q2-update.win32_1.4.0.202007081208/tools/bin/../lib/gcc/arm-none-eabi/7.3.1/thumb/v7-m/crtbegin.o
                0x0000000020000004                . = ALIGN (0x4)

.bss            0x0000000020000004       0xcc load address 0x0000000008000eb4
                0x0000000020000004                _sbss = .
                0x0000000020000004                __bss_start__ = _sbss
 *(.bss)
 .bss           0x0000000020000004       0x1c c:/st/stm32cubeide_1.4.0/stm32cubeide/plugins/com.st.stm32cube.ide.mcu.externaltools.gnu-tools-for-stm32.7-2018-q2-update.win32_1.4.0.202007081208/tools/bin/../lib/gcc/arm-none-eabi/7.3.1/thumb/v7-m/crtbegin.o
 *(.bss*)
 .bss.TaskA_Flag
                0x0000000020000020        0x4 Src/main.o
                0x0000000020000020                TaskA_Flag
 .bss.TaskB_Flag
                0x0000000020000024        0x4 Src/main.o
                0x0000000020000024                TaskB_Flag
 .bss.IRQ_Flag  0x0000000020000028        0x4 Src/main.o
                0x0000000020000028                IRQ_Flag
 .bss.GP_IRQ_CallBack
                0x000000002000002c       0x3c Stm32_F103C6_Drivers/MCAL/EXTI/Stm32_F103C6_EXTI_Driver.o
 .bss.Global_I2C_Config
                0x0000000020000068       0x48 Stm32_F103C6_Drivers/MCAL/I2C/Stm32_F103C6_I2C_Driver.o
                0x0000000020000068                Global_I2C_Config
 .bss.Global_SPI_Config
                0x00000000200000b0        0x8 Stm32_F103C6_Drivers/MCAL/SPI/Stm32_F103C6_SPI_Driver.o
                0x00000000200000b0                Global_SPI_Config
 .bss.Global_UART_Config
                0x00000000200000b8        0x4 Stm32_F103C6_Drivers/MCAL/USART/Stm32_F103C6_USART_Driver.o
                0x00000000200000b8                Global_UART_Config
 *(COMMON)
 COMMON         0x00000000200000bc       0x14 Src/main.o
                0x00000000200000bc                _E_MSP
                0x00000000200000c0                _S_PSP_TA
                0x00000000200000c4                _S_PSP_TB
                0x00000000200000c8                _E_PSP_TB
                0x00000000200000cc                _E_PSP_TA
                0x00000000200000d0                . = ALIGN (0x4)
                0x00000000200000d0                _ebss = .
                0x00000000200000d0                __bss_end__ = _ebss

._user_heap_stack
                0x00000000200000d0      0x600 load address 0x0000000008000eb4
                0x00000000200000d0                . = ALIGN (0x8)
                [!provide]                        PROVIDE (end = .)
                0x00000000200000d0                PROVIDE (_end = .)
                0x00000000200002d0                . = (. + _Min_Heap_Size)
 *fill*         0x00000000200000d0      0x200 
                0x00000000200006d0                . = (. + _Min_Stack_Size)
 *fill*         0x00000000200002d0      0x400 
                0x00000000200006d0                . = ALIGN (0x8)

/DISCARD/
 libc.a(*)
 libm.a(*)
 libgcc.a(*)

.ARM.attributes
                0x0000000000000000       0x29
 *(.ARM.attributes)
 .ARM.attributes
                0x0000000000000000       0x1d c:/st/stm32cubeide_1.4.0/stm32cubeide/plugins/com.st.stm32cube.ide.mcu.externaltools.gnu-tools-for-stm32.7-2018-q2-update.win32_1.4.0.202007081208/tools/bin/../lib/gcc/arm-none-eabi/7.3.1/thumb/v7-m/crti.o
 .ARM.attributes
                0x000000000000001d       0x2d c:/st/stm32cubeide_1.4.0/stm32cubeide/plugins/com.st.stm32cube.ide.mcu.externaltools.gnu-tools-for-stm32.7-2018-q2-update.win32_1.4.0.202007081208/tools/bin/../lib/gcc/arm-none-eabi/7.3.1/thumb/v7-m/crtbegin.o
 .ARM.attributes
                0x000000000000004a       0x33 Src/main.o
 .ARM.attributes
                0x000000000000007d       0x21 Startup/startup_stm32f103c6tx.o
 .ARM.attributes
                0x000000000000009e       0x33 Stm32_F103C6_Drivers/MCAL/EXTI/Stm32_F103C6_EXTI_Driver.o
 .ARM.attributes
                0x00000000000000d1       0x33 Stm32_F103C6_Drivers/MCAL/GPIO/Stm32_F103C6_GPIO_Driver.o
 .ARM.attributes
                0x0000000000000104       0x33 Stm32_F103C6_Drivers/MCAL/I2C/Stm32_F103C6_I2C_Driver.o
 .ARM.attributes
                0x0000000000000137       0x33 Stm32_F103C6_Drivers/MCAL/SPI/Stm32_F103C6_SPI_Driver.o
 .ARM.attributes
                0x000000000000016a       0x33 Stm32_F103C6_Drivers/MCAL/USART/Stm32_F103C6_USART_Driver.o
 .ARM.attributes
                0x000000000000019d       0x2d c:/st/stm32cubeide_1.4.0/stm32cubeide/plugins/com.st.stm32cube.ide.mcu.externaltools.gnu-tools-for-stm32.7-2018-q2-update.win32_1.4.0.202007081208/tools/bin/../lib/gcc/arm-none-eabi/7.3.1/../../../../arm-none-eabi/lib/thumb/v7-m\libc_nano.a(lib_a-init.o)
 .ARM.attributes
                0x00000000000001ca       0x1d c:/st/stm32cubeide_1.4.0/stm32cubeide/plugins/com.st.stm32cube.ide.mcu.externaltools.gnu-tools-for-stm32.7-2018-q2-update.win32_1.4.0.202007081208/tools/bin/../lib/gcc/arm-none-eabi/7.3.1/thumb/v7-m/crtn.o
OUTPUT(Drivers.axf elf32-littlearm)

.debug_info     0x0000000000000000     0x58ea
 .debug_info    0x0000000000000000      0xdbd Src/main.o
 .debug_info    0x0000000000000dbd       0x22 Startup/startup_stm32f103c6tx.o
 .debug_info    0x0000000000000ddf      0xdbc Stm32_F103C6_Drivers/MCAL/EXTI/Stm32_F103C6_EXTI_Driver.o
 .debug_info    0x0000000000001b9b      0xd84 Stm32_F103C6_Drivers/MCAL/GPIO/Stm32_F103C6_GPIO_Driver.o
 .debug_info    0x000000000000291f     0x12a5 Stm32_F103C6_Drivers/MCAL/I2C/Stm32_F103C6_I2C_Driver.o
 .debug_info    0x0000000000003bc4      0xf2d Stm32_F103C6_Drivers/MCAL/SPI/Stm32_F103C6_SPI_Driver.o
 .debug_info    0x0000000000004af1      0xdf9 Stm32_F103C6_Drivers/MCAL/USART/Stm32_F103C6_USART_Driver.o

.debug_abbrev   0x0000000000000000      0xda8
 .debug_abbrev  0x0000000000000000      0x26d Src/main.o
 .debug_abbrev  0x000000000000026d       0x12 Startup/startup_stm32f103c6tx.o
 .debug_abbrev  0x000000000000027f      0x1fb Stm32_F103C6_Drivers/MCAL/EXTI/Stm32_F103C6_EXTI_Driver.o
 .debug_abbrev  0x000000000000047a      0x232 Stm32_F103C6_Drivers/MCAL/GPIO/Stm32_F103C6_GPIO_Driver.o
 .debug_abbrev  0x00000000000006ac      0x294 Stm32_F103C6_Drivers/MCAL/I2C/Stm32_F103C6_I2C_Driver.o
 .debug_abbrev  0x0000000000000940      0x254 Stm32_F103C6_Drivers/MCAL/SPI/Stm32_F103C6_SPI_Driver.o
 .debug_abbrev  0x0000000000000b94      0x214 Stm32_F103C6_Drivers/MCAL/USART/Stm32_F103C6_USART_Driver.o

.debug_loc      0x0000000000000000     0x141c
 .debug_loc     0x0000000000000000      0x2a0 Src/main.o
 .debug_loc     0x00000000000002a0      0x320 Stm32_F103C6_Drivers/MCAL/EXTI/Stm32_F103C6_EXTI_Driver.o
 .debug_loc     0x00000000000005c0      0x38c Stm32_F103C6_Drivers/MCAL/GPIO/Stm32_F103C6_GPIO_Driver.o
 .debug_loc     0x000000000000094c      0x580 Stm32_F103C6_Drivers/MCAL/I2C/Stm32_F103C6_I2C_Driver.o
 .debug_loc     0x0000000000000ecc      0x2bc Stm32_F103C6_Drivers/MCAL/SPI/Stm32_F103C6_SPI_Driver.o
 .debug_loc     0x0000000000001188      0x294 Stm32_F103C6_Drivers/MCAL/USART/Stm32_F103C6_USART_Driver.o

.debug_aranges  0x0000000000000000      0x2c8
 .debug_aranges
                0x0000000000000000       0x60 Src/main.o
 .debug_aranges
                0x0000000000000060       0x28 Startup/startup_stm32f103c6tx.o
 .debug_aranges
                0x0000000000000088       0x80 Stm32_F103C6_Drivers/MCAL/EXTI/Stm32_F103C6_EXTI_Driver.o
 .debug_aranges
                0x0000000000000108       0x68 Stm32_F103C6_Drivers/MCAL/GPIO/Stm32_F103C6_GPIO_Driver.o
 .debug_aranges
                0x0000000000000170       0xa0 Stm32_F103C6_Drivers/MCAL/I2C/Stm32_F103C6_I2C_Driver.o
 .debug_aranges
                0x0000000000000210       0x58 Stm32_F103C6_Drivers/MCAL/SPI/Stm32_F103C6_SPI_Driver.o
 .debug_aranges
                0x0000000000000268       0x60 Stm32_F103C6_Drivers/MCAL/USART/Stm32_F103C6_USART_Driver.o

.debug_ranges   0x0000000000000000      0x260
 .debug_ranges  0x0000000000000000       0x50 Src/main.o
 .debug_ranges  0x0000000000000050       0x20 Startup/startup_stm32f103c6tx.o
 .debug_ranges  0x0000000000000070       0x70 Stm32_F103C6_Drivers/MCAL/EXTI/Stm32_F103C6_EXTI_Driver.o
 .debug_ranges  0x00000000000000e0       0x58 Stm32_F103C6_Drivers/MCAL/GPIO/Stm32_F103C6_GPIO_Driver.o
 .debug_ranges  0x0000000000000138       0x90 Stm32_F103C6_Drivers/MCAL/I2C/Stm32_F103C6_I2C_Driver.o
 .debug_ranges  0x00000000000001c8       0x48 Stm32_F103C6_Drivers/MCAL/SPI/Stm32_F103C6_SPI_Driver.o
 .debug_ranges  0x0000000000000210       0x50 Stm32_F103C6_Drivers/MCAL/USART/Stm32_F103C6_USART_Driver.o

.debug_macro    0x0000000000000000     0x2c8f
 .debug_macro   0x0000000000000000      0x178 Src/main.o
 .debug_macro   0x0000000000000178      0xa60 Src/main.o
 .debug_macro   0x0000000000000bd8       0x18 Src/main.o
 .debug_macro   0x0000000000000bf0       0x22 Src/main.o
 .debug_macro   0x0000000000000c12       0x40 Src/main.o
 .debug_macro   0x0000000000000c52       0x94 Src/main.o
 .debug_macro   0x0000000000000ce6       0x3c Src/main.o
 .debug_macro   0x0000000000000d22       0x34 Src/main.o
 .debug_macro   0x0000000000000d56       0x16 Src/main.o
 .debug_macro   0x0000000000000d6c      0x10e Src/main.o
 .debug_macro   0x0000000000000e7a       0x8d Src/main.o
 .debug_macro   0x0000000000000f07       0x57 Src/main.o
 .debug_macro   0x0000000000000f5e       0x52 Src/main.o
 .debug_macro   0x0000000000000fb0       0x1f Src/main.o
 .debug_macro   0x0000000000000fcf       0x43 Src/main.o
 .debug_macro   0x0000000000001012       0x20 Src/main.o
 .debug_macro   0x0000000000001032      0x1a3 Src/main.o
 .debug_macro   0x00000000000011d5      0x330 Src/main.o
 .debug_macro   0x0000000000001505       0x16 Src/main.o
 .debug_macro   0x000000000000151b       0x29 Src/main.o
 .debug_macro   0x0000000000001544       0xef Src/main.o
 .debug_macro   0x0000000000001633       0x6a Src/main.o
 .debug_macro   0x000000000000169d      0x1df Src/main.o
 .debug_macro   0x000000000000187c      0x6b8 Src/main.o
 .debug_macro   0x0000000000001f34       0xd0 Src/main.o
 .debug_macro   0x0000000000002004      0x229 Src/main.o
 .debug_macro   0x000000000000222d      0x14e Stm32_F103C6_Drivers/MCAL/EXTI/Stm32_F103C6_EXTI_Driver.o
 .debug_macro   0x000000000000237b      0x223 Stm32_F103C6_Drivers/MCAL/EXTI/Stm32_F103C6_EXTI_Driver.o
 .debug_macro   0x000000000000259e      0x13f Stm32_F103C6_Drivers/MCAL/GPIO/Stm32_F103C6_GPIO_Driver.o
 .debug_macro   0x00000000000026dd      0x15d Stm32_F103C6_Drivers/MCAL/I2C/Stm32_F103C6_I2C_Driver.o
 .debug_macro   0x000000000000283a      0x160 Stm32_F103C6_Drivers/MCAL/SPI/Stm32_F103C6_SPI_Driver.o
 .debug_macro   0x000000000000299a       0xc2 Stm32_F103C6_Drivers/MCAL/SPI/Stm32_F103C6_SPI_Driver.o
 .debug_macro   0x0000000000002a5c      0x151 Stm32_F103C6_Drivers/MCAL/USART/Stm32_F103C6_USART_Driver.o
 .debug_macro   0x0000000000002bad       0xe2 Stm32_F103C6_Drivers/MCAL/USART/Stm32_F103C6_USART_Driver.o

.debug_line     0x0000000000000000     0x2e2c
 .debug_line    0x0000000000000000      0x6ea Src/main.o
 .debug_line    0x00000000000006ea       0x84 Startup/startup_stm32f103c6tx.o
 .debug_line    0x000000000000076e      0x7a1 Stm32_F103C6_Drivers/MCAL/EXTI/Stm32_F103C6_EXTI_Driver.o
 .debug_line    0x0000000000000f0f      0x6a2 Stm32_F103C6_Drivers/MCAL/GPIO/Stm32_F103C6_GPIO_Driver.o
 .debug_line    0x00000000000015b1      0x93d Stm32_F103C6_Drivers/MCAL/I2C/Stm32_F103C6_I2C_Driver.o
 .debug_line    0x0000000000001eee      0x786 Stm32_F103C6_Drivers/MCAL/SPI/Stm32_F103C6_SPI_Driver.o
 .debug_line    0x0000000000002674      0x7b8 Stm32_F103C6_Drivers/MCAL/USART/Stm32_F103C6_USART_Driver.o

.debug_str      0x0000000000000000     0xc4a0
 .debug_str     0x0000000000000000     0xaa18 Src/main.o
                                       0xac98 (size before relaxing)
 .debug_str     0x000000000000aa18       0x31 Startup/startup_stm32f103c6tx.o
                                         0x6b (size before relaxing)
 .debug_str     0x000000000000aa49      0x24a Stm32_F103C6_Drivers/MCAL/EXTI/Stm32_F103C6_EXTI_Driver.o
                                       0xab46 (size before relaxing)
 .debug_str     0x000000000000ac93      0x13a Stm32_F103C6_Drivers/MCAL/GPIO/Stm32_F103C6_GPIO_Driver.o
                                       0x97a2 (size before relaxing)
 .debug_str     0x000000000000adcd      0x6ac Stm32_F103C6_Drivers/MCAL/I2C/Stm32_F103C6_I2C_Driver.o
                                       0x9d5c (size before relaxing)
 .debug_str     0x000000000000b479      0x878 Stm32_F103C6_Drivers/MCAL/SPI/Stm32_F103C6_SPI_Driver.o
                                       0x9eea (size before relaxing)
 .debug_str     0x000000000000bcf1      0x7af Stm32_F103C6_Drivers/MCAL/USART/Stm32_F103C6_USART_Driver.o
                                       0x9e98 (size before relaxing)

.comment        0x0000000000000000       0x7b
 .comment       0x0000000000000000       0x7b Src/main.o
                                         0x7c (size before relaxing)
 .comment       0x000000000000007b       0x7c Stm32_F103C6_Drivers/MCAL/EXTI/Stm32_F103C6_EXTI_Driver.o
 .comment       0x000000000000007b       0x7c Stm32_F103C6_Drivers/MCAL/GPIO/Stm32_F103C6_GPIO_Driver.o
 .comment       0x000000000000007b       0x7c Stm32_F103C6_Drivers/MCAL/I2C/Stm32_F103C6_I2C_Driver.o
 .comment       0x000000000000007b       0x7c Stm32_F103C6_Drivers/MCAL/SPI/Stm32_F103C6_SPI_Driver.o
 .comment       0x000000000000007b       0x7c Stm32_F103C6_Drivers/MCAL/USART/Stm32_F103C6_USART_Driver.o

.debug_frame    0x0000000000000000      0x9e4
 .debug_frame   0x0000000000000000      0x14c Src/main.o
 .debug_frame   0x000000000000014c      0x1b0 Stm32_F103C6_Drivers/MCAL/EXTI/Stm32_F103C6_EXTI_Driver.o
 .debug_frame   0x00000000000002fc      0x1a0 Stm32_F103C6_Drivers/MCAL/GPIO/Stm32_F103C6_GPIO_Driver.o
 .debug_frame   0x000000000000049c      0x288 Stm32_F103C6_Drivers/MCAL/I2C/Stm32_F103C6_I2C_Driver.o
 .debug_frame   0x0000000000000724      0x148 Stm32_F103C6_Drivers/MCAL/SPI/Stm32_F103C6_SPI_Driver.o
 .debug_frame   0x000000000000086c      0x14c Stm32_F103C6_Drivers/MCAL/USART/Stm32_F103C6_USART_Driver.o
 .debug_frame   0x00000000000009b8       0x2c c:/st/stm32cubeide_1.4.0/stm32cubeide/plugins/com.st.stm32cube.ide.mcu.externaltools.gnu-tools-for-stm32.7-2018-q2-update.win32_1.4.0.202007081208/tools/bin/../lib/gcc/arm-none-eabi/7.3.1/../../../../arm-none-eabi/lib/thumb/v7-m\libc_nano.a(lib_a-init.o)
