Stm32_F103C6_EXTI_Driver.c:40:16:Enable_NVIC	16	static
Stm32_F103C6_EXTI_Driver.c:84:16:Disable_NVIC	16	static
Stm32_F103C6_EXTI_Driver.c:127:6:Update_EXTI	24	static
Stm32_F103C6_EXTI_Driver.c:205:6:MCAL_EXTI_GPIO_DeInit	4	static
Stm32_F103C6_EXTI_Driver.c:238:6:MCAL_EXTI_GPIO_Init	16	static
Stm32_F103C6_EXTI_Driver.c:253:6:MCAL_EXTI_GPIO_Update	16	static
Stm32_F103C6_EXTI_Driver.c:268:6:EXTI0_IRQHandler	8	static
Stm32_F103C6_EXTI_Driver.c:276:6:EXTI1_IRQHandler	8	static
Stm32_F103C6_EXTI_Driver.c:282:6:EXTI2_IRQHandler	8	static
Stm32_F103C6_EXTI_Driver.c:288:6:EXTI3_IRQHandler	8	static
Stm32_F103C6_EXTI_Driver.c:294:6:EXTI4_IRQHandler	8	static
Stm32_F103C6_EXTI_Driver.c:300:6:EXTI9_5_IRQHandler	8	static
Stm32_F103C6_EXTI_Driver.c:309:6:EXTI15_10_IRQHandler	8	static
