Stm32_F103C6_USART_Driver.c:51:6:MCAL_UART_Init	24	static
Stm32_F103C6_USART_Driver.c:124:6:MCAL_UART_DeInit	16	static
Stm32_F103C6_USART_Driver.c:161:6:MCAL_UART_SendData	24	static
Stm32_F103C6_USART_Driver.c:182:6:MCAL_UART_WAIT_TC	16	static
Stm32_F103C6_USART_Driver.c:197:6:MCAL_UART_ReceiveData	24	static
Stm32_F103C6_USART_Driver.c:243:6:MCAL_UART_GPIO_Set_Pins	24	static
Stm32_F103C6_USART_Driver.c:368:6:USART1_IRQHandler	8	static
Stm32_F103C6_USART_Driver.c:372:6:USART2_IRQHandler	8	static
Stm32_F103C6_USART_Driver.c:376:6:USART3_IRQHandler	8	static
