
Allocating common symbols
Common symbol       size              file

Alarm_Actuator_state_id
                    0x1               Alarm_Actuator.o
Pressure_Sensor_state_id
                    0x1               main.o
Alarm_Actuator_state
                    0x4               Alarm_Actuator.o
Main_Alg_state_id   0x1               main.o
Alarm_Monitor_state_id
                    0x1               Alarm_Monitor.o
Alarm_Monitor_state
                    0x4               Alarm_Monitor.o
Main_Alg_state      0x4               Main_Alg.o
Pressure_Sensor_state
                    0x4               Pressure_Sensor.o

Memory Configuration

Name             Origin             Length             Attributes
flash            0x00000000         0x20000000         xr
sram             0x20000000         0x20000000         xrw
*default*        0x00000000         0xffffffff

Linker script and memory map


.text           0x00000000      0x4e8
 *(.vectors*)
 .vectors       0x00000000       0x10 startup.o
                0x00000000                g_p_fn_Vectors
 *(.text*)
 .text          0x00000010       0x7c Alarm_Actuator.o
                0x00000010                Alarm_Actuator_init
                0x0000001c                Start_Alarm
                0x00000038                Stop_Alarm
                0x00000054                ST_Alarm_Actuator_Alarm_On
                0x00000070                ST_Alarm_Actuator_Alarm_Off
 .text          0x0000008c       0xb0 Alarm_Monitor.o
                0x0000008c                High_Pressure_Detected
                0x000000ac                ST_Alarm_Monitor_Alarm_On
                0x000000d8                ST_Alarm_Monitor_Waiting
                0x00000110                ST_Alarm_Monitor_Alarm_Off
 .text          0x0000013c      0x10c driver.o
                0x0000013c                Delay
                0x00000160                getPressureVal
                0x00000178                Set_Alarm_actuator
                0x000001c8                GPIO_INITIALIZATION
 .text          0x00000248       0xa4 main.o
                0x00000248                setup
                0x000002a4                main
 .text          0x000002ec       0xb4 Main_Alg.o
                0x000002ec                Set_Pressure_Val
                0x00000334                ST_Main_Alg_High_Pressure_Detect
                0x0000036c                ST_Main_Alg_High_Pressure_Not_Detect
 .text          0x000003a0       0x8c Pressure_Sensor.o
                0x000003a0                Pressure_Sensor_init
                0x000003ac                ST_Pressure_Sensor_Reading
                0x000003f4                ST_Pressure_Sensor_Waiting
 .text          0x0000042c       0xbc startup.o
                0x0000042c                H_Fault_Handler
                0x0000042c                Default_Handler
                0x0000042c                NMI_Handler
                0x00000438                Reset_Handler
 *(.rodata)
                0x000004e8                _E_text = .

.glue_7         0x000004e8        0x0
 .glue_7        0x00000000        0x0 linker stubs

.glue_7t        0x000004e8        0x0
 .glue_7t       0x00000000        0x0 linker stubs

.vfp11_veneer   0x000004e8        0x0
 .vfp11_veneer  0x00000000        0x0 linker stubs

.v4_bx          0x000004e8        0x0
 .v4_bx         0x00000000        0x0 linker stubs

.iplt           0x000004e8        0x0
 .iplt          0x00000000        0x0 Alarm_Actuator.o

.rel.dyn        0x000004e8        0x0
 .rel.iplt      0x00000000        0x0 Alarm_Actuator.o

.data           0x20000000        0xc load address 0x000004e8
                0x20000000                _S_data = .
 *(.data)
 .data          0x20000000        0x0 Alarm_Actuator.o
 .data          0x20000000        0x4 Alarm_Monitor.o
                0x20000000                Alarm_Time
 .data          0x20000004        0x0 driver.o
 .data          0x20000004        0x0 main.o
 .data          0x20000004        0x4 Main_Alg.o
                0x20000004                Main_Alg_Threshold
 .data          0x20000008        0x4 Pressure_Sensor.o
                0x20000008                Psensor_Pull_Timer
 .data          0x2000000c        0x0 startup.o
                0x2000000c                . = ALIGN (0x4)
                0x2000000c                _E_data = .

.igot.plt       0x2000000c        0x0 load address 0x000004f4
 .igot.plt      0x00000000        0x0 Alarm_Actuator.o

.bss            0x2000000c      0x424 load address 0x000004f4
                0x2000000c                _S_bss = .
 *(.bss)
 .bss           0x2000000c        0x0 Alarm_Actuator.o
 .bss           0x2000000c        0x0 Alarm_Monitor.o
 .bss           0x2000000c        0x0 driver.o
 .bss           0x2000000c        0x0 main.o
 .bss           0x2000000c        0x4 Main_Alg.o
                0x2000000c                Main_Alg_Pval
 .bss           0x20000010        0x4 Pressure_Sensor.o
                0x20000010                Pval
 .bss           0x20000014      0x400 startup.o
                0x20000414                _E_bss = .
 COMMON         0x20000414        0x8 Alarm_Actuator.o
                0x20000414                Alarm_Actuator_state_id
                0x20000418                Alarm_Actuator_state
 COMMON         0x2000041c        0x8 Alarm_Monitor.o
                0x2000041c                Alarm_Monitor_state_id
                0x20000420                Alarm_Monitor_state
 COMMON         0x20000424        0x2 main.o
                0x20000424                Pressure_Sensor_state_id
                0x20000425                Main_Alg_state_id
 *fill*         0x20000426        0x2 
 COMMON         0x20000428        0x4 Main_Alg.o
                0x20000428                Main_Alg_state
 COMMON         0x2000042c        0x4 Pressure_Sensor.o
                0x2000042c                Pressure_Sensor_state
LOAD Alarm_Actuator.o
LOAD Alarm_Monitor.o
LOAD driver.o
LOAD main.o
LOAD Main_Alg.o
LOAD Pressure_Sensor.o
LOAD startup.o
OUTPUT(First_Term_Project1.elf elf32-littlearm)

.debug_info     0x00000000      0x8fa
 .debug_info    0x00000000      0x129 Alarm_Actuator.o
 .debug_info    0x00000129      0x130 Alarm_Monitor.o
 .debug_info    0x00000259      0x103 driver.o
 .debug_info    0x0000035c      0x18b main.o
 .debug_info    0x000004e7      0x14b Main_Alg.o
 .debug_info    0x00000632      0x137 Pressure_Sensor.o
 .debug_info    0x00000769      0x191 startup.o

.debug_abbrev   0x00000000      0x4c8
 .debug_abbrev  0x00000000       0x92 Alarm_Actuator.o
 .debug_abbrev  0x00000092       0x94 Alarm_Monitor.o
 .debug_abbrev  0x00000126       0x9d driver.o
 .debug_abbrev  0x000001c3       0xa5 main.o
 .debug_abbrev  0x00000268       0xce Main_Alg.o
 .debug_abbrev  0x00000336       0xbb Pressure_Sensor.o
 .debug_abbrev  0x000003f1       0xd7 startup.o

.debug_loc      0x00000000      0x424
 .debug_loc     0x00000000       0xdc Alarm_Actuator.o
 .debug_loc     0x000000dc       0xb0 Alarm_Monitor.o
 .debug_loc     0x0000018c       0xc8 driver.o
 .debug_loc     0x00000254       0x58 main.o
 .debug_loc     0x000002ac       0x90 Main_Alg.o
 .debug_loc     0x0000033c       0x84 Pressure_Sensor.o
 .debug_loc     0x000003c0       0x64 startup.o

.debug_aranges  0x00000000       0xe0
 .debug_aranges
                0x00000000       0x20 Alarm_Actuator.o
 .debug_aranges
                0x00000020       0x20 Alarm_Monitor.o
 .debug_aranges
                0x00000040       0x20 driver.o
 .debug_aranges
                0x00000060       0x20 main.o
 .debug_aranges
                0x00000080       0x20 Main_Alg.o
 .debug_aranges
                0x000000a0       0x20 Pressure_Sensor.o
 .debug_aranges
                0x000000c0       0x20 startup.o

.debug_line     0x00000000      0x32c
 .debug_line    0x00000000       0x63 Alarm_Actuator.o
 .debug_line    0x00000063       0x63 Alarm_Monitor.o
 .debug_line    0x000000c6       0x9b driver.o
 .debug_line    0x00000161       0xa9 main.o
 .debug_line    0x0000020a       0x57 Main_Alg.o
 .debug_line    0x00000261       0x62 Pressure_Sensor.o
 .debug_line    0x000002c3       0x69 startup.o

.debug_str      0x00000000      0x462
 .debug_str     0x00000000      0x187 Alarm_Actuator.o
                                0x1f1 (size before relaxing)
 .debug_str     0x00000187       0xab Alarm_Monitor.o
                                0x210 (size before relaxing)
 .debug_str     0x00000232       0x55 driver.o
                                0x175 (size before relaxing)
 .debug_str     0x00000287       0x62 main.o
                                0x2c0 (size before relaxing)
 .debug_str     0x000002e9       0x83 Main_Alg.o
                                0x220 (size before relaxing)
 .debug_str     0x0000036c       0x70 Pressure_Sensor.o
                                0x205 (size before relaxing)
 .debug_str     0x000003dc       0x86 startup.o
                                0x1a6 (size before relaxing)

.comment        0x00000000       0x11
 .comment       0x00000000       0x11 Alarm_Actuator.o
                                 0x12 (size before relaxing)
 .comment       0x00000000       0x12 Alarm_Monitor.o
 .comment       0x00000000       0x12 driver.o
 .comment       0x00000000       0x12 main.o
 .comment       0x00000000       0x12 Main_Alg.o
 .comment       0x00000000       0x12 Pressure_Sensor.o
 .comment       0x00000000       0x12 startup.o

.ARM.attributes
                0x00000000       0x33
 .ARM.attributes
                0x00000000       0x33 Alarm_Actuator.o
 .ARM.attributes
                0x00000033       0x33 Alarm_Monitor.o
 .ARM.attributes
                0x00000066       0x33 driver.o
 .ARM.attributes
                0x00000099       0x33 main.o
 .ARM.attributes
                0x000000cc       0x33 Main_Alg.o
 .ARM.attributes
                0x000000ff       0x33 Pressure_Sensor.o
 .ARM.attributes
                0x00000132       0x33 startup.o

.debug_frame    0x00000000      0x2dc
 .debug_frame   0x00000000       0x90 Alarm_Actuator.o
 .debug_frame   0x00000090       0x7c Alarm_Monitor.o
 .debug_frame   0x0000010c       0x78 driver.o
 .debug_frame   0x00000184       0x48 main.o
 .debug_frame   0x000001cc       0x64 Main_Alg.o
 .debug_frame   0x00000230       0x60 Pressure_Sensor.o
 .debug_frame   0x00000290       0x4c startup.o
