Archive member included to satisfy reference by file (symbol)

c:/st/stm32cubeide_1.4.0/stm32cubeide/plugins/com.st.stm32cube.ide.mcu.externaltools.gnu-tools-for-stm32.7-2018-q2-update.win32_1.4.0.202007081208/tools/bin/../lib/gcc/arm-none-eabi/7.3.1/../../../../arm-none-eabi/lib/thumb/v7-m\libc_nano.a(lib_a-errno.o)
                              Src/syscalls.o (__errno)
c:/st/stm32cubeide_1.4.0/stm32cubeide/plugins/com.st.stm32cube.ide.mcu.externaltools.gnu-tools-for-stm32.7-2018-q2-update.win32_1.4.0.202007081208/tools/bin/../lib/gcc/arm-none-eabi/7.3.1/../../../../arm-none-eabi/lib/thumb/v7-m\libc_nano.a(lib_a-exit.o)
                              c:/st/stm32cubeide_1.4.0/stm32cubeide/plugins/com.st.stm32cube.ide.mcu.externaltools.gnu-tools-for-stm32.7-2018-q2-update.win32_1.4.0.202007081208/tools/bin/../lib/gcc/arm-none-eabi/7.3.1/../../../../arm-none-eabi/lib/thumb/v7-m/crt0.o (exit)
c:/st/stm32cubeide_1.4.0/stm32cubeide/plugins/com.st.stm32cube.ide.mcu.externaltools.gnu-tools-for-stm32.7-2018-q2-update.win32_1.4.0.202007081208/tools/bin/../lib/gcc/arm-none-eabi/7.3.1/../../../../arm-none-eabi/lib/thumb/v7-m\libc_nano.a(lib_a-impure.o)
                              c:/st/stm32cubeide_1.4.0/stm32cubeide/plugins/com.st.stm32cube.ide.mcu.externaltools.gnu-tools-for-stm32.7-2018-q2-update.win32_1.4.0.202007081208/tools/bin/../lib/gcc/arm-none-eabi/7.3.1/../../../../arm-none-eabi/lib/thumb/v7-m\libc_nano.a(lib_a-exit.o) (_global_impure_ptr)
c:/st/stm32cubeide_1.4.0/stm32cubeide/plugins/com.st.stm32cube.ide.mcu.externaltools.gnu-tools-for-stm32.7-2018-q2-update.win32_1.4.0.202007081208/tools/bin/../lib/gcc/arm-none-eabi/7.3.1/../../../../arm-none-eabi/lib/thumb/v7-m\libc_nano.a(lib_a-init.o)
                              c:/st/stm32cubeide_1.4.0/stm32cubeide/plugins/com.st.stm32cube.ide.mcu.externaltools.gnu-tools-for-stm32.7-2018-q2-update.win32_1.4.0.202007081208/tools/bin/../lib/gcc/arm-none-eabi/7.3.1/../../../../arm-none-eabi/lib/thumb/v7-m/crt0.o (__libc_init_array)
c:/st/stm32cubeide_1.4.0/stm32cubeide/plugins/com.st.stm32cube.ide.mcu.externaltools.gnu-tools-for-stm32.7-2018-q2-update.win32_1.4.0.202007081208/tools/bin/../lib/gcc/arm-none-eabi/7.3.1/../../../../arm-none-eabi/lib/thumb/v7-m\libc_nano.a(lib_a-memset.o)
                              c:/st/stm32cubeide_1.4.0/stm32cubeide/plugins/com.st.stm32cube.ide.mcu.externaltools.gnu-tools-for-stm32.7-2018-q2-update.win32_1.4.0.202007081208/tools/bin/../lib/gcc/arm-none-eabi/7.3.1/../../../../arm-none-eabi/lib/thumb/v7-m/crt0.o (memset)

Discarded input sections

 .text          0x0000000000000000        0x0 c:/st/stm32cubeide_1.4.0/stm32cubeide/plugins/com.st.stm32cube.ide.mcu.externaltools.gnu-tools-for-stm32.7-2018-q2-update.win32_1.4.0.202007081208/tools/bin/../lib/gcc/arm-none-eabi/7.3.1/thumb/v7-m/crti.o
 .data          0x0000000000000000        0x0 c:/st/stm32cubeide_1.4.0/stm32cubeide/plugins/com.st.stm32cube.ide.mcu.externaltools.gnu-tools-for-stm32.7-2018-q2-update.win32_1.4.0.202007081208/tools/bin/../lib/gcc/arm-none-eabi/7.3.1/thumb/v7-m/crti.o
 .bss           0x0000000000000000        0x0 c:/st/stm32cubeide_1.4.0/stm32cubeide/plugins/com.st.stm32cube.ide.mcu.externaltools.gnu-tools-for-stm32.7-2018-q2-update.win32_1.4.0.202007081208/tools/bin/../lib/gcc/arm-none-eabi/7.3.1/thumb/v7-m/crti.o
 .data          0x0000000000000000        0x4 c:/st/stm32cubeide_1.4.0/stm32cubeide/plugins/com.st.stm32cube.ide.mcu.externaltools.gnu-tools-for-stm32.7-2018-q2-update.win32_1.4.0.202007081208/tools/bin/../lib/gcc/arm-none-eabi/7.3.1/thumb/v7-m/crtbegin.o
 .text          0x0000000000000000       0x74 c:/st/stm32cubeide_1.4.0/stm32cubeide/plugins/com.st.stm32cube.ide.mcu.externaltools.gnu-tools-for-stm32.7-2018-q2-update.win32_1.4.0.202007081208/tools/bin/../lib/gcc/arm-none-eabi/7.3.1/../../../../arm-none-eabi/lib/thumb/v7-m/crt0.o
 .data          0x0000000000000000        0x0 c:/st/stm32cubeide_1.4.0/stm32cubeide/plugins/com.st.stm32cube.ide.mcu.externaltools.gnu-tools-for-stm32.7-2018-q2-update.win32_1.4.0.202007081208/tools/bin/../lib/gcc/arm-none-eabi/7.3.1/../../../../arm-none-eabi/lib/thumb/v7-m/crt0.o
 .bss           0x0000000000000000        0x0 c:/st/stm32cubeide_1.4.0/stm32cubeide/plugins/com.st.stm32cube.ide.mcu.externaltools.gnu-tools-for-stm32.7-2018-q2-update.win32_1.4.0.202007081208/tools/bin/../lib/gcc/arm-none-eabi/7.3.1/../../../../arm-none-eabi/lib/thumb/v7-m/crt0.o
 .ARM.extab     0x0000000000000000        0x0 c:/st/stm32cubeide_1.4.0/stm32cubeide/plugins/com.st.stm32cube.ide.mcu.externaltools.gnu-tools-for-stm32.7-2018-q2-update.win32_1.4.0.202007081208/tools/bin/../lib/gcc/arm-none-eabi/7.3.1/../../../../arm-none-eabi/lib/thumb/v7-m/crt0.o
 .ARM.exidx     0x0000000000000000        0x8 c:/st/stm32cubeide_1.4.0/stm32cubeide/plugins/com.st.stm32cube.ide.mcu.externaltools.gnu-tools-for-stm32.7-2018-q2-update.win32_1.4.0.202007081208/tools/bin/../lib/gcc/arm-none-eabi/7.3.1/../../../../arm-none-eabi/lib/thumb/v7-m/crt0.o
 .ARM.attributes
                0x0000000000000000       0x1b c:/st/stm32cubeide_1.4.0/stm32cubeide/plugins/com.st.stm32cube.ide.mcu.externaltools.gnu-tools-for-stm32.7-2018-q2-update.win32_1.4.0.202007081208/tools/bin/../lib/gcc/arm-none-eabi/7.3.1/../../../../arm-none-eabi/lib/thumb/v7-m/crt0.o
 .group         0x0000000000000000        0xc Src/main.o
 .group         0x0000000000000000        0xc Src/main.o
 .group         0x0000000000000000        0xc Src/main.o
 .group         0x0000000000000000        0xc Src/main.o
 .group         0x0000000000000000        0xc Src/main.o
 .group         0x0000000000000000        0xc Src/main.o
 .group         0x0000000000000000        0xc Src/main.o
 .group         0x0000000000000000        0xc Src/main.o
 .group         0x0000000000000000        0xc Src/main.o
 .group         0x0000000000000000        0xc Src/main.o
 .group         0x0000000000000000        0xc Src/main.o
 .group         0x0000000000000000        0xc Src/main.o
 .group         0x0000000000000000        0xc Src/main.o
 .group         0x0000000000000000        0xc Src/main.o
 .group         0x0000000000000000        0xc Src/main.o
 .group         0x0000000000000000        0xc Src/main.o
 .group         0x0000000000000000        0xc Src/main.o
 .group         0x0000000000000000        0xc Src/main.o
 .group         0x0000000000000000        0xc Src/main.o
 .group         0x0000000000000000        0xc Src/main.o
 .group         0x0000000000000000        0xc Src/main.o
 .group         0x0000000000000000        0xc Src/main.o
 .group         0x0000000000000000        0xc Src/main.o
 .group         0x0000000000000000        0xc Src/main.o
 .group         0x0000000000000000        0xc Src/main.o
 .group         0x0000000000000000        0xc Src/main.o
 .group         0x0000000000000000        0xc Src/main.o
 .group         0x0000000000000000        0xc Src/main.o
 .group         0x0000000000000000        0xc Src/main.o
 .text          0x0000000000000000        0x0 Src/main.o
 .data          0x0000000000000000        0x0 Src/main.o
 .bss           0x0000000000000000        0x0 Src/main.o
 .group         0x0000000000000000        0xc Src/syscalls.o
 .group         0x0000000000000000        0xc Src/syscalls.o
 .group         0x0000000000000000        0xc Src/syscalls.o
 .group         0x0000000000000000        0xc Src/syscalls.o
 .group         0x0000000000000000        0xc Src/syscalls.o
 .group         0x0000000000000000        0xc Src/syscalls.o
 .group         0x0000000000000000        0xc Src/syscalls.o
 .group         0x0000000000000000        0xc Src/syscalls.o
 .group         0x0000000000000000        0xc Src/syscalls.o
 .group         0x0000000000000000        0xc Src/syscalls.o
 .group         0x0000000000000000        0xc Src/syscalls.o
 .group         0x0000000000000000        0xc Src/syscalls.o
 .group         0x0000000000000000        0xc Src/syscalls.o
 .group         0x0000000000000000        0xc Src/syscalls.o
 .group         0x0000000000000000        0xc Src/syscalls.o
 .group         0x0000000000000000        0xc Src/syscalls.o
 .group         0x0000000000000000        0xc Src/syscalls.o
 .group         0x0000000000000000        0xc Src/syscalls.o
 .group         0x0000000000000000        0xc Src/syscalls.o
 .group         0x0000000000000000        0xc Src/syscalls.o
 .group         0x0000000000000000        0xc Src/syscalls.o
 .group         0x0000000000000000        0xc Src/syscalls.o
 .group         0x0000000000000000        0xc Src/syscalls.o
 .group         0x0000000000000000        0xc Src/syscalls.o
 .group         0x0000000000000000        0xc Src/syscalls.o
 .group         0x0000000000000000        0xc Src/syscalls.o
 .group         0x0000000000000000        0xc Src/syscalls.o
 .group         0x0000000000000000        0xc Src/syscalls.o
 .group         0x0000000000000000        0xc Src/syscalls.o
 .group         0x0000000000000000        0xc Src/syscalls.o
 .group         0x0000000000000000        0xc Src/syscalls.o
 .group         0x0000000000000000        0xc Src/syscalls.o
 .group         0x0000000000000000        0xc Src/syscalls.o
 .group         0x0000000000000000        0xc Src/syscalls.o
 .group         0x0000000000000000        0xc Src/syscalls.o
 .group         0x0000000000000000        0xc Src/syscalls.o
 .group         0x0000000000000000        0xc Src/syscalls.o
 .group         0x0000000000000000        0xc Src/syscalls.o
 .group         0x0000000000000000        0xc Src/syscalls.o
 .group         0x0000000000000000        0xc Src/syscalls.o
 .group         0x0000000000000000        0xc Src/syscalls.o
 .group         0x0000000000000000        0xc Src/syscalls.o
 .group         0x0000000000000000        0xc Src/syscalls.o
 .group         0x0000000000000000        0xc Src/syscalls.o
 .text          0x0000000000000000        0x0 Src/syscalls.o
 .data          0x0000000000000000        0x0 Src/syscalls.o
 .bss           0x0000000000000000        0x0 Src/syscalls.o
 .bss.__env     0x0000000000000000        0x4 Src/syscalls.o
 .data.environ  0x0000000000000000        0x4 Src/syscalls.o
 .text.initialise_monitor_handles
                0x0000000000000000        0xc Src/syscalls.o
 .text._getpid  0x0000000000000000        0xe Src/syscalls.o
 .text._kill    0x0000000000000000       0x20 Src/syscalls.o
 .text._exit    0x0000000000000000       0x14 Src/syscalls.o
 .text._read    0x0000000000000000       0x3a Src/syscalls.o
 .text._write   0x0000000000000000       0x38 Src/syscalls.o
 .text._close   0x0000000000000000       0x16 Src/syscalls.o
 .text._fstat   0x0000000000000000       0x1e Src/syscalls.o
 .text._isatty  0x0000000000000000       0x14 Src/syscalls.o
 .text._lseek   0x0000000000000000       0x18 Src/syscalls.o
 .text._open    0x0000000000000000       0x1a Src/syscalls.o
 .text._wait    0x0000000000000000       0x1e Src/syscalls.o
 .text._unlink  0x0000000000000000       0x1e Src/syscalls.o
 .text._times   0x0000000000000000       0x16 Src/syscalls.o
 .text._stat    0x0000000000000000       0x1e Src/syscalls.o
 .text._link    0x0000000000000000       0x20 Src/syscalls.o
 .text._fork    0x0000000000000000       0x16 Src/syscalls.o
 .text._execve  0x0000000000000000       0x22 Src/syscalls.o
 .debug_info    0x0000000000000000     0x1038 Src/syscalls.o
 .debug_abbrev  0x0000000000000000      0x254 Src/syscalls.o
 .debug_loc     0x0000000000000000      0x5b8 Src/syscalls.o
 .debug_aranges
                0x0000000000000000       0xa8 Src/syscalls.o
 .debug_ranges  0x0000000000000000       0x98 Src/syscalls.o
 .debug_macro   0x0000000000000000      0x243 Src/syscalls.o
 .debug_macro   0x0000000000000000      0xa60 Src/syscalls.o
 .debug_macro   0x0000000000000000       0x22 Src/syscalls.o
 .debug_macro   0x0000000000000000       0x40 Src/syscalls.o
 .debug_macro   0x0000000000000000       0x18 Src/syscalls.o
 .debug_macro   0x0000000000000000       0x94 Src/syscalls.o
 .debug_macro   0x0000000000000000       0x3c Src/syscalls.o
 .debug_macro   0x0000000000000000       0x34 Src/syscalls.o
 .debug_macro   0x0000000000000000       0x57 Src/syscalls.o
 .debug_macro   0x0000000000000000      0x174 Src/syscalls.o
 .debug_macro   0x0000000000000000      0x330 Src/syscalls.o
 .debug_macro   0x0000000000000000       0x52 Src/syscalls.o
 .debug_macro   0x0000000000000000       0x1f Src/syscalls.o
 .debug_macro   0x0000000000000000       0x43 Src/syscalls.o
 .debug_macro   0x0000000000000000       0x20 Src/syscalls.o
 .debug_macro   0x0000000000000000      0x1a3 Src/syscalls.o
 .debug_macro   0x0000000000000000       0x10 Src/syscalls.o
 .debug_macro   0x0000000000000000       0x35 Src/syscalls.o
 .debug_macro   0x0000000000000000       0x10 Src/syscalls.o
 .debug_macro   0x0000000000000000       0x10 Src/syscalls.o
 .debug_macro   0x0000000000000000       0x10 Src/syscalls.o
 .debug_macro   0x0000000000000000       0x6a Src/syscalls.o
 .debug_macro   0x0000000000000000       0x1c Src/syscalls.o
 .debug_macro   0x0000000000000000       0x52 Src/syscalls.o
 .debug_macro   0x0000000000000000       0x40 Src/syscalls.o
 .debug_macro   0x0000000000000000       0x10 Src/syscalls.o
 .debug_macro   0x0000000000000000       0x40 Src/syscalls.o
 .debug_macro   0x0000000000000000       0xd7 Src/syscalls.o
 .debug_macro   0x0000000000000000       0x1c Src/syscalls.o
 .debug_macro   0x0000000000000000       0x3d Src/syscalls.o
 .debug_macro   0x0000000000000000       0x35 Src/syscalls.o
 .debug_macro   0x0000000000000000      0x122 Src/syscalls.o
 .debug_macro   0x0000000000000000       0x16 Src/syscalls.o
 .debug_macro   0x0000000000000000       0x16 Src/syscalls.o
 .debug_macro   0x0000000000000000       0x29 Src/syscalls.o
 .debug_macro   0x0000000000000000       0x10 Src/syscalls.o
 .debug_macro   0x0000000000000000      0x241 Src/syscalls.o
 .debug_macro   0x0000000000000000       0x1c Src/syscalls.o
 .debug_macro   0x0000000000000000       0x10 Src/syscalls.o
 .debug_macro   0x0000000000000000       0x10 Src/syscalls.o
 .debug_macro   0x0000000000000000       0x16 Src/syscalls.o
 .debug_macro   0x0000000000000000      0x145 Src/syscalls.o
 .debug_macro   0x0000000000000000      0x189 Src/syscalls.o
 .debug_macro   0x0000000000000000       0x16 Src/syscalls.o
 .debug_macro   0x0000000000000000       0x88 Src/syscalls.o
 .debug_line    0x0000000000000000      0x739 Src/syscalls.o
 .debug_str     0x0000000000000000     0x887a Src/syscalls.o
 .comment       0x0000000000000000       0x7c Src/syscalls.o
 .debug_frame   0x0000000000000000      0x2ac Src/syscalls.o
 .ARM.attributes
                0x0000000000000000       0x33 Src/syscalls.o
 .group         0x0000000000000000        0xc Src/sysmem.o
 .group         0x0000000000000000        0xc Src/sysmem.o
 .group         0x0000000000000000        0xc Src/sysmem.o
 .group         0x0000000000000000        0xc Src/sysmem.o
 .group         0x0000000000000000        0xc Src/sysmem.o
 .group         0x0000000000000000        0xc Src/sysmem.o
 .group         0x0000000000000000        0xc Src/sysmem.o
 .group         0x0000000000000000        0xc Src/sysmem.o
 .group         0x0000000000000000        0xc Src/sysmem.o
 .group         0x0000000000000000        0xc Src/sysmem.o
 .group         0x0000000000000000        0xc Src/sysmem.o
 .group         0x0000000000000000        0xc Src/sysmem.o
 .group         0x0000000000000000        0xc Src/sysmem.o
 .group         0x0000000000000000        0xc Src/sysmem.o
 .group         0x0000000000000000        0xc Src/sysmem.o
 .group         0x0000000000000000        0xc Src/sysmem.o
 .group         0x0000000000000000        0xc Src/sysmem.o
 .group         0x0000000000000000        0xc Src/sysmem.o
 .group         0x0000000000000000        0xc Src/sysmem.o
 .text          0x0000000000000000        0x0 Src/sysmem.o
 .data          0x0000000000000000        0x0 Src/sysmem.o
 .bss           0x0000000000000000        0x0 Src/sysmem.o
 .bss.__sbrk_heap_end
                0x0000000000000000        0x4 Src/sysmem.o
 .text._sbrk    0x0000000000000000       0x6c Src/sysmem.o
 .debug_info    0x0000000000000000      0xa7c Src/sysmem.o
 .debug_abbrev  0x0000000000000000      0x18e Src/sysmem.o
 .debug_loc     0x0000000000000000       0x50 Src/sysmem.o
 .debug_aranges
                0x0000000000000000       0x20 Src/sysmem.o
 .debug_ranges  0x0000000000000000       0x10 Src/sysmem.o
 .debug_macro   0x0000000000000000       0xee Src/sysmem.o
 .debug_macro   0x0000000000000000      0xa60 Src/sysmem.o
 .debug_macro   0x0000000000000000       0x10 Src/sysmem.o
 .debug_macro   0x0000000000000000       0x22 Src/sysmem.o
 .debug_macro   0x0000000000000000       0x40 Src/sysmem.o
 .debug_macro   0x0000000000000000       0x18 Src/sysmem.o
 .debug_macro   0x0000000000000000       0x94 Src/sysmem.o
 .debug_macro   0x0000000000000000       0x3c Src/sysmem.o
 .debug_macro   0x0000000000000000       0x34 Src/sysmem.o
 .debug_macro   0x0000000000000000      0x174 Src/sysmem.o
 .debug_macro   0x0000000000000000       0x57 Src/sysmem.o
 .debug_macro   0x0000000000000000       0x52 Src/sysmem.o
 .debug_macro   0x0000000000000000       0x1f Src/sysmem.o
 .debug_macro   0x0000000000000000       0x43 Src/sysmem.o
 .debug_macro   0x0000000000000000       0x20 Src/sysmem.o
 .debug_macro   0x0000000000000000      0x1a3 Src/sysmem.o
 .debug_macro   0x0000000000000000      0x23b Src/sysmem.o
 .debug_macro   0x0000000000000000       0xef Src/sysmem.o
 .debug_macro   0x0000000000000000       0x6a Src/sysmem.o
 .debug_macro   0x0000000000000000      0x1df Src/sysmem.o
 .debug_line    0x0000000000000000      0x4c2 Src/sysmem.o
 .debug_str     0x0000000000000000     0x5f48 Src/sysmem.o
 .comment       0x0000000000000000       0x7c Src/sysmem.o
 .debug_frame   0x0000000000000000       0x34 Src/sysmem.o
 .ARM.attributes
                0x0000000000000000       0x33 Src/sysmem.o
 .text          0x0000000000000000       0x14 Startup/startup_stm32f103c6tx.o
 .data          0x0000000000000000        0x0 Startup/startup_stm32f103c6tx.o
 .bss           0x0000000000000000        0x0 Startup/startup_stm32f103c6tx.o
 .group         0x0000000000000000        0xc Stm32_F103C6_Drivers/HAL/KPD_Driver/KPD_program.o
 .group         0x0000000000000000        0xc Stm32_F103C6_Drivers/HAL/KPD_Driver/KPD_program.o
 .group         0x0000000000000000        0xc Stm32_F103C6_Drivers/HAL/KPD_Driver/KPD_program.o
 .group         0x0000000000000000        0xc Stm32_F103C6_Drivers/HAL/KPD_Driver/KPD_program.o
 .group         0x0000000000000000        0xc Stm32_F103C6_Drivers/HAL/KPD_Driver/KPD_program.o
 .group         0x0000000000000000        0xc Stm32_F103C6_Drivers/HAL/KPD_Driver/KPD_program.o
 .group         0x0000000000000000        0xc Stm32_F103C6_Drivers/HAL/KPD_Driver/KPD_program.o
 .group         0x0000000000000000        0xc Stm32_F103C6_Drivers/HAL/KPD_Driver/KPD_program.o
 .group         0x0000000000000000        0xc Stm32_F103C6_Drivers/HAL/KPD_Driver/KPD_program.o
 .group         0x0000000000000000        0xc Stm32_F103C6_Drivers/HAL/KPD_Driver/KPD_program.o
 .group         0x0000000000000000        0xc Stm32_F103C6_Drivers/HAL/KPD_Driver/KPD_program.o
 .group         0x0000000000000000        0xc Stm32_F103C6_Drivers/HAL/KPD_Driver/KPD_program.o
 .group         0x0000000000000000        0xc Stm32_F103C6_Drivers/HAL/KPD_Driver/KPD_program.o
 .group         0x0000000000000000        0xc Stm32_F103C6_Drivers/HAL/KPD_Driver/KPD_program.o
 .group         0x0000000000000000        0xc Stm32_F103C6_Drivers/HAL/KPD_Driver/KPD_program.o
 .group         0x0000000000000000        0xc Stm32_F103C6_Drivers/HAL/KPD_Driver/KPD_program.o
 .group         0x0000000000000000        0xc Stm32_F103C6_Drivers/HAL/KPD_Driver/KPD_program.o
 .group         0x0000000000000000        0xc Stm32_F103C6_Drivers/HAL/KPD_Driver/KPD_program.o
 .group         0x0000000000000000        0xc Stm32_F103C6_Drivers/HAL/KPD_Driver/KPD_program.o
 .group         0x0000000000000000        0xc Stm32_F103C6_Drivers/HAL/KPD_Driver/KPD_program.o
 .group         0x0000000000000000        0xc Stm32_F103C6_Drivers/HAL/KPD_Driver/KPD_program.o
 .group         0x0000000000000000        0xc Stm32_F103C6_Drivers/HAL/KPD_Driver/KPD_program.o
 .group         0x0000000000000000        0xc Stm32_F103C6_Drivers/HAL/KPD_Driver/KPD_program.o
 .group         0x0000000000000000        0xc Stm32_F103C6_Drivers/HAL/KPD_Driver/KPD_program.o
 .group         0x0000000000000000        0xc Stm32_F103C6_Drivers/HAL/KPD_Driver/KPD_program.o
 .group         0x0000000000000000        0xc Stm32_F103C6_Drivers/HAL/KPD_Driver/KPD_program.o
 .group         0x0000000000000000        0xc Stm32_F103C6_Drivers/HAL/KPD_Driver/KPD_program.o
 .text          0x0000000000000000        0x0 Stm32_F103C6_Drivers/HAL/KPD_Driver/KPD_program.o
 .data          0x0000000000000000        0x0 Stm32_F103C6_Drivers/HAL/KPD_Driver/KPD_program.o
 .bss           0x0000000000000000        0x0 Stm32_F103C6_Drivers/HAL/KPD_Driver/KPD_program.o
 .rodata        0x0000000000000000       0x18 Stm32_F103C6_Drivers/HAL/KPD_Driver/KPD_program.o
 .text.KPD_getValue
                0x0000000000000000      0x134 Stm32_F103C6_Drivers/HAL/KPD_Driver/KPD_program.o
 .debug_macro   0x0000000000000000      0xa60 Stm32_F103C6_Drivers/HAL/KPD_Driver/KPD_program.o
 .debug_macro   0x0000000000000000       0x18 Stm32_F103C6_Drivers/HAL/KPD_Driver/KPD_program.o
 .debug_macro   0x0000000000000000       0x22 Stm32_F103C6_Drivers/HAL/KPD_Driver/KPD_program.o
 .debug_macro   0x0000000000000000       0x40 Stm32_F103C6_Drivers/HAL/KPD_Driver/KPD_program.o
 .debug_macro   0x0000000000000000       0x94 Stm32_F103C6_Drivers/HAL/KPD_Driver/KPD_program.o
 .debug_macro   0x0000000000000000       0x3c Stm32_F103C6_Drivers/HAL/KPD_Driver/KPD_program.o
 .debug_macro   0x0000000000000000       0x34 Stm32_F103C6_Drivers/HAL/KPD_Driver/KPD_program.o
 .debug_macro   0x0000000000000000       0x16 Stm32_F103C6_Drivers/HAL/KPD_Driver/KPD_program.o
 .debug_macro   0x0000000000000000      0x10e Stm32_F103C6_Drivers/HAL/KPD_Driver/KPD_program.o
 .debug_macro   0x0000000000000000       0x8d Stm32_F103C6_Drivers/HAL/KPD_Driver/KPD_program.o
 .debug_macro   0x0000000000000000       0x57 Stm32_F103C6_Drivers/HAL/KPD_Driver/KPD_program.o
 .debug_macro   0x0000000000000000       0x52 Stm32_F103C6_Drivers/HAL/KPD_Driver/KPD_program.o
 .debug_macro   0x0000000000000000       0x1f Stm32_F103C6_Drivers/HAL/KPD_Driver/KPD_program.o
 .debug_macro   0x0000000000000000       0x43 Stm32_F103C6_Drivers/HAL/KPD_Driver/KPD_program.o
 .debug_macro   0x0000000000000000       0x20 Stm32_F103C6_Drivers/HAL/KPD_Driver/KPD_program.o
 .debug_macro   0x0000000000000000      0x1a3 Stm32_F103C6_Drivers/HAL/KPD_Driver/KPD_program.o
 .debug_macro   0x0000000000000000      0x330 Stm32_F103C6_Drivers/HAL/KPD_Driver/KPD_program.o
 .debug_macro   0x0000000000000000       0x16 Stm32_F103C6_Drivers/HAL/KPD_Driver/KPD_program.o
 .debug_macro   0x0000000000000000       0x29 Stm32_F103C6_Drivers/HAL/KPD_Driver/KPD_program.o
 .debug_macro   0x0000000000000000       0xef Stm32_F103C6_Drivers/HAL/KPD_Driver/KPD_program.o
 .debug_macro   0x0000000000000000       0x6a Stm32_F103C6_Drivers/HAL/KPD_Driver/KPD_program.o
 .debug_macro   0x0000000000000000      0x1df Stm32_F103C6_Drivers/HAL/KPD_Driver/KPD_program.o
 .debug_macro   0x0000000000000000      0x1b0 Stm32_F103C6_Drivers/HAL/KPD_Driver/KPD_program.o
 .debug_macro   0x0000000000000000       0x10 Stm32_F103C6_Drivers/HAL/KPD_Driver/KPD_program.o
 .debug_macro   0x0000000000000000       0x4c Stm32_F103C6_Drivers/HAL/KPD_Driver/KPD_program.o
 .group         0x0000000000000000        0xc Stm32_F103C6_Drivers/HAL/LCD_Driver/LCD_program.o
 .group         0x0000000000000000        0xc Stm32_F103C6_Drivers/HAL/LCD_Driver/LCD_program.o
 .group         0x0000000000000000        0xc Stm32_F103C6_Drivers/HAL/LCD_Driver/LCD_program.o
 .group         0x0000000000000000        0xc Stm32_F103C6_Drivers/HAL/LCD_Driver/LCD_program.o
 .group         0x0000000000000000        0xc Stm32_F103C6_Drivers/HAL/LCD_Driver/LCD_program.o
 .group         0x0000000000000000        0xc Stm32_F103C6_Drivers/HAL/LCD_Driver/LCD_program.o
 .group         0x0000000000000000        0xc Stm32_F103C6_Drivers/HAL/LCD_Driver/LCD_program.o
 .group         0x0000000000000000        0xc Stm32_F103C6_Drivers/HAL/LCD_Driver/LCD_program.o
 .group         0x0000000000000000        0xc Stm32_F103C6_Drivers/HAL/LCD_Driver/LCD_program.o
 .group         0x0000000000000000        0xc Stm32_F103C6_Drivers/HAL/LCD_Driver/LCD_program.o
 .group         0x0000000000000000        0xc Stm32_F103C6_Drivers/HAL/LCD_Driver/LCD_program.o
 .group         0x0000000000000000        0xc Stm32_F103C6_Drivers/HAL/LCD_Driver/LCD_program.o
 .group         0x0000000000000000        0xc Stm32_F103C6_Drivers/HAL/LCD_Driver/LCD_program.o
 .group         0x0000000000000000        0xc Stm32_F103C6_Drivers/HAL/LCD_Driver/LCD_program.o
 .group         0x0000000000000000        0xc Stm32_F103C6_Drivers/HAL/LCD_Driver/LCD_program.o
 .group         0x0000000000000000        0xc Stm32_F103C6_Drivers/HAL/LCD_Driver/LCD_program.o
 .group         0x0000000000000000        0xc Stm32_F103C6_Drivers/HAL/LCD_Driver/LCD_program.o
 .group         0x0000000000000000        0xc Stm32_F103C6_Drivers/HAL/LCD_Driver/LCD_program.o
 .group         0x0000000000000000        0xc Stm32_F103C6_Drivers/HAL/LCD_Driver/LCD_program.o
 .group         0x0000000000000000        0xc Stm32_F103C6_Drivers/HAL/LCD_Driver/LCD_program.o
 .group         0x0000000000000000        0xc Stm32_F103C6_Drivers/HAL/LCD_Driver/LCD_program.o
 .group         0x0000000000000000        0xc Stm32_F103C6_Drivers/HAL/LCD_Driver/LCD_program.o
 .group         0x0000000000000000        0xc Stm32_F103C6_Drivers/HAL/LCD_Driver/LCD_program.o
 .group         0x0000000000000000        0xc Stm32_F103C6_Drivers/HAL/LCD_Driver/LCD_program.o
 .group         0x0000000000000000        0xc Stm32_F103C6_Drivers/HAL/LCD_Driver/LCD_program.o
 .group         0x0000000000000000        0xc Stm32_F103C6_Drivers/HAL/LCD_Driver/LCD_program.o
 .group         0x0000000000000000        0xc Stm32_F103C6_Drivers/HAL/LCD_Driver/LCD_program.o
 .text          0x0000000000000000        0x0 Stm32_F103C6_Drivers/HAL/LCD_Driver/LCD_program.o
 .data          0x0000000000000000        0x0 Stm32_F103C6_Drivers/HAL/LCD_Driver/LCD_program.o
 .bss           0x0000000000000000        0x0 Stm32_F103C6_Drivers/HAL/LCD_Driver/LCD_program.o
 .text.LCD_shift
                0x0000000000000000       0x38 Stm32_F103C6_Drivers/HAL/LCD_Driver/LCD_program.o
 .text.LCD_goToSpecificPosition
                0x0000000000000000       0x4a Stm32_F103C6_Drivers/HAL/LCD_Driver/LCD_program.o
 .text.LCD_writeNumber
                0x0000000000000000       0x90 Stm32_F103C6_Drivers/HAL/LCD_Driver/LCD_program.o
 .text.LCD_Custom_Char
                0x0000000000000000       0x4a Stm32_F103C6_Drivers/HAL/LCD_Driver/LCD_program.o
 .text.LCD_SaveIn_CGRAM
                0x0000000000000000      0x18e Stm32_F103C6_Drivers/HAL/LCD_Driver/LCD_program.o
 .debug_macro   0x0000000000000000      0xa60 Stm32_F103C6_Drivers/HAL/LCD_Driver/LCD_program.o
 .debug_macro   0x0000000000000000       0x22 Stm32_F103C6_Drivers/HAL/LCD_Driver/LCD_program.o
 .debug_macro   0x0000000000000000       0x18 Stm32_F103C6_Drivers/HAL/LCD_Driver/LCD_program.o
 .debug_macro   0x0000000000000000       0x22 Stm32_F103C6_Drivers/HAL/LCD_Driver/LCD_program.o
 .debug_macro   0x0000000000000000       0x40 Stm32_F103C6_Drivers/HAL/LCD_Driver/LCD_program.o
 .debug_macro   0x0000000000000000       0x94 Stm32_F103C6_Drivers/HAL/LCD_Driver/LCD_program.o
 .debug_macro   0x0000000000000000       0x3c Stm32_F103C6_Drivers/HAL/LCD_Driver/LCD_program.o
 .debug_macro   0x0000000000000000       0x34 Stm32_F103C6_Drivers/HAL/LCD_Driver/LCD_program.o
 .debug_macro   0x0000000000000000       0x16 Stm32_F103C6_Drivers/HAL/LCD_Driver/LCD_program.o
 .debug_macro   0x0000000000000000      0x10e Stm32_F103C6_Drivers/HAL/LCD_Driver/LCD_program.o
 .debug_macro   0x0000000000000000       0x8d Stm32_F103C6_Drivers/HAL/LCD_Driver/LCD_program.o
 .debug_macro   0x0000000000000000       0x57 Stm32_F103C6_Drivers/HAL/LCD_Driver/LCD_program.o
 .debug_macro   0x0000000000000000       0x52 Stm32_F103C6_Drivers/HAL/LCD_Driver/LCD_program.o
 .debug_macro   0x0000000000000000       0x1f Stm32_F103C6_Drivers/HAL/LCD_Driver/LCD_program.o
 .debug_macro   0x0000000000000000       0x43 Stm32_F103C6_Drivers/HAL/LCD_Driver/LCD_program.o
 .debug_macro   0x0000000000000000       0x20 Stm32_F103C6_Drivers/HAL/LCD_Driver/LCD_program.o
 .debug_macro   0x0000000000000000      0x1a3 Stm32_F103C6_Drivers/HAL/LCD_Driver/LCD_program.o
 .debug_macro   0x0000000000000000      0x330 Stm32_F103C6_Drivers/HAL/LCD_Driver/LCD_program.o
 .debug_macro   0x0000000000000000       0x16 Stm32_F103C6_Drivers/HAL/LCD_Driver/LCD_program.o
 .debug_macro   0x0000000000000000       0x29 Stm32_F103C6_Drivers/HAL/LCD_Driver/LCD_program.o
 .debug_macro   0x0000000000000000       0xef Stm32_F103C6_Drivers/HAL/LCD_Driver/LCD_program.o
 .debug_macro   0x0000000000000000       0x6a Stm32_F103C6_Drivers/HAL/LCD_Driver/LCD_program.o
 .debug_macro   0x0000000000000000      0x1df Stm32_F103C6_Drivers/HAL/LCD_Driver/LCD_program.o
 .debug_macro   0x0000000000000000      0x1b0 Stm32_F103C6_Drivers/HAL/LCD_Driver/LCD_program.o
 .debug_macro   0x0000000000000000       0xd6 Stm32_F103C6_Drivers/HAL/LCD_Driver/LCD_program.o
 .debug_macro   0x0000000000000000       0x2e Stm32_F103C6_Drivers/HAL/LCD_Driver/LCD_program.o
 .debug_macro   0x0000000000000000       0x6a Stm32_F103C6_Drivers/HAL/LCD_Driver/LCD_program.o
 .group         0x0000000000000000        0xc Stm32_F103C6_Drivers/MCAL/EXTI/Stm32_F103C6_EXTI_Driver.o
 .group         0x0000000000000000        0xc Stm32_F103C6_Drivers/MCAL/EXTI/Stm32_F103C6_EXTI_Driver.o
 .group         0x0000000000000000        0xc Stm32_F103C6_Drivers/MCAL/EXTI/Stm32_F103C6_EXTI_Driver.o
 .group         0x0000000000000000        0xc Stm32_F103C6_Drivers/MCAL/EXTI/Stm32_F103C6_EXTI_Driver.o
 .group         0x0000000000000000        0xc Stm32_F103C6_Drivers/MCAL/EXTI/Stm32_F103C6_EXTI_Driver.o
 .group         0x0000000000000000        0xc Stm32_F103C6_Drivers/MCAL/EXTI/Stm32_F103C6_EXTI_Driver.o
 .group         0x0000000000000000        0xc Stm32_F103C6_Drivers/MCAL/EXTI/Stm32_F103C6_EXTI_Driver.o
 .group         0x0000000000000000        0xc Stm32_F103C6_Drivers/MCAL/EXTI/Stm32_F103C6_EXTI_Driver.o
 .group         0x0000000000000000        0xc Stm32_F103C6_Drivers/MCAL/EXTI/Stm32_F103C6_EXTI_Driver.o
 .group         0x0000000000000000        0xc Stm32_F103C6_Drivers/MCAL/EXTI/Stm32_F103C6_EXTI_Driver.o
 .group         0x0000000000000000        0xc Stm32_F103C6_Drivers/MCAL/EXTI/Stm32_F103C6_EXTI_Driver.o
 .group         0x0000000000000000        0xc Stm32_F103C6_Drivers/MCAL/EXTI/Stm32_F103C6_EXTI_Driver.o
 .group         0x0000000000000000        0xc Stm32_F103C6_Drivers/MCAL/EXTI/Stm32_F103C6_EXTI_Driver.o
 .group         0x0000000000000000        0xc Stm32_F103C6_Drivers/MCAL/EXTI/Stm32_F103C6_EXTI_Driver.o
 .group         0x0000000000000000        0xc Stm32_F103C6_Drivers/MCAL/EXTI/Stm32_F103C6_EXTI_Driver.o
 .group         0x0000000000000000        0xc Stm32_F103C6_Drivers/MCAL/EXTI/Stm32_F103C6_EXTI_Driver.o
 .group         0x0000000000000000        0xc Stm32_F103C6_Drivers/MCAL/EXTI/Stm32_F103C6_EXTI_Driver.o
 .group         0x0000000000000000        0xc Stm32_F103C6_Drivers/MCAL/EXTI/Stm32_F103C6_EXTI_Driver.o
 .group         0x0000000000000000        0xc Stm32_F103C6_Drivers/MCAL/EXTI/Stm32_F103C6_EXTI_Driver.o
 .group         0x0000000000000000        0xc Stm32_F103C6_Drivers/MCAL/EXTI/Stm32_F103C6_EXTI_Driver.o
 .group         0x0000000000000000        0xc Stm32_F103C6_Drivers/MCAL/EXTI/Stm32_F103C6_EXTI_Driver.o
 .group         0x0000000000000000        0xc Stm32_F103C6_Drivers/MCAL/EXTI/Stm32_F103C6_EXTI_Driver.o
 .group         0x0000000000000000        0xc Stm32_F103C6_Drivers/MCAL/EXTI/Stm32_F103C6_EXTI_Driver.o
 .group         0x0000000000000000        0xc Stm32_F103C6_Drivers/MCAL/EXTI/Stm32_F103C6_EXTI_Driver.o
 .group         0x0000000000000000        0xc Stm32_F103C6_Drivers/MCAL/EXTI/Stm32_F103C6_EXTI_Driver.o
 .text          0x0000000000000000        0x0 Stm32_F103C6_Drivers/MCAL/EXTI/Stm32_F103C6_EXTI_Driver.o
 .data          0x0000000000000000        0x0 Stm32_F103C6_Drivers/MCAL/EXTI/Stm32_F103C6_EXTI_Driver.o
 .bss           0x0000000000000000        0x0 Stm32_F103C6_Drivers/MCAL/EXTI/Stm32_F103C6_EXTI_Driver.o
 .text.MCAL_EXTI_GPIO_DeInit
                0x0000000000000000       0x94 Stm32_F103C6_Drivers/MCAL/EXTI/Stm32_F103C6_EXTI_Driver.o
 .text.MCAL_EXTI_GPIO_Update
                0x0000000000000000       0x16 Stm32_F103C6_Drivers/MCAL/EXTI/Stm32_F103C6_EXTI_Driver.o
 .debug_macro   0x0000000000000000      0xa60 Stm32_F103C6_Drivers/MCAL/EXTI/Stm32_F103C6_EXTI_Driver.o
 .debug_macro   0x0000000000000000       0x18 Stm32_F103C6_Drivers/MCAL/EXTI/Stm32_F103C6_EXTI_Driver.o
 .debug_macro   0x0000000000000000       0x22 Stm32_F103C6_Drivers/MCAL/EXTI/Stm32_F103C6_EXTI_Driver.o
 .debug_macro   0x0000000000000000       0x40 Stm32_F103C6_Drivers/MCAL/EXTI/Stm32_F103C6_EXTI_Driver.o
 .debug_macro   0x0000000000000000       0x94 Stm32_F103C6_Drivers/MCAL/EXTI/Stm32_F103C6_EXTI_Driver.o
 .debug_macro   0x0000000000000000       0x3c Stm32_F103C6_Drivers/MCAL/EXTI/Stm32_F103C6_EXTI_Driver.o
 .debug_macro   0x0000000000000000       0x34 Stm32_F103C6_Drivers/MCAL/EXTI/Stm32_F103C6_EXTI_Driver.o
 .debug_macro   0x0000000000000000       0x16 Stm32_F103C6_Drivers/MCAL/EXTI/Stm32_F103C6_EXTI_Driver.o
 .debug_macro   0x0000000000000000      0x10e Stm32_F103C6_Drivers/MCAL/EXTI/Stm32_F103C6_EXTI_Driver.o
 .debug_macro   0x0000000000000000       0x8d Stm32_F103C6_Drivers/MCAL/EXTI/Stm32_F103C6_EXTI_Driver.o
 .debug_macro   0x0000000000000000       0x57 Stm32_F103C6_Drivers/MCAL/EXTI/Stm32_F103C6_EXTI_Driver.o
 .debug_macro   0x0000000000000000       0x52 Stm32_F103C6_Drivers/MCAL/EXTI/Stm32_F103C6_EXTI_Driver.o
 .debug_macro   0x0000000000000000       0x1f Stm32_F103C6_Drivers/MCAL/EXTI/Stm32_F103C6_EXTI_Driver.o
 .debug_macro   0x0000000000000000       0x43 Stm32_F103C6_Drivers/MCAL/EXTI/Stm32_F103C6_EXTI_Driver.o
 .debug_macro   0x0000000000000000       0x20 Stm32_F103C6_Drivers/MCAL/EXTI/Stm32_F103C6_EXTI_Driver.o
 .debug_macro   0x0000000000000000      0x1a3 Stm32_F103C6_Drivers/MCAL/EXTI/Stm32_F103C6_EXTI_Driver.o
 .debug_macro   0x0000000000000000      0x330 Stm32_F103C6_Drivers/MCAL/EXTI/Stm32_F103C6_EXTI_Driver.o
 .debug_macro   0x0000000000000000       0x16 Stm32_F103C6_Drivers/MCAL/EXTI/Stm32_F103C6_EXTI_Driver.o
 .debug_macro   0x0000000000000000       0x29 Stm32_F103C6_Drivers/MCAL/EXTI/Stm32_F103C6_EXTI_Driver.o
 .debug_macro   0x0000000000000000       0xef Stm32_F103C6_Drivers/MCAL/EXTI/Stm32_F103C6_EXTI_Driver.o
 .debug_macro   0x0000000000000000       0x6a Stm32_F103C6_Drivers/MCAL/EXTI/Stm32_F103C6_EXTI_Driver.o
 .debug_macro   0x0000000000000000      0x1df Stm32_F103C6_Drivers/MCAL/EXTI/Stm32_F103C6_EXTI_Driver.o
 .debug_macro   0x0000000000000000      0x1b0 Stm32_F103C6_Drivers/MCAL/EXTI/Stm32_F103C6_EXTI_Driver.o
 .debug_macro   0x0000000000000000       0xd6 Stm32_F103C6_Drivers/MCAL/EXTI/Stm32_F103C6_EXTI_Driver.o
 .group         0x0000000000000000        0xc Stm32_F103C6_Drivers/MCAL/GPIO/Stm32_F103C6_GPIO_Driver.o
 .group         0x0000000000000000        0xc Stm32_F103C6_Drivers/MCAL/GPIO/Stm32_F103C6_GPIO_Driver.o
 .group         0x0000000000000000        0xc Stm32_F103C6_Drivers/MCAL/GPIO/Stm32_F103C6_GPIO_Driver.o
 .group         0x0000000000000000        0xc Stm32_F103C6_Drivers/MCAL/GPIO/Stm32_F103C6_GPIO_Driver.o
 .group         0x0000000000000000        0xc Stm32_F103C6_Drivers/MCAL/GPIO/Stm32_F103C6_GPIO_Driver.o
 .group         0x0000000000000000        0xc Stm32_F103C6_Drivers/MCAL/GPIO/Stm32_F103C6_GPIO_Driver.o
 .group         0x0000000000000000        0xc Stm32_F103C6_Drivers/MCAL/GPIO/Stm32_F103C6_GPIO_Driver.o
 .group         0x0000000000000000        0xc Stm32_F103C6_Drivers/MCAL/GPIO/Stm32_F103C6_GPIO_Driver.o
 .group         0x0000000000000000        0xc Stm32_F103C6_Drivers/MCAL/GPIO/Stm32_F103C6_GPIO_Driver.o
 .group         0x0000000000000000        0xc Stm32_F103C6_Drivers/MCAL/GPIO/Stm32_F103C6_GPIO_Driver.o
 .group         0x0000000000000000        0xc Stm32_F103C6_Drivers/MCAL/GPIO/Stm32_F103C6_GPIO_Driver.o
 .group         0x0000000000000000        0xc Stm32_F103C6_Drivers/MCAL/GPIO/Stm32_F103C6_GPIO_Driver.o
 .group         0x0000000000000000        0xc Stm32_F103C6_Drivers/MCAL/GPIO/Stm32_F103C6_GPIO_Driver.o
 .group         0x0000000000000000        0xc Stm32_F103C6_Drivers/MCAL/GPIO/Stm32_F103C6_GPIO_Driver.o
 .group         0x0000000000000000        0xc Stm32_F103C6_Drivers/MCAL/GPIO/Stm32_F103C6_GPIO_Driver.o
 .group         0x0000000000000000        0xc Stm32_F103C6_Drivers/MCAL/GPIO/Stm32_F103C6_GPIO_Driver.o
 .group         0x0000000000000000        0xc Stm32_F103C6_Drivers/MCAL/GPIO/Stm32_F103C6_GPIO_Driver.o
 .group         0x0000000000000000        0xc Stm32_F103C6_Drivers/MCAL/GPIO/Stm32_F103C6_GPIO_Driver.o
 .group         0x0000000000000000        0xc Stm32_F103C6_Drivers/MCAL/GPIO/Stm32_F103C6_GPIO_Driver.o
 .group         0x0000000000000000        0xc Stm32_F103C6_Drivers/MCAL/GPIO/Stm32_F103C6_GPIO_Driver.o
 .group         0x0000000000000000        0xc Stm32_F103C6_Drivers/MCAL/GPIO/Stm32_F103C6_GPIO_Driver.o
 .group         0x0000000000000000        0xc Stm32_F103C6_Drivers/MCAL/GPIO/Stm32_F103C6_GPIO_Driver.o
 .group         0x0000000000000000        0xc Stm32_F103C6_Drivers/MCAL/GPIO/Stm32_F103C6_GPIO_Driver.o
 .group         0x0000000000000000        0xc Stm32_F103C6_Drivers/MCAL/GPIO/Stm32_F103C6_GPIO_Driver.o
 .text          0x0000000000000000        0x0 Stm32_F103C6_Drivers/MCAL/GPIO/Stm32_F103C6_GPIO_Driver.o
 .data          0x0000000000000000        0x0 Stm32_F103C6_Drivers/MCAL/GPIO/Stm32_F103C6_GPIO_Driver.o
 .bss           0x0000000000000000        0x0 Stm32_F103C6_Drivers/MCAL/GPIO/Stm32_F103C6_GPIO_Driver.o
 .text.MCAL_GPIO_DeInit
                0x0000000000000000       0xd4 Stm32_F103C6_Drivers/MCAL/GPIO/Stm32_F103C6_GPIO_Driver.o
 .text.MCAL_GPIO_ReadPin
                0x0000000000000000       0x2e Stm32_F103C6_Drivers/MCAL/GPIO/Stm32_F103C6_GPIO_Driver.o
 .text.MCAL_GPIO_ReadPort
                0x0000000000000000       0x1a Stm32_F103C6_Drivers/MCAL/GPIO/Stm32_F103C6_GPIO_Driver.o
 .text.MCAL_GPIO_WritePort
                0x0000000000000000       0x1c Stm32_F103C6_Drivers/MCAL/GPIO/Stm32_F103C6_GPIO_Driver.o
 .text.MCAL_GPIO_TogglePin
                0x0000000000000000       0x22 Stm32_F103C6_Drivers/MCAL/GPIO/Stm32_F103C6_GPIO_Driver.o
 .text.MCAL_GPIO_TogglePort
                0x0000000000000000       0x22 Stm32_F103C6_Drivers/MCAL/GPIO/Stm32_F103C6_GPIO_Driver.o
 .text.MCAL_GPIO_LockPin
                0x0000000000000000       0x4e Stm32_F103C6_Drivers/MCAL/GPIO/Stm32_F103C6_GPIO_Driver.o
 .debug_macro   0x0000000000000000      0xa60 Stm32_F103C6_Drivers/MCAL/GPIO/Stm32_F103C6_GPIO_Driver.o
 .debug_macro   0x0000000000000000       0x18 Stm32_F103C6_Drivers/MCAL/GPIO/Stm32_F103C6_GPIO_Driver.o
 .debug_macro   0x0000000000000000       0x22 Stm32_F103C6_Drivers/MCAL/GPIO/Stm32_F103C6_GPIO_Driver.o
 .debug_macro   0x0000000000000000       0x40 Stm32_F103C6_Drivers/MCAL/GPIO/Stm32_F103C6_GPIO_Driver.o
 .debug_macro   0x0000000000000000       0x94 Stm32_F103C6_Drivers/MCAL/GPIO/Stm32_F103C6_GPIO_Driver.o
 .debug_macro   0x0000000000000000       0x3c Stm32_F103C6_Drivers/MCAL/GPIO/Stm32_F103C6_GPIO_Driver.o
 .debug_macro   0x0000000000000000       0x34 Stm32_F103C6_Drivers/MCAL/GPIO/Stm32_F103C6_GPIO_Driver.o
 .debug_macro   0x0000000000000000       0x16 Stm32_F103C6_Drivers/MCAL/GPIO/Stm32_F103C6_GPIO_Driver.o
 .debug_macro   0x0000000000000000      0x10e Stm32_F103C6_Drivers/MCAL/GPIO/Stm32_F103C6_GPIO_Driver.o
 .debug_macro   0x0000000000000000       0x8d Stm32_F103C6_Drivers/MCAL/GPIO/Stm32_F103C6_GPIO_Driver.o
 .debug_macro   0x0000000000000000       0x57 Stm32_F103C6_Drivers/MCAL/GPIO/Stm32_F103C6_GPIO_Driver.o
 .debug_macro   0x0000000000000000       0x52 Stm32_F103C6_Drivers/MCAL/GPIO/Stm32_F103C6_GPIO_Driver.o
 .debug_macro   0x0000000000000000       0x1f Stm32_F103C6_Drivers/MCAL/GPIO/Stm32_F103C6_GPIO_Driver.o
 .debug_macro   0x0000000000000000       0x43 Stm32_F103C6_Drivers/MCAL/GPIO/Stm32_F103C6_GPIO_Driver.o
 .debug_macro   0x0000000000000000       0x20 Stm32_F103C6_Drivers/MCAL/GPIO/Stm32_F103C6_GPIO_Driver.o
 .debug_macro   0x0000000000000000      0x1a3 Stm32_F103C6_Drivers/MCAL/GPIO/Stm32_F103C6_GPIO_Driver.o
 .debug_macro   0x0000000000000000      0x330 Stm32_F103C6_Drivers/MCAL/GPIO/Stm32_F103C6_GPIO_Driver.o
 .debug_macro   0x0000000000000000       0x16 Stm32_F103C6_Drivers/MCAL/GPIO/Stm32_F103C6_GPIO_Driver.o
 .debug_macro   0x0000000000000000       0x29 Stm32_F103C6_Drivers/MCAL/GPIO/Stm32_F103C6_GPIO_Driver.o
 .debug_macro   0x0000000000000000       0xef Stm32_F103C6_Drivers/MCAL/GPIO/Stm32_F103C6_GPIO_Driver.o
 .debug_macro   0x0000000000000000       0x6a Stm32_F103C6_Drivers/MCAL/GPIO/Stm32_F103C6_GPIO_Driver.o
 .debug_macro   0x0000000000000000      0x1df Stm32_F103C6_Drivers/MCAL/GPIO/Stm32_F103C6_GPIO_Driver.o
 .debug_macro   0x0000000000000000      0x1b0 Stm32_F103C6_Drivers/MCAL/GPIO/Stm32_F103C6_GPIO_Driver.o
 .debug_macro   0x0000000000000000       0xd0 Stm32_F103C6_Drivers/MCAL/GPIO/Stm32_F103C6_GPIO_Driver.o
 .text          0x0000000000000000        0x0 c:/st/stm32cubeide_1.4.0/stm32cubeide/plugins/com.st.stm32cube.ide.mcu.externaltools.gnu-tools-for-stm32.7-2018-q2-update.win32_1.4.0.202007081208/tools/bin/../lib/gcc/arm-none-eabi/7.3.1/../../../../arm-none-eabi/lib/thumb/v7-m\libc_nano.a(lib_a-errno.o)
 .data          0x0000000000000000        0x0 c:/st/stm32cubeide_1.4.0/stm32cubeide/plugins/com.st.stm32cube.ide.mcu.externaltools.gnu-tools-for-stm32.7-2018-q2-update.win32_1.4.0.202007081208/tools/bin/../lib/gcc/arm-none-eabi/7.3.1/../../../../arm-none-eabi/lib/thumb/v7-m\libc_nano.a(lib_a-errno.o)
 .bss           0x0000000000000000        0x0 c:/st/stm32cubeide_1.4.0/stm32cubeide/plugins/com.st.stm32cube.ide.mcu.externaltools.gnu-tools-for-stm32.7-2018-q2-update.win32_1.4.0.202007081208/tools/bin/../lib/gcc/arm-none-eabi/7.3.1/../../../../arm-none-eabi/lib/thumb/v7-m\libc_nano.a(lib_a-errno.o)
 .text.__errno  0x0000000000000000        0xc c:/st/stm32cubeide_1.4.0/stm32cubeide/plugins/com.st.stm32cube.ide.mcu.externaltools.gnu-tools-for-stm32.7-2018-q2-update.win32_1.4.0.202007081208/tools/bin/../lib/gcc/arm-none-eabi/7.3.1/../../../../arm-none-eabi/lib/thumb/v7-m\libc_nano.a(lib_a-errno.o)
 .debug_frame   0x0000000000000000       0x20 c:/st/stm32cubeide_1.4.0/stm32cubeide/plugins/com.st.stm32cube.ide.mcu.externaltools.gnu-tools-for-stm32.7-2018-q2-update.win32_1.4.0.202007081208/tools/bin/../lib/gcc/arm-none-eabi/7.3.1/../../../../arm-none-eabi/lib/thumb/v7-m\libc_nano.a(lib_a-errno.o)
 .ARM.attributes
                0x0000000000000000       0x2d c:/st/stm32cubeide_1.4.0/stm32cubeide/plugins/com.st.stm32cube.ide.mcu.externaltools.gnu-tools-for-stm32.7-2018-q2-update.win32_1.4.0.202007081208/tools/bin/../lib/gcc/arm-none-eabi/7.3.1/../../../../arm-none-eabi/lib/thumb/v7-m\libc_nano.a(lib_a-errno.o)
 .text          0x0000000000000000        0x0 c:/st/stm32cubeide_1.4.0/stm32cubeide/plugins/com.st.stm32cube.ide.mcu.externaltools.gnu-tools-for-stm32.7-2018-q2-update.win32_1.4.0.202007081208/tools/bin/../lib/gcc/arm-none-eabi/7.3.1/../../../../arm-none-eabi/lib/thumb/v7-m\libc_nano.a(lib_a-exit.o)
 .data          0x0000000000000000        0x0 c:/st/stm32cubeide_1.4.0/stm32cubeide/plugins/com.st.stm32cube.ide.mcu.externaltools.gnu-tools-for-stm32.7-2018-q2-update.win32_1.4.0.202007081208/tools/bin/../lib/gcc/arm-none-eabi/7.3.1/../../../../arm-none-eabi/lib/thumb/v7-m\libc_nano.a(lib_a-exit.o)
 .bss           0x0000000000000000        0x0 c:/st/stm32cubeide_1.4.0/stm32cubeide/plugins/com.st.stm32cube.ide.mcu.externaltools.gnu-tools-for-stm32.7-2018-q2-update.win32_1.4.0.202007081208/tools/bin/../lib/gcc/arm-none-eabi/7.3.1/../../../../arm-none-eabi/lib/thumb/v7-m\libc_nano.a(lib_a-exit.o)
 .text.exit     0x0000000000000000       0x28 c:/st/stm32cubeide_1.4.0/stm32cubeide/plugins/com.st.stm32cube.ide.mcu.externaltools.gnu-tools-for-stm32.7-2018-q2-update.win32_1.4.0.202007081208/tools/bin/../lib/gcc/arm-none-eabi/7.3.1/../../../../arm-none-eabi/lib/thumb/v7-m\libc_nano.a(lib_a-exit.o)
 .debug_frame   0x0000000000000000       0x28 c:/st/stm32cubeide_1.4.0/stm32cubeide/plugins/com.st.stm32cube.ide.mcu.externaltools.gnu-tools-for-stm32.7-2018-q2-update.win32_1.4.0.202007081208/tools/bin/../lib/gcc/arm-none-eabi/7.3.1/../../../../arm-none-eabi/lib/thumb/v7-m\libc_nano.a(lib_a-exit.o)
 .ARM.attributes
                0x0000000000000000       0x2d c:/st/stm32cubeide_1.4.0/stm32cubeide/plugins/com.st.stm32cube.ide.mcu.externaltools.gnu-tools-for-stm32.7-2018-q2-update.win32_1.4.0.202007081208/tools/bin/../lib/gcc/arm-none-eabi/7.3.1/../../../../arm-none-eabi/lib/thumb/v7-m\libc_nano.a(lib_a-exit.o)
 .text          0x0000000000000000        0x0 c:/st/stm32cubeide_1.4.0/stm32cubeide/plugins/com.st.stm32cube.ide.mcu.externaltools.gnu-tools-for-stm32.7-2018-q2-update.win32_1.4.0.202007081208/tools/bin/../lib/gcc/arm-none-eabi/7.3.1/../../../../arm-none-eabi/lib/thumb/v7-m\libc_nano.a(lib_a-impure.o)
 .data          0x0000000000000000        0x0 c:/st/stm32cubeide_1.4.0/stm32cubeide/plugins/com.st.stm32cube.ide.mcu.externaltools.gnu-tools-for-stm32.7-2018-q2-update.win32_1.4.0.202007081208/tools/bin/../lib/gcc/arm-none-eabi/7.3.1/../../../../arm-none-eabi/lib/thumb/v7-m\libc_nano.a(lib_a-impure.o)
 .bss           0x0000000000000000        0x0 c:/st/stm32cubeide_1.4.0/stm32cubeide/plugins/com.st.stm32cube.ide.mcu.externaltools.gnu-tools-for-stm32.7-2018-q2-update.win32_1.4.0.202007081208/tools/bin/../lib/gcc/arm-none-eabi/7.3.1/../../../../arm-none-eabi/lib/thumb/v7-m\libc_nano.a(lib_a-impure.o)
 .data._impure_ptr
                0x0000000000000000        0x4 c:/st/stm32cubeide_1.4.0/stm32cubeide/plugins/com.st.stm32cube.ide.mcu.externaltools.gnu-tools-for-stm32.7-2018-q2-update.win32_1.4.0.202007081208/tools/bin/../lib/gcc/arm-none-eabi/7.3.1/../../../../arm-none-eabi/lib/thumb/v7-m\libc_nano.a(lib_a-impure.o)
 .data.impure_data
                0x0000000000000000       0x60 c:/st/stm32cubeide_1.4.0/stm32cubeide/plugins/com.st.stm32cube.ide.mcu.externaltools.gnu-tools-for-stm32.7-2018-q2-update.win32_1.4.0.202007081208/tools/bin/../lib/gcc/arm-none-eabi/7.3.1/../../../../arm-none-eabi/lib/thumb/v7-m\libc_nano.a(lib_a-impure.o)
 .rodata._global_impure_ptr
                0x0000000000000000        0x4 c:/st/stm32cubeide_1.4.0/stm32cubeide/plugins/com.st.stm32cube.ide.mcu.externaltools.gnu-tools-for-stm32.7-2018-q2-update.win32_1.4.0.202007081208/tools/bin/../lib/gcc/arm-none-eabi/7.3.1/../../../../arm-none-eabi/lib/thumb/v7-m\libc_nano.a(lib_a-impure.o)
 .ARM.attributes
                0x0000000000000000       0x2d c:/st/stm32cubeide_1.4.0/stm32cubeide/plugins/com.st.stm32cube.ide.mcu.externaltools.gnu-tools-for-stm32.7-2018-q2-update.win32_1.4.0.202007081208/tools/bin/../lib/gcc/arm-none-eabi/7.3.1/../../../../arm-none-eabi/lib/thumb/v7-m\libc_nano.a(lib_a-impure.o)
 .text          0x0000000000000000        0x0 c:/st/stm32cubeide_1.4.0/stm32cubeide/plugins/com.st.stm32cube.ide.mcu.externaltools.gnu-tools-for-stm32.7-2018-q2-update.win32_1.4.0.202007081208/tools/bin/../lib/gcc/arm-none-eabi/7.3.1/../../../../arm-none-eabi/lib/thumb/v7-m\libc_nano.a(lib_a-init.o)
 .data          0x0000000000000000        0x0 c:/st/stm32cubeide_1.4.0/stm32cubeide/plugins/com.st.stm32cube.ide.mcu.externaltools.gnu-tools-for-stm32.7-2018-q2-update.win32_1.4.0.202007081208/tools/bin/../lib/gcc/arm-none-eabi/7.3.1/../../../../arm-none-eabi/lib/thumb/v7-m\libc_nano.a(lib_a-init.o)
 .bss           0x0000000000000000        0x0 c:/st/stm32cubeide_1.4.0/stm32cubeide/plugins/com.st.stm32cube.ide.mcu.externaltools.gnu-tools-for-stm32.7-2018-q2-update.win32_1.4.0.202007081208/tools/bin/../lib/gcc/arm-none-eabi/7.3.1/../../../../arm-none-eabi/lib/thumb/v7-m\libc_nano.a(lib_a-init.o)
 .text          0x0000000000000000        0x0 c:/st/stm32cubeide_1.4.0/stm32cubeide/plugins/com.st.stm32cube.ide.mcu.externaltools.gnu-tools-for-stm32.7-2018-q2-update.win32_1.4.0.202007081208/tools/bin/../lib/gcc/arm-none-eabi/7.3.1/../../../../arm-none-eabi/lib/thumb/v7-m\libc_nano.a(lib_a-memset.o)
 .data          0x0000000000000000        0x0 c:/st/stm32cubeide_1.4.0/stm32cubeide/plugins/com.st.stm32cube.ide.mcu.externaltools.gnu-tools-for-stm32.7-2018-q2-update.win32_1.4.0.202007081208/tools/bin/../lib/gcc/arm-none-eabi/7.3.1/../../../../arm-none-eabi/lib/thumb/v7-m\libc_nano.a(lib_a-memset.o)
 .bss           0x0000000000000000        0x0 c:/st/stm32cubeide_1.4.0/stm32cubeide/plugins/com.st.stm32cube.ide.mcu.externaltools.gnu-tools-for-stm32.7-2018-q2-update.win32_1.4.0.202007081208/tools/bin/../lib/gcc/arm-none-eabi/7.3.1/../../../../arm-none-eabi/lib/thumb/v7-m\libc_nano.a(lib_a-memset.o)
 .text.memset   0x0000000000000000       0x10 c:/st/stm32cubeide_1.4.0/stm32cubeide/plugins/com.st.stm32cube.ide.mcu.externaltools.gnu-tools-for-stm32.7-2018-q2-update.win32_1.4.0.202007081208/tools/bin/../lib/gcc/arm-none-eabi/7.3.1/../../../../arm-none-eabi/lib/thumb/v7-m\libc_nano.a(lib_a-memset.o)
 .debug_frame   0x0000000000000000       0x20 c:/st/stm32cubeide_1.4.0/stm32cubeide/plugins/com.st.stm32cube.ide.mcu.externaltools.gnu-tools-for-stm32.7-2018-q2-update.win32_1.4.0.202007081208/tools/bin/../lib/gcc/arm-none-eabi/7.3.1/../../../../arm-none-eabi/lib/thumb/v7-m\libc_nano.a(lib_a-memset.o)
 .ARM.attributes
                0x0000000000000000       0x2d c:/st/stm32cubeide_1.4.0/stm32cubeide/plugins/com.st.stm32cube.ide.mcu.externaltools.gnu-tools-for-stm32.7-2018-q2-update.win32_1.4.0.202007081208/tools/bin/../lib/gcc/arm-none-eabi/7.3.1/../../../../arm-none-eabi/lib/thumb/v7-m\libc_nano.a(lib_a-memset.o)
 .text          0x0000000000000000        0x0 c:/st/stm32cubeide_1.4.0/stm32cubeide/plugins/com.st.stm32cube.ide.mcu.externaltools.gnu-tools-for-stm32.7-2018-q2-update.win32_1.4.0.202007081208/tools/bin/../lib/gcc/arm-none-eabi/7.3.1/thumb/v7-m/crtend.o
 .data          0x0000000000000000        0x0 c:/st/stm32cubeide_1.4.0/stm32cubeide/plugins/com.st.stm32cube.ide.mcu.externaltools.gnu-tools-for-stm32.7-2018-q2-update.win32_1.4.0.202007081208/tools/bin/../lib/gcc/arm-none-eabi/7.3.1/thumb/v7-m/crtend.o
 .bss           0x0000000000000000        0x0 c:/st/stm32cubeide_1.4.0/stm32cubeide/plugins/com.st.stm32cube.ide.mcu.externaltools.gnu-tools-for-stm32.7-2018-q2-update.win32_1.4.0.202007081208/tools/bin/../lib/gcc/arm-none-eabi/7.3.1/thumb/v7-m/crtend.o
 .eh_frame      0x0000000000000000        0x4 c:/st/stm32cubeide_1.4.0/stm32cubeide/plugins/com.st.stm32cube.ide.mcu.externaltools.gnu-tools-for-stm32.7-2018-q2-update.win32_1.4.0.202007081208/tools/bin/../lib/gcc/arm-none-eabi/7.3.1/thumb/v7-m/crtend.o
 .ARM.attributes
                0x0000000000000000       0x2d c:/st/stm32cubeide_1.4.0/stm32cubeide/plugins/com.st.stm32cube.ide.mcu.externaltools.gnu-tools-for-stm32.7-2018-q2-update.win32_1.4.0.202007081208/tools/bin/../lib/gcc/arm-none-eabi/7.3.1/thumb/v7-m/crtend.o
 .text          0x0000000000000000        0x0 c:/st/stm32cubeide_1.4.0/stm32cubeide/plugins/com.st.stm32cube.ide.mcu.externaltools.gnu-tools-for-stm32.7-2018-q2-update.win32_1.4.0.202007081208/tools/bin/../lib/gcc/arm-none-eabi/7.3.1/thumb/v7-m/crtn.o
 .data          0x0000000000000000        0x0 c:/st/stm32cubeide_1.4.0/stm32cubeide/plugins/com.st.stm32cube.ide.mcu.externaltools.gnu-tools-for-stm32.7-2018-q2-update.win32_1.4.0.202007081208/tools/bin/../lib/gcc/arm-none-eabi/7.3.1/thumb/v7-m/crtn.o
 .bss           0x0000000000000000        0x0 c:/st/stm32cubeide_1.4.0/stm32cubeide/plugins/com.st.stm32cube.ide.mcu.externaltools.gnu-tools-for-stm32.7-2018-q2-update.win32_1.4.0.202007081208/tools/bin/../lib/gcc/arm-none-eabi/7.3.1/thumb/v7-m/crtn.o

Memory Configuration

Name             Origin             Length             Attributes
RAM              0x0000000020000000 0x0000000000002800 xrw
ROM              0x0000000008000000 0x0000000000008000 xr
*default*        0x0000000000000000 0xffffffffffffffff

Linker script and memory map

LOAD c:/st/stm32cubeide_1.4.0/stm32cubeide/plugins/com.st.stm32cube.ide.mcu.externaltools.gnu-tools-for-stm32.7-2018-q2-update.win32_1.4.0.202007081208/tools/bin/../lib/gcc/arm-none-eabi/7.3.1/thumb/v7-m/crti.o
LOAD c:/st/stm32cubeide_1.4.0/stm32cubeide/plugins/com.st.stm32cube.ide.mcu.externaltools.gnu-tools-for-stm32.7-2018-q2-update.win32_1.4.0.202007081208/tools/bin/../lib/gcc/arm-none-eabi/7.3.1/thumb/v7-m/crtbegin.o
LOAD c:/st/stm32cubeide_1.4.0/stm32cubeide/plugins/com.st.stm32cube.ide.mcu.externaltools.gnu-tools-for-stm32.7-2018-q2-update.win32_1.4.0.202007081208/tools/bin/../lib/gcc/arm-none-eabi/7.3.1/../../../../arm-none-eabi/lib/thumb/v7-m/crt0.o
LOAD Src/main.o
LOAD Src/syscalls.o
LOAD Src/sysmem.o
LOAD Startup/startup_stm32f103c6tx.o
LOAD Stm32_F103C6_Drivers/HAL/KPD_Driver/KPD_program.o
LOAD Stm32_F103C6_Drivers/HAL/LCD_Driver/LCD_program.o
LOAD Stm32_F103C6_Drivers/MCAL/EXTI/Stm32_F103C6_EXTI_Driver.o
LOAD Stm32_F103C6_Drivers/MCAL/GPIO/Stm32_F103C6_GPIO_Driver.o
START GROUP
LOAD c:/st/stm32cubeide_1.4.0/stm32cubeide/plugins/com.st.stm32cube.ide.mcu.externaltools.gnu-tools-for-stm32.7-2018-q2-update.win32_1.4.0.202007081208/tools/bin/../lib/gcc/arm-none-eabi/7.3.1/../../../../arm-none-eabi/lib/thumb/v7-m\libc_nano.a
LOAD c:/st/stm32cubeide_1.4.0/stm32cubeide/plugins/com.st.stm32cube.ide.mcu.externaltools.gnu-tools-for-stm32.7-2018-q2-update.win32_1.4.0.202007081208/tools/bin/../lib/gcc/arm-none-eabi/7.3.1/../../../../arm-none-eabi/lib/thumb/v7-m\libm.a
END GROUP
START GROUP
LOAD c:/st/stm32cubeide_1.4.0/stm32cubeide/plugins/com.st.stm32cube.ide.mcu.externaltools.gnu-tools-for-stm32.7-2018-q2-update.win32_1.4.0.202007081208/tools/bin/../lib/gcc/arm-none-eabi/7.3.1/thumb/v7-m\libgcc.a
LOAD c:/st/stm32cubeide_1.4.0/stm32cubeide/plugins/com.st.stm32cube.ide.mcu.externaltools.gnu-tools-for-stm32.7-2018-q2-update.win32_1.4.0.202007081208/tools/bin/../lib/gcc/arm-none-eabi/7.3.1/../../../../arm-none-eabi/lib/thumb/v7-m\libg_nano.a
LOAD c:/st/stm32cubeide_1.4.0/stm32cubeide/plugins/com.st.stm32cube.ide.mcu.externaltools.gnu-tools-for-stm32.7-2018-q2-update.win32_1.4.0.202007081208/tools/bin/../lib/gcc/arm-none-eabi/7.3.1/../../../../arm-none-eabi/lib/thumb/v7-m\libc_nano.a
END GROUP
START GROUP
LOAD c:/st/stm32cubeide_1.4.0/stm32cubeide/plugins/com.st.stm32cube.ide.mcu.externaltools.gnu-tools-for-stm32.7-2018-q2-update.win32_1.4.0.202007081208/tools/bin/../lib/gcc/arm-none-eabi/7.3.1/thumb/v7-m\libgcc.a
LOAD c:/st/stm32cubeide_1.4.0/stm32cubeide/plugins/com.st.stm32cube.ide.mcu.externaltools.gnu-tools-for-stm32.7-2018-q2-update.win32_1.4.0.202007081208/tools/bin/../lib/gcc/arm-none-eabi/7.3.1/../../../../arm-none-eabi/lib/thumb/v7-m\libc_nano.a
LOAD c:/st/stm32cubeide_1.4.0/stm32cubeide/plugins/com.st.stm32cube.ide.mcu.externaltools.gnu-tools-for-stm32.7-2018-q2-update.win32_1.4.0.202007081208/tools/bin/../lib/gcc/arm-none-eabi/7.3.1/../../../../arm-none-eabi/lib/thumb/v7-m\libnosys.a
END GROUP
START GROUP
LOAD c:/st/stm32cubeide_1.4.0/stm32cubeide/plugins/com.st.stm32cube.ide.mcu.externaltools.gnu-tools-for-stm32.7-2018-q2-update.win32_1.4.0.202007081208/tools/bin/../lib/gcc/arm-none-eabi/7.3.1/thumb/v7-m\libgcc.a
LOAD c:/st/stm32cubeide_1.4.0/stm32cubeide/plugins/com.st.stm32cube.ide.mcu.externaltools.gnu-tools-for-stm32.7-2018-q2-update.win32_1.4.0.202007081208/tools/bin/../lib/gcc/arm-none-eabi/7.3.1/../../../../arm-none-eabi/lib/thumb/v7-m\libc_nano.a
LOAD c:/st/stm32cubeide_1.4.0/stm32cubeide/plugins/com.st.stm32cube.ide.mcu.externaltools.gnu-tools-for-stm32.7-2018-q2-update.win32_1.4.0.202007081208/tools/bin/../lib/gcc/arm-none-eabi/7.3.1/../../../../arm-none-eabi/lib/thumb/v7-m\libnosys.a
END GROUP
LOAD c:/st/stm32cubeide_1.4.0/stm32cubeide/plugins/com.st.stm32cube.ide.mcu.externaltools.gnu-tools-for-stm32.7-2018-q2-update.win32_1.4.0.202007081208/tools/bin/../lib/gcc/arm-none-eabi/7.3.1/thumb/v7-m/crtend.o
LOAD c:/st/stm32cubeide_1.4.0/stm32cubeide/plugins/com.st.stm32cube.ide.mcu.externaltools.gnu-tools-for-stm32.7-2018-q2-update.win32_1.4.0.202007081208/tools/bin/../lib/gcc/arm-none-eabi/7.3.1/thumb/v7-m/crtn.o
                0x0000000020002800                _estack = (ORIGIN (RAM) + LENGTH (RAM))
                0x0000000000000200                _Min_Heap_Size = 0x200
                0x0000000000000400                _Min_Stack_Size = 0x400

.isr_vector     0x0000000008000000      0x130
                0x0000000008000000                . = ALIGN (0x4)
 *(.isr_vector)
 .isr_vector    0x0000000008000000      0x130 Startup/startup_stm32f103c6tx.o
                0x0000000008000000                g_pfnVectors
                0x0000000008000130                . = ALIGN (0x4)

.text           0x0000000008000130      0xda0
                0x0000000008000130                . = ALIGN (0x4)
 *(.text)
 .text          0x0000000008000130       0x40 c:/st/stm32cubeide_1.4.0/stm32cubeide/plugins/com.st.stm32cube.ide.mcu.externaltools.gnu-tools-for-stm32.7-2018-q2-update.win32_1.4.0.202007081208/tools/bin/../lib/gcc/arm-none-eabi/7.3.1/thumb/v7-m/crtbegin.o
 *(.text*)
 .text.clock_init
                0x0000000008000170       0x34 Src/main.o
                0x0000000008000170                clock_init
 .text.GPIO_init
                0x00000000080001a4       0x10 Src/main.o
                0x00000000080001a4                GPIO_init
 .text.wait     0x00000000080001b4       0x38 Src/main.o
                0x00000000080001b4                wait
 .text.EXTI9_CallBack
                0x00000000080001ec       0x24 Src/main.o
                0x00000000080001ec                EXTI9_CallBack
 .text.main     0x0000000008000210       0x58 Src/main.o
                0x0000000008000210                main
 .text.Reset_Handler
                0x0000000008000268       0x50 Startup/startup_stm32f103c6tx.o
                0x0000000008000268                Reset_Handler
 .text.Default_Handler
                0x00000000080002b8        0x2 Startup/startup_stm32f103c6tx.o
                0x00000000080002b8                TIM8_TRG_COM_IRQHandler
                0x00000000080002b8                TIM8_CC_IRQHandler
                0x00000000080002b8                DebugMon_Handler
                0x00000000080002b8                TIM1_CC_IRQHandler
                0x00000000080002b8                HardFault_Handler
                0x00000000080002b8                TIM6_IRQHandler
                0x00000000080002b8                SysTick_Handler
                0x00000000080002b8                PVD_IRQHandler
                0x00000000080002b8                SDIO_IRQHandler
                0x00000000080002b8                PendSV_Handler
                0x00000000080002b8                NMI_Handler
                0x00000000080002b8                USB_HP_CAN_TX_IRQHandler
                0x00000000080002b8                I2C2_EV_IRQHandler
                0x00000000080002b8                UsageFault_Handler
                0x00000000080002b8                ADC1_2_IRQHandler
                0x00000000080002b8                SPI1_IRQHandler
                0x00000000080002b8                CAN_SCE_IRQHandler
                0x00000000080002b8                TAMPER_IRQHandler
                0x00000000080002b8                TIM8_UP_IRQHandler
                0x00000000080002b8                DMA2_Channel2_IRQHandler
                0x00000000080002b8                DMA1_Channel4_IRQHandler
                0x00000000080002b8                USART3_IRQHandler
                0x00000000080002b8                RTC_IRQHandler
                0x00000000080002b8                DMA1_Channel7_IRQHandler
                0x00000000080002b8                UART5_IRQHandler
                0x00000000080002b8                ADC3_IRQHandler
                0x00000000080002b8                TIM4_IRQHandler
                0x00000000080002b8                CAN_RX1_IRQHandler
                0x00000000080002b8                DMA2_Channel1_IRQHandler
                0x00000000080002b8                I2C1_EV_IRQHandler
                0x00000000080002b8                DMA1_Channel6_IRQHandler
                0x00000000080002b8                UART4_IRQHandler
                0x00000000080002b8                TIM3_IRQHandler
                0x00000000080002b8                RCC_IRQHandler
                0x00000000080002b8                TIM1_TRG_COM_IRQHandler
                0x00000000080002b8                DMA1_Channel1_IRQHandler
                0x00000000080002b8                Default_Handler
                0x00000000080002b8                TIM7_IRQHandler
                0x00000000080002b8                TIM5_IRQHandler
                0x00000000080002b8                SPI2_IRQHandler
                0x00000000080002b8                USB_LP_CAN_RX0_IRQHandler
                0x00000000080002b8                MemManage_Handler
                0x00000000080002b8                SVC_Handler
                0x00000000080002b8                DMA1_Channel5_IRQHandler
                0x00000000080002b8                DMA1_Channel3_IRQHandler
                0x00000000080002b8                FSMC_IRQHandler
                0x00000000080002b8                TIM1_UP_IRQHandler
                0x00000000080002b8                WWDG_IRQHandler
                0x00000000080002b8                TIM2_IRQHandler
                0x00000000080002b8                TIM1_BRK_IRQHandler
                0x00000000080002b8                RTCAlarm_IRQHandler
                0x00000000080002b8                DMA2_Channel4_5_IRQHandler
                0x00000000080002b8                USART2_IRQHandler
                0x00000000080002b8                I2C2_ER_IRQHandler
                0x00000000080002b8                DMA1_Channel2_IRQHandler
                0x00000000080002b8                TIM8_BRK_IRQHandler
                0x00000000080002b8                FLASH_IRQHandler
                0x00000000080002b8                BusFault_Handler
                0x00000000080002b8                USART1_IRQHandler
                0x00000000080002b8                SPI3_IRQHandler
                0x00000000080002b8                I2C1_ER_IRQHandler
                0x00000000080002b8                DMA2_Channel3_IRQHandler
 *fill*         0x00000000080002ba        0x2 
 .text.KPD_GPIO_Init
                0x00000000080002bc       0xb4 Stm32_F103C6_Drivers/HAL/KPD_Driver/KPD_program.o
                0x00000000080002bc                KPD_GPIO_Init
 .text.delay_ms
                0x0000000008000370       0x38 Stm32_F103C6_Drivers/HAL/LCD_Driver/LCD_program.o
                0x0000000008000370                delay_ms
 .text.LCD_init
                0x00000000080003a8       0x78 Stm32_F103C6_Drivers/HAL/LCD_Driver/LCD_program.o
                0x00000000080003a8                LCD_init
 .text.LCD_GPIO_Init
                0x0000000008000420       0xb8 Stm32_F103C6_Drivers/HAL/LCD_Driver/LCD_program.o
                0x0000000008000420                LCD_GPIO_Init
 .text.LCD_sendCmnd
                0x00000000080004d8       0x80 Stm32_F103C6_Drivers/HAL/LCD_Driver/LCD_program.o
                0x00000000080004d8                LCD_sendCmnd
 .text.LCD_sendChar
                0x0000000008000558       0x80 Stm32_F103C6_Drivers/HAL/LCD_Driver/LCD_program.o
                0x0000000008000558                LCD_sendChar
 .text.writeHalfPort
                0x00000000080005d8       0xa4 Stm32_F103C6_Drivers/HAL/LCD_Driver/LCD_program.o
 .text.LCD_sendString
                0x000000000800067c       0x3c Stm32_F103C6_Drivers/HAL/LCD_Driver/LCD_program.o
                0x000000000800067c                LCD_sendString
 .text.LCD_clear
                0x00000000080006b8       0x14 Stm32_F103C6_Drivers/HAL/LCD_Driver/LCD_program.o
                0x00000000080006b8                LCD_clear
 .text.Enable_NVIC
                0x00000000080006cc       0xcc Stm32_F103C6_Drivers/MCAL/EXTI/Stm32_F103C6_EXTI_Driver.o
 .text.Disable_NVIC
                0x0000000008000798       0xcc Stm32_F103C6_Drivers/MCAL/EXTI/Stm32_F103C6_EXTI_Driver.o
 .text.Update_EXTI
                0x0000000008000864      0x1e0 Stm32_F103C6_Drivers/MCAL/EXTI/Stm32_F103C6_EXTI_Driver.o
                0x0000000008000864                Update_EXTI
 .text.MCAL_EXTI_GPIO_Init
                0x0000000008000a44       0x16 Stm32_F103C6_Drivers/MCAL/EXTI/Stm32_F103C6_EXTI_Driver.o
                0x0000000008000a44                MCAL_EXTI_GPIO_Init
 *fill*         0x0000000008000a5a        0x2 
 .text.EXTI0_IRQHandler
                0x0000000008000a5c       0x24 Stm32_F103C6_Drivers/MCAL/EXTI/Stm32_F103C6_EXTI_Driver.o
                0x0000000008000a5c                EXTI0_IRQHandler
 .text.EXTI1_IRQHandler
                0x0000000008000a80       0x24 Stm32_F103C6_Drivers/MCAL/EXTI/Stm32_F103C6_EXTI_Driver.o
                0x0000000008000a80                EXTI1_IRQHandler
 .text.EXTI2_IRQHandler
                0x0000000008000aa4       0x24 Stm32_F103C6_Drivers/MCAL/EXTI/Stm32_F103C6_EXTI_Driver.o
                0x0000000008000aa4                EXTI2_IRQHandler
 .text.EXTI3_IRQHandler
                0x0000000008000ac8       0x24 Stm32_F103C6_Drivers/MCAL/EXTI/Stm32_F103C6_EXTI_Driver.o
                0x0000000008000ac8                EXTI3_IRQHandler
 .text.EXTI4_IRQHandler
                0x0000000008000aec       0x24 Stm32_F103C6_Drivers/MCAL/EXTI/Stm32_F103C6_EXTI_Driver.o
                0x0000000008000aec                EXTI4_IRQHandler
 .text.EXTI9_5_IRQHandler
                0x0000000008000b10       0xa8 Stm32_F103C6_Drivers/MCAL/EXTI/Stm32_F103C6_EXTI_Driver.o
                0x0000000008000b10                EXTI9_5_IRQHandler
 .text.EXTI15_10_IRQHandler
                0x0000000008000bb8       0xc4 Stm32_F103C6_Drivers/MCAL/EXTI/Stm32_F103C6_EXTI_Driver.o
                0x0000000008000bb8                EXTI15_10_IRQHandler
 .text.Get_CRLH_Position
                0x0000000008000c7c       0xc6 Stm32_F103C6_Drivers/MCAL/GPIO/Stm32_F103C6_GPIO_Driver.o
                0x0000000008000c7c                Get_CRLH_Position
 .text.MCAL_GPIO_Init
                0x0000000008000d42       0xfe Stm32_F103C6_Drivers/MCAL/GPIO/Stm32_F103C6_GPIO_Driver.o
                0x0000000008000d42                MCAL_GPIO_Init
 .text.MCAL_GPIO_WritePin
                0x0000000008000e40       0x2e Stm32_F103C6_Drivers/MCAL/GPIO/Stm32_F103C6_GPIO_Driver.o
                0x0000000008000e40                MCAL_GPIO_WritePin
 *fill*         0x0000000008000e6e        0x2 
 .text.__libc_init_array
                0x0000000008000e70       0x48 c:/st/stm32cubeide_1.4.0/stm32cubeide/plugins/com.st.stm32cube.ide.mcu.externaltools.gnu-tools-for-stm32.7-2018-q2-update.win32_1.4.0.202007081208/tools/bin/../lib/gcc/arm-none-eabi/7.3.1/../../../../arm-none-eabi/lib/thumb/v7-m\libc_nano.a(lib_a-init.o)
                0x0000000008000e70                __libc_init_array
 *(.glue_7)
 .glue_7        0x0000000008000eb8        0x0 linker stubs
 *(.glue_7t)
 .glue_7t       0x0000000008000eb8        0x0 linker stubs
 *(.eh_frame)
 .eh_frame      0x0000000008000eb8        0x0 c:/st/stm32cubeide_1.4.0/stm32cubeide/plugins/com.st.stm32cube.ide.mcu.externaltools.gnu-tools-for-stm32.7-2018-q2-update.win32_1.4.0.202007081208/tools/bin/../lib/gcc/arm-none-eabi/7.3.1/thumb/v7-m/crtbegin.o
 *(.init)
 .init          0x0000000008000eb8        0x4 c:/st/stm32cubeide_1.4.0/stm32cubeide/plugins/com.st.stm32cube.ide.mcu.externaltools.gnu-tools-for-stm32.7-2018-q2-update.win32_1.4.0.202007081208/tools/bin/../lib/gcc/arm-none-eabi/7.3.1/thumb/v7-m/crti.o
                0x0000000008000eb8                _init
 .init          0x0000000008000ebc        0x8 c:/st/stm32cubeide_1.4.0/stm32cubeide/plugins/com.st.stm32cube.ide.mcu.externaltools.gnu-tools-for-stm32.7-2018-q2-update.win32_1.4.0.202007081208/tools/bin/../lib/gcc/arm-none-eabi/7.3.1/thumb/v7-m/crtn.o
 *(.fini)
 .fini          0x0000000008000ec4        0x4 c:/st/stm32cubeide_1.4.0/stm32cubeide/plugins/com.st.stm32cube.ide.mcu.externaltools.gnu-tools-for-stm32.7-2018-q2-update.win32_1.4.0.202007081208/tools/bin/../lib/gcc/arm-none-eabi/7.3.1/thumb/v7-m/crti.o
                0x0000000008000ec4                _fini
 .fini          0x0000000008000ec8        0x8 c:/st/stm32cubeide_1.4.0/stm32cubeide/plugins/com.st.stm32cube.ide.mcu.externaltools.gnu-tools-for-stm32.7-2018-q2-update.win32_1.4.0.202007081208/tools/bin/../lib/gcc/arm-none-eabi/7.3.1/thumb/v7-m/crtn.o
                0x0000000008000ed0                . = ALIGN (0x4)
                0x0000000008000ed0                _etext = .

.vfp11_veneer   0x0000000008000ed0        0x0
 .vfp11_veneer  0x0000000008000ed0        0x0 linker stubs

.v4_bx          0x0000000008000ed0        0x0
 .v4_bx         0x0000000008000ed0        0x0 linker stubs

.iplt           0x0000000008000ed0        0x0
 .iplt          0x0000000008000ed0        0x0 c:/st/stm32cubeide_1.4.0/stm32cubeide/plugins/com.st.stm32cube.ide.mcu.externaltools.gnu-tools-for-stm32.7-2018-q2-update.win32_1.4.0.202007081208/tools/bin/../lib/gcc/arm-none-eabi/7.3.1/thumb/v7-m/crtbegin.o

.rodata         0x0000000008000ed0       0x1c
                0x0000000008000ed0                . = ALIGN (0x4)
 *(.rodata)
 .rodata        0x0000000008000ed0       0x1c Src/main.o
 *(.rodata*)
                0x0000000008000eec                . = ALIGN (0x4)

.rel.dyn        0x0000000008000eec        0x0
 .rel.iplt      0x0000000008000eec        0x0 c:/st/stm32cubeide_1.4.0/stm32cubeide/plugins/com.st.stm32cube.ide.mcu.externaltools.gnu-tools-for-stm32.7-2018-q2-update.win32_1.4.0.202007081208/tools/bin/../lib/gcc/arm-none-eabi/7.3.1/thumb/v7-m/crtbegin.o

.ARM.extab      0x0000000008000eec        0x0
                0x0000000008000eec                . = ALIGN (0x4)
 *(.ARM.extab* .gnu.linkonce.armextab.*)
                0x0000000008000eec                . = ALIGN (0x4)

.ARM            0x0000000008000eec        0x0
                0x0000000008000eec                . = ALIGN (0x4)
                0x0000000008000eec                __exidx_start = .
 *(.ARM.exidx*)
                0x0000000008000eec                __exidx_end = .
                0x0000000008000eec                . = ALIGN (0x4)

.preinit_array  0x0000000008000eec        0x0
                0x0000000008000eec                . = ALIGN (0x4)
                0x0000000008000eec                PROVIDE (__preinit_array_start = .)
 *(.preinit_array*)
                0x0000000008000eec                PROVIDE (__preinit_array_end = .)
                0x0000000008000eec                . = ALIGN (0x4)

.init_array     0x0000000008000eec        0x4
                0x0000000008000eec                . = ALIGN (0x4)
                0x0000000008000eec                PROVIDE (__init_array_start = .)
 *(SORT_BY_NAME(.init_array.*))
 *(.init_array*)
 .init_array    0x0000000008000eec        0x4 c:/st/stm32cubeide_1.4.0/stm32cubeide/plugins/com.st.stm32cube.ide.mcu.externaltools.gnu-tools-for-stm32.7-2018-q2-update.win32_1.4.0.202007081208/tools/bin/../lib/gcc/arm-none-eabi/7.3.1/thumb/v7-m/crtbegin.o
                0x0000000008000ef0                PROVIDE (__init_array_end = .)
                0x0000000008000ef0                . = ALIGN (0x4)

.fini_array     0x0000000008000ef0        0x4
                0x0000000008000ef0                . = ALIGN (0x4)
                [!provide]                        PROVIDE (__fini_array_start = .)
 *(SORT_BY_NAME(.fini_array.*))
 *(.fini_array*)
 .fini_array    0x0000000008000ef0        0x4 c:/st/stm32cubeide_1.4.0/stm32cubeide/plugins/com.st.stm32cube.ide.mcu.externaltools.gnu-tools-for-stm32.7-2018-q2-update.win32_1.4.0.202007081208/tools/bin/../lib/gcc/arm-none-eabi/7.3.1/thumb/v7-m/crtbegin.o
                [!provide]                        PROVIDE (__fini_array_end = .)
                0x0000000008000ef4                . = ALIGN (0x4)
                0x0000000008000ef4                _sidata = LOADADDR (.data)

.data           0x0000000020000000        0x0 load address 0x0000000008000ef4
                0x0000000020000000                . = ALIGN (0x4)
                0x0000000020000000                _sdata = .
 *(.data)
 *(.data*)
                0x0000000020000000                . = ALIGN (0x4)
                0x0000000020000000                _edata = .

.igot.plt       0x0000000020000000        0x0 load address 0x0000000008000ef4
 .igot.plt      0x0000000020000000        0x0 c:/st/stm32cubeide_1.4.0/stm32cubeide/plugins/com.st.stm32cube.ide.mcu.externaltools.gnu-tools-for-stm32.7-2018-q2-update.win32_1.4.0.202007081208/tools/bin/../lib/gcc/arm-none-eabi/7.3.1/thumb/v7-m/crtbegin.o
                0x0000000020000000                . = ALIGN (0x4)

.bss            0x0000000020000000       0x5c load address 0x0000000008000ef4
                0x0000000020000000                _sbss = .
                0x0000000020000000                __bss_start__ = _sbss
 *(.bss)
 .bss           0x0000000020000000       0x1c c:/st/stm32cubeide_1.4.0/stm32cubeide/plugins/com.st.stm32cube.ide.mcu.externaltools.gnu-tools-for-stm32.7-2018-q2-update.win32_1.4.0.202007081208/tools/bin/../lib/gcc/arm-none-eabi/7.3.1/thumb/v7-m/crtbegin.o
 *(.bss*)
 .bss.IRQ_Flag  0x000000002000001c        0x4 Src/main.o
                0x000000002000001c                IRQ_Flag
 .bss.GP_IRQ_CallBack
                0x0000000020000020       0x3c Stm32_F103C6_Drivers/MCAL/EXTI/Stm32_F103C6_EXTI_Driver.o
 *(COMMON)
                0x000000002000005c                . = ALIGN (0x4)
                0x000000002000005c                _ebss = .
                0x000000002000005c                __bss_end__ = _ebss

._user_heap_stack
                0x000000002000005c      0x604 load address 0x0000000008000ef4
                0x0000000020000060                . = ALIGN (0x8)
 *fill*         0x000000002000005c        0x4 
                [!provide]                        PROVIDE (end = .)
                0x0000000020000060                PROVIDE (_end = .)
                0x0000000020000260                . = (. + _Min_Heap_Size)
 *fill*         0x0000000020000060      0x200 
                0x0000000020000660                . = (. + _Min_Stack_Size)
 *fill*         0x0000000020000260      0x400 
                0x0000000020000660                . = ALIGN (0x8)

/DISCARD/
 libc.a(*)
 libm.a(*)
 libgcc.a(*)

.ARM.attributes
                0x0000000000000000       0x29
 *(.ARM.attributes)
 .ARM.attributes
                0x0000000000000000       0x1d c:/st/stm32cubeide_1.4.0/stm32cubeide/plugins/com.st.stm32cube.ide.mcu.externaltools.gnu-tools-for-stm32.7-2018-q2-update.win32_1.4.0.202007081208/tools/bin/../lib/gcc/arm-none-eabi/7.3.1/thumb/v7-m/crti.o
 .ARM.attributes
                0x000000000000001d       0x2d c:/st/stm32cubeide_1.4.0/stm32cubeide/plugins/com.st.stm32cube.ide.mcu.externaltools.gnu-tools-for-stm32.7-2018-q2-update.win32_1.4.0.202007081208/tools/bin/../lib/gcc/arm-none-eabi/7.3.1/thumb/v7-m/crtbegin.o
 .ARM.attributes
                0x000000000000004a       0x33 Src/main.o
 .ARM.attributes
                0x000000000000007d       0x21 Startup/startup_stm32f103c6tx.o
 .ARM.attributes
                0x000000000000009e       0x33 Stm32_F103C6_Drivers/HAL/KPD_Driver/KPD_program.o
 .ARM.attributes
                0x00000000000000d1       0x33 Stm32_F103C6_Drivers/HAL/LCD_Driver/LCD_program.o
 .ARM.attributes
                0x0000000000000104       0x33 Stm32_F103C6_Drivers/MCAL/EXTI/Stm32_F103C6_EXTI_Driver.o
 .ARM.attributes
                0x0000000000000137       0x33 Stm32_F103C6_Drivers/MCAL/GPIO/Stm32_F103C6_GPIO_Driver.o
 .ARM.attributes
                0x000000000000016a       0x2d c:/st/stm32cubeide_1.4.0/stm32cubeide/plugins/com.st.stm32cube.ide.mcu.externaltools.gnu-tools-for-stm32.7-2018-q2-update.win32_1.4.0.202007081208/tools/bin/../lib/gcc/arm-none-eabi/7.3.1/../../../../arm-none-eabi/lib/thumb/v7-m\libc_nano.a(lib_a-init.o)
 .ARM.attributes
                0x0000000000000197       0x1d c:/st/stm32cubeide_1.4.0/stm32cubeide/plugins/com.st.stm32cube.ide.mcu.externaltools.gnu-tools-for-stm32.7-2018-q2-update.win32_1.4.0.202007081208/tools/bin/../lib/gcc/arm-none-eabi/7.3.1/thumb/v7-m/crtn.o
OUTPUT(Drivers.elf elf32-littlearm)

.debug_info     0x0000000000000000     0x3fbd
 .debug_info    0x0000000000000000      0xc36 Src/main.o
 .debug_info    0x0000000000000c36       0x22 Startup/startup_stm32f103c6tx.o
 .debug_info    0x0000000000000c58      0xb5b Stm32_F103C6_Drivers/HAL/KPD_Driver/KPD_program.o
 .debug_info    0x00000000000017b3      0xcca Stm32_F103C6_Drivers/HAL/LCD_Driver/LCD_program.o
 .debug_info    0x000000000000247d      0xdbc Stm32_F103C6_Drivers/MCAL/EXTI/Stm32_F103C6_EXTI_Driver.o
 .debug_info    0x0000000000003239      0xd84 Stm32_F103C6_Drivers/MCAL/GPIO/Stm32_F103C6_GPIO_Driver.o

.debug_abbrev   0x0000000000000000      0xa56
 .debug_abbrev  0x0000000000000000      0x20e Src/main.o
 .debug_abbrev  0x000000000000020e       0x12 Startup/startup_stm32f103c6tx.o
 .debug_abbrev  0x0000000000000220      0x1ad Stm32_F103C6_Drivers/HAL/KPD_Driver/KPD_program.o
 .debug_abbrev  0x00000000000003cd      0x25c Stm32_F103C6_Drivers/HAL/LCD_Driver/LCD_program.o
 .debug_abbrev  0x0000000000000629      0x1fb Stm32_F103C6_Drivers/MCAL/EXTI/Stm32_F103C6_EXTI_Driver.o
 .debug_abbrev  0x0000000000000824      0x232 Stm32_F103C6_Drivers/MCAL/GPIO/Stm32_F103C6_GPIO_Driver.o

.debug_loc      0x0000000000000000      0xc2c
 .debug_loc     0x0000000000000000      0x130 Src/main.o
 .debug_loc     0x0000000000000130       0xa0 Stm32_F103C6_Drivers/HAL/KPD_Driver/KPD_program.o
 .debug_loc     0x00000000000001d0      0x3b0 Stm32_F103C6_Drivers/HAL/LCD_Driver/LCD_program.o
 .debug_loc     0x0000000000000580      0x320 Stm32_F103C6_Drivers/MCAL/EXTI/Stm32_F103C6_EXTI_Driver.o
 .debug_loc     0x00000000000008a0      0x38c Stm32_F103C6_Drivers/MCAL/GPIO/Stm32_F103C6_GPIO_Driver.o

.debug_aranges  0x0000000000000000      0x1f8
 .debug_aranges
                0x0000000000000000       0x40 Src/main.o
 .debug_aranges
                0x0000000000000040       0x28 Startup/startup_stm32f103c6tx.o
 .debug_aranges
                0x0000000000000068       0x28 Stm32_F103C6_Drivers/HAL/KPD_Driver/KPD_program.o
 .debug_aranges
                0x0000000000000090       0x80 Stm32_F103C6_Drivers/HAL/LCD_Driver/LCD_program.o
 .debug_aranges
                0x0000000000000110       0x80 Stm32_F103C6_Drivers/MCAL/EXTI/Stm32_F103C6_EXTI_Driver.o
 .debug_aranges
                0x0000000000000190       0x68 Stm32_F103C6_Drivers/MCAL/GPIO/Stm32_F103C6_GPIO_Driver.o

.debug_ranges   0x0000000000000000      0x1b8
 .debug_ranges  0x0000000000000000       0x30 Src/main.o
 .debug_ranges  0x0000000000000030       0x20 Startup/startup_stm32f103c6tx.o
 .debug_ranges  0x0000000000000050       0x30 Stm32_F103C6_Drivers/HAL/KPD_Driver/KPD_program.o
 .debug_ranges  0x0000000000000080       0x70 Stm32_F103C6_Drivers/HAL/LCD_Driver/LCD_program.o
 .debug_ranges  0x00000000000000f0       0x70 Stm32_F103C6_Drivers/MCAL/EXTI/Stm32_F103C6_EXTI_Driver.o
 .debug_ranges  0x0000000000000160       0x58 Stm32_F103C6_Drivers/MCAL/GPIO/Stm32_F103C6_GPIO_Driver.o

.debug_macro    0x0000000000000000     0x265d
 .debug_macro   0x0000000000000000      0x16c Src/main.o
 .debug_macro   0x000000000000016c      0xa60 Src/main.o
 .debug_macro   0x0000000000000bcc       0x18 Src/main.o
 .debug_macro   0x0000000000000be4       0x22 Src/main.o
 .debug_macro   0x0000000000000c06       0x40 Src/main.o
 .debug_macro   0x0000000000000c46       0x94 Src/main.o
 .debug_macro   0x0000000000000cda       0x3c Src/main.o
 .debug_macro   0x0000000000000d16       0x34 Src/main.o
 .debug_macro   0x0000000000000d4a       0x16 Src/main.o
 .debug_macro   0x0000000000000d60      0x10e Src/main.o
 .debug_macro   0x0000000000000e6e       0x8d Src/main.o
 .debug_macro   0x0000000000000efb       0x57 Src/main.o
 .debug_macro   0x0000000000000f52       0x52 Src/main.o
 .debug_macro   0x0000000000000fa4       0x1f Src/main.o
 .debug_macro   0x0000000000000fc3       0x43 Src/main.o
 .debug_macro   0x0000000000001006       0x20 Src/main.o
 .debug_macro   0x0000000000001026      0x1a3 Src/main.o
 .debug_macro   0x00000000000011c9      0x330 Src/main.o
 .debug_macro   0x00000000000014f9       0x16 Src/main.o
 .debug_macro   0x000000000000150f       0x29 Src/main.o
 .debug_macro   0x0000000000001538       0xef Src/main.o
 .debug_macro   0x0000000000001627       0x6a Src/main.o
 .debug_macro   0x0000000000001691      0x1df Src/main.o
 .debug_macro   0x0000000000001870      0x1b0 Src/main.o
 .debug_macro   0x0000000000001a20       0xd0 Src/main.o
 .debug_macro   0x0000000000001af0      0x229 Src/main.o
 .debug_macro   0x0000000000001d19       0x2e Src/main.o
 .debug_macro   0x0000000000001d47       0x6a Src/main.o
 .debug_macro   0x0000000000001db1       0x10 Src/main.o
 .debug_macro   0x0000000000001dc1       0x4c Src/main.o
 .debug_macro   0x0000000000001e0d      0x154 Stm32_F103C6_Drivers/HAL/KPD_Driver/KPD_program.o
 .debug_macro   0x0000000000001f61       0x22 Stm32_F103C6_Drivers/HAL/KPD_Driver/KPD_program.o
 .debug_macro   0x0000000000001f83       0xd6 Stm32_F103C6_Drivers/HAL/KPD_Driver/KPD_program.o
 .debug_macro   0x0000000000002059      0x154 Stm32_F103C6_Drivers/HAL/LCD_Driver/LCD_program.o
 .debug_macro   0x00000000000021ad      0x14e Stm32_F103C6_Drivers/MCAL/EXTI/Stm32_F103C6_EXTI_Driver.o
 .debug_macro   0x00000000000022fb      0x223 Stm32_F103C6_Drivers/MCAL/EXTI/Stm32_F103C6_EXTI_Driver.o
 .debug_macro   0x000000000000251e      0x13f Stm32_F103C6_Drivers/MCAL/GPIO/Stm32_F103C6_GPIO_Driver.o

.debug_line     0x0000000000000000     0x244d
 .debug_line    0x0000000000000000      0x774 Src/main.o
 .debug_line    0x0000000000000774       0x84 Startup/startup_stm32f103c6tx.o
 .debug_line    0x00000000000007f8      0x65d Stm32_F103C6_Drivers/HAL/KPD_Driver/KPD_program.o
 .debug_line    0x0000000000000e55      0x7b6 Stm32_F103C6_Drivers/HAL/LCD_Driver/LCD_program.o
 .debug_line    0x000000000000160b      0x7a0 Stm32_F103C6_Drivers/MCAL/EXTI/Stm32_F103C6_EXTI_Driver.o
 .debug_line    0x0000000000001dab      0x6a2 Stm32_F103C6_Drivers/MCAL/GPIO/Stm32_F103C6_GPIO_Driver.o

.debug_str      0x0000000000000000     0x963f
 .debug_str     0x0000000000000000     0x9010 Src/main.o
                                       0x9280 (size before relaxing)
 .debug_str     0x0000000000009010       0x31 Startup/startup_stm32f103c6tx.o
                                         0x6b (size before relaxing)
 .debug_str     0x0000000000009041      0x197 Stm32_F103C6_Drivers/HAL/KPD_Driver/KPD_program.o
                                       0x7ea2 (size before relaxing)
 .debug_str     0x00000000000091d8      0x126 Stm32_F103C6_Drivers/HAL/LCD_Driver/LCD_program.o
                                       0x7fa4 (size before relaxing)
 .debug_str     0x00000000000092fe      0x207 Stm32_F103C6_Drivers/MCAL/EXTI/Stm32_F103C6_EXTI_Driver.o
                                       0x9108 (size before relaxing)
 .debug_str     0x0000000000009505      0x13a Stm32_F103C6_Drivers/MCAL/GPIO/Stm32_F103C6_GPIO_Driver.o
                                       0x7d64 (size before relaxing)

.comment        0x0000000000000000       0x7b
 .comment       0x0000000000000000       0x7b Src/main.o
                                         0x7c (size before relaxing)
 .comment       0x000000000000007b       0x7c Stm32_F103C6_Drivers/HAL/KPD_Driver/KPD_program.o
 .comment       0x000000000000007b       0x7c Stm32_F103C6_Drivers/HAL/LCD_Driver/LCD_program.o
 .comment       0x000000000000007b       0x7c Stm32_F103C6_Drivers/MCAL/EXTI/Stm32_F103C6_EXTI_Driver.o
 .comment       0x000000000000007b       0x7c Stm32_F103C6_Drivers/MCAL/GPIO/Stm32_F103C6_GPIO_Driver.o

.debug_frame    0x0000000000000000      0x658
 .debug_frame   0x0000000000000000       0xb0 Src/main.o
 .debug_frame   0x00000000000000b0       0x5c Stm32_F103C6_Drivers/HAL/KPD_Driver/KPD_program.o
 .debug_frame   0x000000000000010c      0x1d0 Stm32_F103C6_Drivers/HAL/LCD_Driver/LCD_program.o
 .debug_frame   0x00000000000002dc      0x1b0 Stm32_F103C6_Drivers/MCAL/EXTI/Stm32_F103C6_EXTI_Driver.o
 .debug_frame   0x000000000000048c      0x1a0 Stm32_F103C6_Drivers/MCAL/GPIO/Stm32_F103C6_GPIO_Driver.o
 .debug_frame   0x000000000000062c       0x2c c:/st/stm32cubeide_1.4.0/stm32cubeide/plugins/com.st.stm32cube.ide.mcu.externaltools.gnu-tools-for-stm32.7-2018-q2-update.win32_1.4.0.202007081208/tools/bin/../lib/gcc/arm-none-eabi/7.3.1/../../../../arm-none-eabi/lib/thumb/v7-m\libc_nano.a(lib_a-init.o)
